04-10 11:36:44.503 D/dalvikvm(  449): GC_CONCURRENT freed 8074K, 4% free 225174K/233376K, paused 4ms+69ms, total 324ms
04-10 11:36:51.203 D/dalvikvm( 1546): GC_CONCURRENT freed 838K, 54% free 5671K/12260K, paused 1ms+2ms, total 12ms
04-10 11:37:02.533 D/dalvikvm( 1546): GC_CONCURRENT freed 841K, 54% free 5672K/12260K, paused 3ms+1ms, total 13ms
04-10 11:37:13.903 D/dalvikvm( 1546): GC_CONCURRENT freed 862K, 54% free 5647K/12260K, paused 1ms+1ms, total 11ms
04-10 11:37:25.263 D/dalvikvm( 1546): GC_CONCURRENT freed 838K, 54% free 5646K/12260K, paused 1ms+1ms, total 13ms
04-10 11:37:36.613 D/dalvikvm( 1546): GC_CONCURRENT freed 817K, 54% free 5671K/12260K, paused 1ms+1ms, total 11ms
04-10 11:37:46.543 D/dalvikvm(  449): GC_CONCURRENT freed 8075K, 4% free 225174K/233376K, paused 4ms+79ms, total 361ms
04-10 11:37:47.943 D/dalvikvm( 1546): GC_CONCURRENT freed 854K, 54% free 5655K/12260K, paused 0ms+1ms, total 9ms
04-10 11:37:59.293 D/dalvikvm( 1546): GC_CONCURRENT freed 839K, 54% free 5655K/12260K, paused 1ms+2ms, total 12ms
04-10 11:38:10.613 D/dalvikvm( 1546): GC_CONCURRENT freed 840K, 54% free 5657K/12260K, paused 1ms+7ms, total 20ms
04-10 11:38:21.933 D/dalvikvm( 1546): GC_CONCURRENT freed 849K, 54% free 5646K/12260K, paused 1ms+1ms, total 12ms
04-10 11:38:33.293 D/dalvikvm( 1546): GC_CONCURRENT freed 813K, 54% free 5671K/12260K, paused 1ms+1ms, total 11ms
04-10 11:38:44.663 D/dalvikvm( 1546): GC_CONCURRENT freed 841K, 54% free 5672K/12260K, paused 1ms+1ms, total 13ms
04-10 11:38:48.533 D/dalvikvm(  449): GC_CONCURRENT freed 8075K, 4% free 225174K/233376K, paused 4ms+71ms, total 351ms
04-10 11:38:55.973 D/dalvikvm( 1546): GC_CONCURRENT freed 863K, 54% free 5647K/12260K, paused 1ms+2ms, total 14ms
04-10 11:39:07.323 D/dalvikvm( 1546): GC_CONCURRENT freed 830K, 54% free 5655K/12260K, paused 0ms+1ms, total 12ms
04-10 11:39:18.653 D/dalvikvm( 1546): GC_CONCURRENT freed 847K, 54% free 5646K/12260K, paused 1ms+2ms, total 13ms
04-10 11:39:29.983 D/dalvikvm( 1546): GC_CONCURRENT freed 818K, 54% free 5672K/12260K, paused 3ms+1ms, total 15ms
04-10 11:39:41.373 D/dalvikvm( 1546): GC_CONCURRENT freed 865K, 54% free 5646K/12260K, paused 1ms+1ms, total 11ms
04-10 11:39:50.533 D/dalvikvm(  449): GC_CONCURRENT freed 8075K, 4% free 225174K/233376K, paused 3ms+68ms, total 327ms
04-10 11:39:52.723 D/dalvikvm( 1546): GC_CONCURRENT freed 814K, 54% free 5671K/12260K, paused 3ms+1ms, total 13ms
04-10 11:40:00.013 I/ProcessStatsService(  278): Prepared write state in 1ms
04-10 11:40:04.053 D/dalvikvm( 1546): GC_CONCURRENT freed 865K, 54% free 5648K/12260K, paused 3ms+1ms, total 13ms
04-10 11:40:15.423 D/dalvikvm( 1546): GC_CONCURRENT freed 840K, 54% free 5646K/12260K, paused 2ms+1ms, total 12ms
04-10 11:40:26.733 D/dalvikvm( 1546): GC_CONCURRENT freed 827K, 54% free 5656K/12260K, paused 2ms+14ms, total 26ms
04-10 11:40:38.033 D/dalvikvm( 1546): GC_CONCURRENT freed 827K, 54% free 5672K/12260K, paused 3ms+2ms, total 15ms
04-10 11:40:49.373 D/dalvikvm( 1546): GC_CONCURRENT freed 855K, 54% free 5655K/12260K, paused 3ms+1ms, total 15ms
04-10 11:40:52.633 D/dalvikvm(  449): GC_CONCURRENT freed 8076K, 4% free 225174K/233376K, paused 7ms+92ms, total 451ms
04-10 11:41:00.713 D/dalvikvm( 1546): GC_CONCURRENT freed 838K, 54% free 5655K/12260K, paused 0ms+1ms, total 12ms
04-10 11:41:12.033 D/dalvikvm( 1546): GC_CONCURRENT freed 826K, 54% free 5672K/12260K, paused 2ms+2ms, total 18ms
04-10 11:41:23.383 D/dalvikvm( 1546): GC_CONCURRENT freed 854K, 54% free 5655K/12260K, paused 3ms+1ms, total 12ms
04-10 11:41:29.383 D/ConnectivityService(  278): Sampling interval elapsed, updating statistics ..
04-10 11:41:29.393 D/ConnectivityService(  278): Done.
04-10 11:41:29.393 D/ConnectivityService(  278): Setting timer for 720seconds
04-10 11:41:34.723 D/dalvikvm( 1546): GC_CONCURRENT freed 839K, 54% free 5655K/12260K, paused 3ms+1ms, total 18ms
04-10 11:41:46.033 D/dalvikvm( 1546): GC_CONCURRENT freed 850K, 54% free 5646K/12260K, paused 1ms+1ms, total 13ms
04-10 11:41:54.523 D/dalvikvm(  449): GC_CONCURRENT freed 8074K, 4% free 225174K/233376K, paused 5ms+75ms, total 347ms
04-10 11:41:57.363 D/dalvikvm( 1546): GC_CONCURRENT freed 837K, 54% free 5647K/12260K, paused 1ms+1ms, total 12ms
04-10 11:42:08.713 D/dalvikvm( 1546): GC_CONCURRENT freed 838K, 54% free 5646K/12260K, paused 1ms+2ms, total 11ms
04-10 11:42:16.983 D/dalvikvm(  278): GC_CONCURRENT freed 3789K, 28% free 18487K/25508K, paused 2ms+4ms, total 66ms
04-10 11:42:20.063 D/dalvikvm( 1546): GC_CONCURRENT freed 814K, 54% free 5671K/12260K, paused 1ms+1ms, total 11ms
04-10 11:42:31.393 D/dalvikvm( 1546): GC_CONCURRENT freed 858K, 54% free 5656K/12260K, paused 2ms+2ms, total 13ms
04-10 11:42:42.773 D/dalvikvm( 1546): GC_CONCURRENT freed 823K, 54% free 5671K/12260K, paused 1ms+2ms, total 14ms
04-10 11:42:54.073 D/dalvikvm( 1546): GC_CONCURRENT freed 854K, 54% free 5655K/12260K, paused 1ms+1ms, total 10ms
04-10 11:42:56.623 D/dalvikvm(  449): GC_CONCURRENT freed 8075K, 4% free 225174K/233376K, paused 6ms+74ms, total 370ms
04-10 11:43:05.513 D/dalvikvm( 1546): GC_CONCURRENT freed 850K, 54% free 5647K/12260K, paused 1ms+2ms, total 14ms
04-10 11:43:16.903 D/dalvikvm( 1546): GC_CONCURRENT freed 815K, 54% free 5671K/12260K, paused 2ms+2ms, total 13ms
04-10 11:43:28.293 D/dalvikvm( 1546): GC_CONCURRENT freed 857K, 54% free 5655K/12260K, paused 3ms+2ms, total 20ms
04-10 11:43:39.673 D/dalvikvm( 1546): GC_CONCURRENT freed 848K, 54% free 5646K/12260K, paused 1ms+1ms, total 11ms
04-10 11:43:51.033 D/dalvikvm( 1546): GC_CONCURRENT freed 813K, 54% free 5671K/12260K, paused 2ms+1ms, total 12ms
04-10 11:43:58.523 D/dalvikvm(  449): GC_CONCURRENT freed 8075K, 4% free 225174K/233376K, paused 6ms+68ms, total 349ms
04-10 11:44:02.503 D/dalvikvm( 1546): GC_CONCURRENT freed 841K, 54% free 5672K/12260K, paused 1ms+2ms, total 12ms
04-10 11:44:13.823 D/dalvikvm( 1546): GC_CONCURRENT freed 864K, 54% free 5646K/12260K, paused 1ms+0ms, total 16ms
04-10 11:44:25.183 D/dalvikvm( 1546): GC_CONCURRENT freed 838K, 54% free 5646K/12260K, paused 1ms+2ms, total 11ms
04-10 11:44:36.543 D/dalvikvm( 1546): GC_CONCURRENT freed 841K, 54% free 5646K/12260K, paused 0ms+2ms, total 11ms
04-10 11:44:47.893 D/dalvikvm( 1546): GC_CONCURRENT freed 838K, 54% free 5646K/12260K, paused 0ms+2ms, total 13ms
04-10 11:44:59.253 D/dalvikvm( 1546): GC_CONCURRENT freed 814K, 54% free 5671K/12260K, paused 6ms+2ms, total 17ms
04-10 11:45:00.653 D/dalvikvm(  449): GC_CONCURRENT freed 8076K, 4% free 225174K/233376K, paused 9ms+102ms, total 464ms
04-10 11:45:10.593 D/dalvikvm( 1546): GC_CONCURRENT freed 857K, 54% free 5656K/12260K, paused 0ms+1ms, total 10ms
04-10 11:45:21.943 D/dalvikvm( 1546): GC_CONCURRENT freed 848K, 54% free 5647K/12260K, paused 3ms+2ms, total 14ms
04-10 11:45:33.303 D/dalvikvm( 1546): GC_CONCURRENT freed 839K, 54% free 5647K/12260K, paused 1ms+1ms, total 12ms
04-10 11:45:44.613 D/dalvikvm( 1546): GC_CONCURRENT freed 817K, 54% free 5671K/12260K, paused 2ms+1ms, total 15ms
04-10 11:45:55.933 D/dalvikvm( 1546): GC_CONCURRENT freed 855K, 54% free 5655K/12260K, paused 2ms+2ms, total 14ms
04-10 11:46:02.523 D/dalvikvm(  449): GC_CONCURRENT freed 8074K, 4% free 225174K/233376K, paused 5ms+71ms, total 337ms
04-10 11:46:07.263 D/dalvikvm( 1546): GC_CONCURRENT freed 821K, 54% free 5671K/12260K, paused 1ms+2ms, total 13ms
04-10 11:46:18.603 D/dalvikvm( 1546): GC_CONCURRENT freed 858K, 54% free 5655K/12260K, paused 3ms+1ms, total 14ms
04-10 11:46:29.903 D/dalvikvm( 1546): GC_CONCURRENT freed 838K, 54% free 5655K/12260K, paused 0ms+1ms, total 12ms
04-10 11:46:41.243 D/dalvikvm( 1546): GC_CONCURRENT freed 847K, 54% free 5647K/12260K, paused 2ms+2ms, total 13ms
04-10 11:46:52.583 D/dalvikvm( 1546): GC_CONCURRENT freed 839K, 54% free 5647K/12260K, paused 1ms+1ms, total 10ms
04-10 11:47:03.903 D/dalvikvm( 1546): GC_CONCURRENT freed 817K, 54% free 5671K/12260K, paused 1ms+2ms, total 12ms
04-10 11:47:04.523 D/dalvikvm(  449): GC_CONCURRENT freed 8075K, 4% free 225174K/233376K, paused 4ms+78ms, total 341ms
04-10 11:47:15.273 D/dalvikvm( 1546): GC_CONCURRENT freed 864K, 54% free 5646K/12260K, paused 1ms+1ms, total 12ms
04-10 11:47:26.633 D/dalvikvm( 1546): GC_CONCURRENT freed 813K, 54% free 5671K/12260K, paused 2ms+1ms, total 20ms
04-10 11:47:37.933 D/dalvikvm( 1546): GC_CONCURRENT freed 866K, 54% free 5648K/12260K, paused 1ms+1ms, total 11ms
04-10 11:47:49.273 D/dalvikvm( 1546): GC_CONCURRENT freed 840K, 54% free 5646K/12260K, paused 1ms+2ms, total 12ms
04-10 11:48:00.613 D/dalvikvm( 1546): GC_CONCURRENT freed 829K, 54% free 5655K/12260K, paused 1ms+1ms, total 11ms
04-10 11:48:06.693 D/dalvikvm(  449): GC_CONCURRENT freed 8076K, 4% free 225174K/233376K, paused 8ms+92ms, total 464ms
04-10 11:48:11.943 D/dalvikvm( 1546): GC_CONCURRENT freed 826K, 54% free 5672K/12260K, paused 1ms+2ms, total 16ms
04-10 11:48:23.253 D/dalvikvm( 1546): GC_CONCURRENT freed 854K, 54% free 5655K/12260K, paused 0ms+1ms, total 11ms
04-10 11:48:34.603 D/dalvikvm( 1546): GC_CONCURRENT freed 847K, 54% free 5646K/12260K, paused 1ms+0ms, total 10ms
04-10 11:48:45.943 D/dalvikvm( 1546): GC_CONCURRENT freed 816K, 54% free 5672K/12260K, paused 5ms+1ms, total 15ms
04-10 11:48:57.323 D/dalvikvm( 1546): GC_CONCURRENT freed 855K, 54% free 5655K/12260K, paused 4ms+1ms, total 15ms
04-10 11:49:08.483 D/dalvikvm(  449): GC_CONCURRENT freed 8073K, 4% free 225174K/233376K, paused 4ms+66ms, total 318ms
04-10 11:49:08.693 D/dalvikvm( 1546): GC_CONCURRENT freed 846K, 54% free 5646K/12260K, paused 0ms+1ms, total 9ms
04-10 11:49:20.053 D/dalvikvm( 1546): GC_CONCURRENT freed 841K, 54% free 5647K/12260K, paused 1ms+1ms, total 11ms
04-10 11:49:31.413 D/dalvikvm( 1546): GC_CONCURRENT freed 838K, 54% free 5647K/12260K, paused 3ms+1ms, total 15ms
04-10 11:49:42.743 D/dalvikvm( 1546): GC_CONCURRENT freed 838K, 54% free 5646K/12260K, paused 1ms+1ms, total 10ms
04-10 11:49:54.143 D/dalvikvm( 1546): GC_CONCURRENT freed 842K, 54% free 5646K/12260K, paused 1ms+2ms, total 13ms
04-10 11:50:05.533 D/dalvikvm( 1546): GC_CONCURRENT freed 837K, 54% free 5647K/12260K, paused 3ms+1ms, total 16ms
04-10 11:50:10.783 D/dalvikvm(  449): GC_CONCURRENT freed 8076K, 4% free 225174K/233376K, paused 7ms+120ms, total 550ms
04-10 11:50:16.843 D/dalvikvm( 1546): GC_CONCURRENT freed 828K, 54% free 5656K/12260K, paused 2ms+1ms, total 15ms
04-10 11:50:28.173 D/dalvikvm( 1546): GC_CONCURRENT freed 851K, 54% free 5646K/12260K, paused 1ms+2ms, total 11ms
04-10 11:50:39.503 D/dalvikvm( 1546): GC_CONCURRENT freed 838K, 54% free 5646K/12260K, paused 1ms+3ms, total 13ms
04-10 11:50:50.843 D/dalvikvm( 1546): GC_CONCURRENT freed 828K, 54% free 5655K/12260K, paused 1ms+2ms, total 12ms
04-10 11:51:02.223 D/dalvikvm( 1546): GC_CONCURRENT freed 826K, 54% free 5671K/12260K, paused 1ms+2ms, total 20ms
04-10 11:51:12.483 D/dalvikvm(  449): GC_CONCURRENT freed 8073K, 4% free 225174K/233376K, paused 5ms+65ms, total 316ms
04-10 11:51:13.553 D/dalvikvm( 1546): GC_CONCURRENT freed 862K, 54% free 5647K/12260K, paused 1ms+1ms, total 12ms
04-10 11:51:24.923 D/dalvikvm( 1546): GC_CONCURRENT freed 811K, 54% free 5671K/12260K, paused 3ms+1ms, total 13ms
04-10 11:51:36.313 D/dalvikvm( 1546): GC_CONCURRENT freed 868K, 54% free 5647K/12260K, paused 0ms+1ms, total 15ms
04-10 11:51:47.613 D/dalvikvm( 1546): GC_CONCURRENT freed 837K, 54% free 5647K/12260K, paused 1ms+1ms, total 15ms
04-10 11:51:58.933 D/dalvikvm( 1546): GC_CONCURRENT freed 828K, 54% free 5657K/12260K, paused 2ms+1ms, total 13ms
04-10 11:52:10.293 D/dalvikvm( 1546): GC_CONCURRENT freed 841K, 54% free 5657K/12260K, paused 2ms+1ms, total 14ms
04-10 11:52:14.513 D/dalvikvm(  449): GC_CONCURRENT freed 8075K, 4% free 225174K/233376K, paused 4ms+70ms, total 328ms
04-10 11:52:21.603 D/dalvikvm( 1546): GC_CONCURRENT freed 847K, 54% free 5648K/12260K, paused 1ms+1ms, total 10ms
04-10 11:52:32.933 D/dalvikvm( 1546): GC_CONCURRENT freed 840K, 54% free 5646K/12260K, paused 1ms+2ms, total 14ms
04-10 11:52:44.253 D/dalvikvm( 1546): GC_CONCURRENT freed 837K, 54% free 5646K/12260K, paused 0ms+1ms, total 11ms
04-10 11:52:53.503 D/dalvikvm(  278): GC_CONCURRENT freed 3797K, 28% free 18484K/25508K, paused 3ms+3ms, total 39ms
04-10 11:52:55.553 D/dalvikvm( 1546): GC_CONCURRENT freed 841K, 54% free 5647K/12260K, paused 1ms+1ms, total 10ms
04-10 11:53:06.873 D/dalvikvm( 1546): GC_CONCURRENT freed 838K, 54% free 5646K/12260K, paused 1ms+2ms, total 10ms
04-10 11:53:16.573 D/dalvikvm(  449): GC_CONCURRENT freed 8075K, 4% free 225174K/233376K, paused 7ms+64ms, total 354ms
04-10 11:53:18.213 D/dalvikvm( 1546): GC_CONCURRENT freed 828K, 54% free 5657K/12260K, paused 0ms+1ms, total 14ms
04-10 11:53:29.403 D/ConnectivityService(  278): Sampling interval elapsed, updating statistics ..
04-10 11:53:29.403 D/ConnectivityService(  278): Done.
04-10 11:53:29.403 D/ConnectivityService(  278): Setting timer for 720seconds
04-10 11:53:29.553 D/dalvikvm( 1546): GC_CONCURRENT freed 851K, 54% free 5646K/12260K, paused 2ms+1ms, total 14ms
04-10 11:53:40.843 D/dalvikvm( 1546): GC_CONCURRENT freed 813K, 54% free 5671K/12260K, paused 0ms+2ms, total 14ms
04-10 11:53:52.183 D/dalvikvm( 1546): GC_CONCURRENT freed 863K, 54% free 5646K/12260K, paused 1ms+2ms, total 11ms
04-10 11:54:03.553 D/dalvikvm( 1546): GC_CONCURRENT freed 841K, 54% free 5647K/12260K, paused 1ms+2ms, total 12ms
04-10 11:54:14.923 D/dalvikvm( 1546): GC_CONCURRENT freed 840K, 54% free 5646K/12260K, paused 1ms+1ms, total 12ms
04-10 11:54:18.503 D/dalvikvm(  449): GC_CONCURRENT freed 8074K, 4% free 225174K/233376K, paused 3ms+71ms, total 327ms
04-10 11:54:26.293 D/dalvikvm( 1546): GC_CONCURRENT freed 784K, 54% free 5699K/12260K, paused 4ms+2ms, total 15ms
04-10 11:54:37.623 D/dalvikvm( 1546): GC_CONCURRENT freed 869K, 54% free 5672K/12260K, paused 3ms+2ms, total 14ms
04-10 11:54:48.973 D/dalvikvm( 1546): GC_CONCURRENT freed 854K, 54% free 5655K/12260K, paused 2ms+1ms, total 12ms
04-10 11:55:00.393 D/dalvikvm( 1546): GC_CONCURRENT freed 822K, 54% free 5671K/12260K, paused 14ms+4ms, total 39ms
04-10 11:55:11.703 D/dalvikvm( 1546): GC_CONCURRENT freed 841K, 54% free 5672K/12260K, paused 1ms+1ms, total 10ms
04-10 11:55:20.593 D/dalvikvm(  449): GC_CONCURRENT freed 8074K, 4% free 225174K/233376K, paused 6ms+75ms, total 379ms
04-10 11:55:23.123 D/dalvikvm( 1546): GC_CONCURRENT freed 855K, 54% free 5655K/12260K, paused 5ms+1ms, total 37ms
04-10 11:55:34.463 D/dalvikvm( 1546): GC_CONCURRENT freed 845K, 54% free 5647K/12260K, paused 2ms+2ms, total 12ms
04-10 11:55:45.813 D/dalvikvm( 1546): GC_CONCURRENT freed 818K, 54% free 5672K/12260K, paused 1ms+2ms, total 14ms
04-10 11:55:57.163 D/dalvikvm( 1546): GC_CONCURRENT freed 837K, 54% free 5655K/12260K, paused 2ms+1ms, total 11ms
04-10 11:56:08.543 D/dalvikvm( 1546): GC_CONCURRENT freed 841K, 54% free 5671K/12260K, paused 1ms+2ms, total 17ms
04-10 11:56:19.873 D/dalvikvm( 1546): GC_CONCURRENT freed 866K, 54% free 5648K/12260K, paused 1ms+1ms, total 11ms
04-10 11:56:22.513 D/dalvikvm(  449): GC_CONCURRENT freed 8074K, 4% free 225174K/233376K, paused 3ms+70ms, total 332ms
04-10 11:56:31.243 D/dalvikvm( 1546): GC_CONCURRENT freed 839K, 54% free 5647K/12260K, paused 1ms+1ms, total 12ms
04-10 11:56:42.573 D/dalvikvm( 1546): GC_CONCURRENT freed 814K, 54% free 5671K/12260K, paused 4ms+1ms, total 15ms
04-10 11:56:53.923 D/dalvikvm( 1546): GC_CONCURRENT freed 842K, 54% free 5672K/12260K, paused 1ms+1ms, total 12ms
04-10 11:57:05.253 D/dalvikvm( 1546): GC_CONCURRENT freed 855K, 54% free 5655K/12260K, paused 3ms+1ms, total 14ms
04-10 11:57:16.583 D/dalvikvm( 1546): GC_CONCURRENT freed 847K, 54% free 5647K/12260K, paused 1ms+0ms, total 12ms
04-10 11:57:24.513 D/dalvikvm(  449): GC_CONCURRENT freed 8074K, 4% free 225174K/233376K, paused 5ms+68ms, total 335ms
04-10 11:57:27.903 D/dalvikvm( 1546): GC_CONCURRENT freed 838K, 54% free 5647K/12260K, paused 0ms+1ms, total 11ms
04-10 11:57:39.253 D/dalvikvm( 1546): GC_CONCURRENT freed 843K, 54% free 5647K/12260K, paused 0ms+3ms, total 16ms
04-10 11:57:50.573 D/dalvikvm( 1546): GC_CONCURRENT freed 837K, 54% free 5646K/12260K, paused 1ms+1ms, total 11ms
04-10 11:58:01.913 D/dalvikvm( 1546): GC_CONCURRENT freed 837K, 54% free 5647K/12260K, paused 1ms+1ms, total 13ms
04-10 11:58:13.273 D/dalvikvm( 1546): GC_CONCURRENT freed 817K, 54% free 5671K/12260K, paused 2ms+2ms, total 15ms
04-10 11:58:24.603 D/dalvikvm( 1546): GC_CONCURRENT freed 862K, 54% free 5647K/12260K, paused 1ms+1ms, total 10ms
04-10 11:58:26.653 D/dalvikvm(  449): GC_CONCURRENT freed 8075K, 4% free 225174K/233376K, paused 5ms+101ms, total 421ms
04-10 11:58:35.933 D/dalvikvm( 1546): GC_CONCURRENT freed 829K, 54% free 5657K/12260K, paused 2ms+1ms, total 11ms
04-10 11:58:47.263 D/dalvikvm( 1546): GC_CONCURRENT freed 852K, 54% free 5646K/12260K, paused 0ms+2ms, total 13ms
04-10 11:58:58.643 D/dalvikvm( 1546): GC_CONCURRENT freed 813K, 54% free 5671K/12260K, paused 2ms+1ms, total 25ms
04-10 11:59:10.023 D/dalvikvm( 1546): GC_CONCURRENT freed 854K, 54% free 5655K/12260K, paused 5ms+2ms, total 21ms
04-10 11:59:21.513 D/dalvikvm( 1546): GC_CONCURRENT freed 825K, 54% free 5672K/12260K, paused 2ms+2ms, total 14ms
04-10 11:59:28.493 D/dalvikvm(  449): GC_CONCURRENT freed 8076K, 4% free 225174K/233376K, paused 4ms+65ms, total 315ms
04-10 11:59:32.873 D/dalvikvm( 1546): GC_CONCURRENT freed 838K, 54% free 5671K/12260K, paused 2ms+1ms, total 11ms
04-10 11:59:44.213 D/dalvikvm( 1546): GC_CONCURRENT freed 838K, 54% free 5671K/12260K, paused 3ms+2ms, total 16ms
04-10 11:59:55.543 D/dalvikvm( 1546): GC_CONCURRENT freed 858K, 54% free 5656K/12260K, paused 2ms+1ms, total 13ms
04-10 12:00:06.903 D/dalvikvm( 1546): GC_CONCURRENT freed 847K, 54% free 5646K/12260K, paused 1ms+1ms, total 13ms
04-10 12:00:18.293 D/dalvikvm( 1546): GC_CONCURRENT freed 838K, 54% free 5646K/12260K, paused 1ms+1ms, total 11ms
04-10 12:00:29.633 D/dalvikvm( 1546): GC_CONCURRENT freed 816K, 54% free 5671K/12260K, paused 3ms+1ms, total 16ms
04-10 12:00:30.733 D/dalvikvm(  449): GC_CONCURRENT freed 8075K, 4% free 225174K/233376K, paused 6ms+96ms, total 489ms
04-10 12:00:40.973 D/dalvikvm( 1546): GC_CONCURRENT freed 863K, 54% free 5646K/12260K, paused 0ms+2ms, total 11ms
04-10 12:00:52.343 D/dalvikvm( 1546): GC_CONCURRENT freed 828K, 54% free 5655K/12260K, paused 1ms+1ms, total 11ms
04-10 12:01:03.753 D/dalvikvm( 1546): GC_CONCURRENT freed 825K, 54% free 5672K/12260K, paused 2ms+1ms, total 33ms
04-10 12:01:15.063 D/dalvikvm( 1546): GC_CONCURRENT freed 863K, 54% free 5647K/12260K, paused 0ms+1ms, total 10ms
04-10 12:01:26.463 D/dalvikvm( 1546): GC_CONCURRENT freed 817K, 54% free 5672K/12260K, paused 1ms+1ms, total 11ms
04-10 12:01:32.523 D/dalvikvm(  449): GC_CONCURRENT freed 8074K, 4% free 225174K/233376K, paused 9ms+68ms, total 333ms
04-10 12:01:37.833 D/dalvikvm( 1546): GC_CONCURRENT freed 855K, 54% free 5655K/12260K, paused 3ms+1ms, total 12ms
04-10 12:01:49.193 D/dalvikvm( 1546): GC_CONCURRENT freed 837K, 54% free 5655K/12260K, paused 3ms+1ms, total 13ms
04-10 12:02:00.543 D/dalvikvm( 1546): GC_CONCURRENT freed 825K, 54% free 5671K/12260K, paused 6ms+1ms, total 18ms
04-10 12:02:11.963 D/dalvikvm( 1546): GC_CONCURRENT freed 854K, 54% free 5655K/12260K, paused 7ms+1ms, total 20ms
04-10 12:02:23.283 D/dalvikvm( 1546): GC_CONCURRENT freed 838K, 54% free 5655K/12260K, paused 1ms+1ms, total 11ms
04-10 12:02:34.643 D/dalvikvm( 1546): GC_CONCURRENT freed 841K, 54% free 5656K/12260K, paused 6ms+1ms, total 41ms
04-10 12:02:34.793 D/dalvikvm(  449): GC_CONCURRENT freed 8077K, 4% free 225174K/233376K, paused 7ms+107ms, total 553ms
04-10 12:02:46.003 D/dalvikvm( 1546): GC_CONCURRENT freed 847K, 54% free 5646K/12260K, paused 1ms+2ms, total 12ms
04-10 12:02:57.343 D/dalvikvm( 1546): GC_CONCURRENT freed 837K, 54% free 5646K/12260K, paused 1ms+1ms, total 11ms
04-10 12:03:08.673 D/dalvikvm( 1546): GC_CONCURRENT freed 842K, 54% free 5646K/12260K, paused 1ms+2ms, total 11ms
04-10 12:03:19.993 D/dalvikvm( 1546): GC_CONCURRENT freed 839K, 54% free 5646K/12260K, paused 0ms+1ms, total 11ms
04-10 12:03:23.123 D/dalvikvm(  278): GC_CONCURRENT freed 3789K, 28% free 18485K/25508K, paused 3ms+8ms, total 57ms
04-10 12:03:31.323 D/dalvikvm( 1546): GC_CONCURRENT freed 812K, 54% free 5671K/12260K, paused 3ms+3ms, total 15ms
04-10 12:03:36.553 D/dalvikvm(  449): GC_CONCURRENT freed 8074K, 4% free 225174K/233376K, paused 7ms+68ms, total 372ms
04-10 12:03:42.663 D/dalvikvm( 1546): GC_CONCURRENT freed 854K, 54% free 5655K/12260K, paused 2ms+2ms, total 13ms
04-10 12:03:53.983 D/dalvikvm( 1546): GC_CONCURRENT freed 825K, 54% free 5672K/12260K, paused 0ms+2ms, total 10ms
04-10 12:04:05.323 D/dalvikvm( 1546): GC_CONCURRENT freed 864K, 54% free 5646K/12260K, paused 1ms+1ms, total 12ms
04-10 12:04:16.673 D/dalvikvm( 1546): GC_CONCURRENT freed 813K, 54% free 5671K/12260K, paused 1ms+2ms, total 18ms
04-10 12:04:18.623 W/BatteryStatsImpl(  278): Couldn't get kernel wake lock stats
04-10 12:04:27.983 D/dalvikvm( 1546): GC_CONCURRENT freed 840K, 54% free 5672K/12260K, paused 1ms+2ms, total 19ms
04-10 12:04:38.503 D/dalvikvm(  449): GC_CONCURRENT freed 8074K, 4% free 225174K/233376K, paused 5ms+67ms, total 328ms
04-10 12:04:39.313 D/dalvikvm( 1546): GC_CONCURRENT freed 864K, 54% free 5646K/12260K, paused 1ms+2ms, total 11ms
04-10 12:04:50.653 D/dalvikvm( 1546): GC_CONCURRENT freed 814K, 54% free 5671K/12260K, paused 1ms+1ms, total 12ms
04-10 12:05:01.983 D/dalvikvm( 1546): GC_CONCURRENT freed 868K, 54% free 5647K/12260K, paused 1ms+1ms, total 10ms
04-10 12:05:13.323 D/dalvikvm( 1546): GC_CONCURRENT freed 839K, 54% free 5646K/12260K, paused 1ms+1ms, total 14ms
04-10 12:05:24.643 D/dalvikvm( 1546): GC_CONCURRENT freed 814K, 54% free 5671K/12260K, paused 6ms+1ms, total 16ms
04-10 12:05:29.403 D/ConnectivityService(  278): Sampling interval elapsed, updating statistics ..
04-10 12:05:29.403 D/ConnectivityService(  278): Done.
04-10 12:05:29.403 D/ConnectivityService(  278): Setting timer for 720seconds
04-10 12:05:35.983 D/dalvikvm( 1546): GC_CONCURRENT freed 865K, 54% free 5648K/12260K, paused 1ms+1ms, total 11ms
04-10 12:05:40.543 D/dalvikvm(  449): GC_CONCURRENT freed 8075K, 4% free 225174K/233376K, paused 5ms+77ms, total 356ms
04-10 12:05:47.293 D/dalvikvm( 1546): GC_CONCURRENT freed 840K, 54% free 5646K/12260K, paused 1ms+2ms, total 12ms
04-10 12:05:58.683 D/dalvikvm( 1546): GC_CONCURRENT freed 814K, 54% free 5671K/12260K, paused 19ms+2ms, total 32ms
04-10 12:06:10.033 D/dalvikvm( 1546): GC_CONCURRENT freed 867K, 54% free 5646K/12260K, paused 1ms+1ms, total 12ms
04-10 12:06:21.433 D/dalvikvm( 1546): GC_CONCURRENT freed 814K, 54% free 5671K/12260K, paused 1ms+1ms, total 10ms
04-10 12:06:32.783 D/dalvikvm( 1546): GC_CONCURRENT freed 854K, 54% free 5655K/12260K, paused 7ms+3ms, total 21ms
04-10 12:06:42.503 D/dalvikvm(  449): GC_CONCURRENT freed 8074K, 4% free 225174K/233376K, paused 3ms+73ms, total 336ms
04-10 12:06:42.693 D/SettingsProvider(  278): User 0 external modification to /data/data/com.android.providers.settings/databases/settings.db; event=8
04-10 12:06:42.693 D/SettingsProvider(  278): User 0 updating our caches for /data/data/com.android.providers.settings/databases/settings.db
04-10 12:06:44.133 D/dalvikvm( 1546): GC_CONCURRENT freed 851K, 54% free 5646K/12260K, paused 1ms+2ms, total 15ms
04-10 12:06:55.593 D/dalvikvm( 1546): GC_CONCURRENT freed 813K, 54% free 5672K/12260K, paused 2ms+1ms, total 13ms
04-10 12:07:06.933 D/dalvikvm( 1546): GC_CONCURRENT freed 856K, 54% free 5655K/12260K, paused 3ms+1ms, total 13ms
04-10 12:07:18.333 D/dalvikvm( 1546): GC_CONCURRENT freed 851K, 54% free 5647K/12260K, paused 2ms+4ms, total 24ms
04-10 12:07:29.633 D/dalvikvm( 1546): GC_CONCURRENT freed 838K, 54% free 5647K/12260K, paused 0ms+1ms, total 10ms
04-10 12:07:41.003 D/dalvikvm( 1546): GC_CONCURRENT freed 839K, 54% free 5647K/12260K, paused 1ms+2ms, total 13ms
04-10 12:07:44.723 D/dalvikvm(  449): GC_CONCURRENT freed 8076K, 4% free 225174K/233376K, paused 7ms+93ms, total 475ms
04-10 12:07:52.373 D/dalvikvm( 1546): GC_CONCURRENT freed 843K, 54% free 5646K/12260K, paused 0ms+2ms, total 12ms
04-10 12:08:03.723 D/dalvikvm( 1546): GC_CONCURRENT freed 815K, 54% free 5671K/12260K, paused 2ms+1ms, total 19ms
04-10 12:08:15.093 D/dalvikvm( 1546): GC_CONCURRENT freed 855K, 54% free 5655K/12260K, paused 3ms+3ms, total 28ms
04-10 12:08:26.483 D/dalvikvm( 1546): GC_CONCURRENT freed 825K, 54% free 5671K/12260K, paused 2ms+2ms, total 13ms
04-10 12:08:37.803 D/dalvikvm( 1546): GC_CONCURRENT freed 864K, 54% free 5646K/12260K, paused 1ms+1ms, total 11ms
04-10 12:08:46.563 D/dalvikvm(  449): GC_CONCURRENT freed 8074K, 4% free 225174K/233376K, paused 6ms+77ms, total 385ms
04-10 12:08:49.223 D/dalvikvm( 1546): GC_CONCURRENT freed 814K, 54% free 5671K/12260K, paused 4ms+13ms, total 40ms
04-10 12:09:00.493 D/dalvikvm( 1546): GC_CONCURRENT freed 868K, 54% free 5647K/12260K, paused 1ms+1ms, total 12ms
04-10 12:09:11.813 D/dalvikvm( 1546): GC_CONCURRENT freed 814K, 54% free 5671K/12260K, paused 2ms+4ms, total 14ms
04-10 12:09:23.113 D/dalvikvm( 1546): GC_CONCURRENT freed 864K, 54% free 5646K/12260K, paused 1ms+2ms, total 14ms
04-10 12:09:34.453 D/dalvikvm( 1546): GC_CONCURRENT freed 816K, 54% free 5671K/12260K, paused 5ms+1ms, total 15ms
04-10 12:09:45.783 D/dalvikvm( 1546): GC_CONCURRENT freed 855K, 54% free 5655K/12260K, paused 7ms+1ms, total 22ms
04-10 12:09:48.563 D/dalvikvm(  449): GC_CONCURRENT freed 8075K, 4% free 225174K/233376K, paused 5ms+72ms, total 363ms
04-10 12:09:57.093 D/dalvikvm( 1546): GC_CONCURRENT freed 848K, 54% free 5646K/12260K, paused 1ms+7ms, total 17ms
04-10 12:10:00.013 I/ProcessStatsService(  278): Prepared write state in 1ms
04-10 12:10:08.453 D/dalvikvm( 1546): GC_CONCURRENT freed 837K, 54% free 5646K/12260K, paused 0ms+2ms, total 11ms
04-10 12:10:19.763 D/dalvikvm( 1546): GC_CONCURRENT freed 817K, 54% free 5671K/12260K, paused 4ms+1ms, total 15ms
04-10 12:10:31.133 D/dalvikvm( 1546): GC_CONCURRENT freed 863K, 54% free 5646K/12260K, paused 1ms+2ms, total 18ms
04-10 12:10:42.453 D/dalvikvm( 1546): GC_CONCURRENT freed 813K, 54% free 5671K/12260K, paused 2ms+1ms, total 13ms
04-10 12:10:50.783 D/dalvikvm(  449): GC_CONCURRENT freed 8076K, 4% free 225174K/233376K, paused 4ms+122ms, total 556ms
04-10 12:10:53.793 D/dalvikvm( 1546): GC_CONCURRENT freed 866K, 54% free 5647K/12260K, paused 1ms+2ms, total 12ms
04-10 12:11:05.153 D/dalvikvm( 1546): GC_CONCURRENT freed 839K, 54% free 5646K/12260K, paused 0ms+1ms, total 12ms
04-10 12:11:16.483 D/dalvikvm( 1546): GC_CONCURRENT freed 813K, 54% free 5671K/12260K, paused 1ms+1ms, total 13ms
04-10 12:11:27.803 D/dalvikvm( 1546): GC_CONCURRENT freed 857K, 54% free 5656K/12260K, paused 2ms+2ms, total 12ms
04-10 12:11:39.193 D/dalvikvm( 1546): GC_CONCURRENT freed 848K, 54% free 5646K/12260K, paused 1ms+1ms, total 14ms
04-10 12:11:50.553 D/dalvikvm( 1546): GC_CONCURRENT freed 837K, 54% free 5647K/12260K, paused 1ms+2ms, total 14ms
04-10 12:11:52.563 D/dalvikvm(  449): GC_CONCURRENT freed 8074K, 4% free 225174K/233376K, paused 7ms+65ms, total 341ms
04-10 12:12:01.933 D/dalvikvm( 1546): GC_CONCURRENT freed 843K, 54% free 5646K/12260K, paused 1ms+2ms, total 24ms
04-10 12:12:13.243 D/dalvikvm( 1546): GC_CONCURRENT freed 837K, 54% free 5646K/12260K, paused 0ms+1ms, total 15ms
04-10 12:12:24.603 D/dalvikvm( 1546): GC_CONCURRENT freed 813K, 54% free 5671K/12260K, paused 2ms+1ms, total 14ms
04-10 12:12:35.943 D/dalvikvm( 1546): GC_CONCURRENT freed 841K, 54% free 5672K/12260K, paused 2ms+2ms, total 12ms
04-10 12:12:47.283 D/dalvikvm( 1546): GC_CONCURRENT freed 863K, 54% free 5646K/12260K, paused 1ms+2ms, total 19ms
04-10 12:12:54.623 D/dalvikvm(  449): GC_CONCURRENT freed 8075K, 4% free 225174K/233376K, paused 7ms+77ms, total 430ms
04-10 12:12:58.623 D/dalvikvm( 1546): GC_CONCURRENT freed 827K, 54% free 5657K/12260K, paused 0ms+2ms, total 15ms
04-10 12:13:09.933 D/dalvikvm( 1546): GC_CONCURRENT freed 851K, 54% free 5647K/12260K, paused 1ms+2ms, total 12ms
04-10 12:13:21.283 D/dalvikvm( 1546): GC_CONCURRENT freed 839K, 54% free 5647K/12260K, paused 1ms+2ms, total 10ms
04-10 12:13:32.613 D/dalvikvm( 1546): GC_CONCURRENT freed 828K, 54% free 5657K/12260K, paused 1ms+1ms, total 10ms
04-10 12:13:39.833 D/dalvikvm(  278): GC_CONCURRENT freed 3787K, 28% free 18493K/25508K, paused 1ms+3ms, total 32ms
04-10 12:13:43.973 D/dalvikvm( 1546): GC_CONCURRENT freed 827K, 54% free 5672K/12260K, paused 3ms+1ms, total 14ms
04-10 12:13:55.313 D/dalvikvm( 1546): GC_CONCURRENT freed 837K, 54% free 5671K/12260K, paused 0ms+1ms, total 12ms
04-10 12:13:56.503 D/dalvikvm(  449): GC_CONCURRENT freed 8074K, 4% free 225174K/233376K, paused 5ms+74ms, total 339ms
04-10 12:14:06.703 D/dalvikvm( 1546): GC_CONCURRENT freed 862K, 54% free 5647K/12260K, paused 1ms+1ms, total 15ms
04-10 12:14:18.003 D/dalvikvm( 1546): GC_CONCURRENT freed 840K, 54% free 5650K/12260K, paused 0ms+3ms, total 13ms
04-10 12:14:29.343 D/dalvikvm( 1546): GC_CONCURRENT freed 840K, 54% free 5647K/12260K, paused 3ms+1ms, total 14ms
04-10 12:14:40.683 D/dalvikvm( 1546): GC_CONCURRENT freed 830K, 54% free 5655K/12260K, paused 1ms+1ms, total 14ms
04-10 12:14:51.993 D/dalvikvm( 1546): GC_CONCURRENT freed 845K, 54% free 5647K/12260K, paused 1ms+1ms, total 12ms
04-10 12:14:58.513 D/dalvikvm(  449): GC_CONCURRENT freed 8075K, 4% free 225174K/233376K, paused 3ms+78ms, total 339ms
04-10 12:15:03.373 D/dalvikvm( 1546): GC_CONCURRENT freed 818K, 54% free 5671K/12260K, paused 2ms+1ms, total 17ms
04-10 12:15:14.703 D/dalvikvm( 1546): GC_CONCURRENT freed 837K, 54% free 5671K/12260K, paused 1ms+2ms, total 13ms
04-10 12:15:26.033 D/dalvikvm( 1546): GC_CONCURRENT freed 862K, 54% free 5647K/12260K, paused 1ms+3ms, total 15ms
04-10 12:15:37.403 D/dalvikvm( 1546): GC_CONCURRENT freed 834K, 54% free 5655K/12260K, paused 1ms+1ms, total 14ms
04-10 12:15:48.723 D/dalvikvm( 1546): GC_CONCURRENT freed 847K, 54% free 5646K/12260K, paused 1ms+1ms, total 15ms
04-10 12:16:00.043 D/dalvikvm( 1546): GC_CONCURRENT freed 838K, 54% free 5646K/12260K, paused 1ms+1ms, total 16ms
04-10 12:16:00.493 D/dalvikvm(  449): GC_CONCURRENT freed 8075K, 4% free 225174K/233376K, paused 5ms+71ms, total 337ms
04-10 12:16:11.413 D/dalvikvm( 1546): GC_CONCURRENT freed 816K, 54% free 5671K/12260K, paused 1ms+2ms, total 13ms
04-10 12:16:22.753 D/dalvikvm( 1546): GC_CONCURRENT freed 839K, 54% free 5671K/12260K, paused 1ms+1ms, total 12ms
04-10 12:16:34.163 D/dalvikvm( 1546): GC_CONCURRENT freed 863K, 54% free 5646K/12260K, paused 1ms+2ms, total 13ms
04-10 12:16:45.513 D/dalvikvm( 1546): GC_CONCURRENT freed 816K, 54% free 5671K/12260K, paused 0ms+3ms, total 24ms
04-10 12:16:56.883 D/dalvikvm( 1546): GC_CONCURRENT freed 855K, 54% free 5655K/12260K, paused 3ms+1ms, total 13ms
04-10 12:17:02.523 D/dalvikvm(  449): GC_CONCURRENT freed 8075K, 4% free 225174K/233376K, paused 4ms+75ms, total 347ms
04-10 12:17:08.263 D/dalvikvm( 1546): GC_CONCURRENT freed 822K, 54% free 5671K/12260K, paused 0ms+1ms, total 10ms
04-10 12:17:19.653 D/dalvikvm( 1546): GC_CONCURRENT freed 841K, 54% free 5672K/12260K, paused 1ms+2ms, total 17ms
04-10 12:17:29.413 D/ConnectivityService(  278): Sampling interval elapsed, updating statistics ..
04-10 12:17:29.413 D/ConnectivityService(  278): Done.
04-10 12:17:29.413 D/ConnectivityService(  278): Setting timer for 720seconds
04-10 12:17:30.983 D/dalvikvm( 1546): GC_CONCURRENT freed 863K, 54% free 5646K/12260K, paused 0ms+1ms, total 17ms
04-10 12:17:42.313 D/dalvikvm( 1546): GC_CONCURRENT freed 838K, 54% free 5646K/12260K, paused 1ms+1ms, total 11ms
04-10 12:17:53.753 D/dalvikvm( 1546): GC_CONCURRENT freed 816K, 54% free 5671K/12260K, paused 1ms+1ms, total 12ms
04-10 12:18:04.753 D/dalvikvm(  449): GC_CONCURRENT freed 8078K, 4% free 225174K/233380K, paused 5ms+101ms, total 507ms
04-10 12:18:05.093 D/dalvikvm( 1546): GC_CONCURRENT freed 854K, 54% free 5655K/12260K, paused 2ms+2ms, total 16ms
04-10 12:18:16.423 D/dalvikvm( 1546): GC_CONCURRENT freed 838K, 54% free 5655K/12260K, paused 3ms+1ms, total 15ms
04-10 12:18:27.783 D/dalvikvm( 1546): GC_CONCURRENT freed 850K, 54% free 5646K/12260K, paused 1ms+1ms, total 12ms
04-10 12:18:39.153 D/dalvikvm( 1546): GC_CONCURRENT freed 785K, 54% free 5670K/12260K, paused 0ms+2ms, total 11ms
04-10 12:18:50.483 D/dalvikvm( 1546): GC_CONCURRENT freed 890K, 54% free 5647K/12260K, paused 1ms+1ms, total 12ms
04-10 12:19:01.803 D/dalvikvm( 1546): GC_CONCURRENT freed 817K, 54% free 5672K/12260K, paused 7ms+1ms, total 17ms
04-10 12:19:06.503 D/dalvikvm(  449): GC_CONCURRENT freed 8073K, 4% free 225174K/233380K, paused 6ms+69ms, total 337ms
04-10 12:19:13.243 D/dalvikvm( 1546): GC_CONCURRENT freed 855K, 54% free 5655K/12260K, paused 2ms+1ms, total 15ms
04-10 12:19:24.633 D/dalvikvm( 1546): GC_CONCURRENT freed 850K, 54% free 5648K/12260K, paused 3ms+13ms, total 26ms
04-10 12:19:35.943 D/dalvikvm( 1546): GC_CONCURRENT freed 839K, 54% free 5646K/12260K, paused 1ms+1ms, total 12ms
04-10 12:19:47.323 D/dalvikvm( 1546): GC_CONCURRENT freed 813K, 54% free 5671K/12260K, paused 1ms+2ms, total 12ms
04-10 12:19:58.663 D/dalvikvm( 1546): GC_CONCURRENT freed 862K, 54% free 5647K/12260K, paused 0ms+1ms, total 10ms
04-10 12:20:08.513 D/dalvikvm(  449): GC_CONCURRENT freed 8074K, 4% free 225174K/233376K, paused 21ms+73ms, total 344ms
04-10 12:20:09.993 D/dalvikvm( 1546): GC_CONCURRENT freed 834K, 54% free 5655K/12260K, paused 1ms+11ms, total 25ms
04-10 12:20:17.053 D/dalvikvm(  331): GC_CONCURRENT freed 823K, 76% free 5298K/21576K, paused 1ms+2ms, total 18ms
04-10 12:20:21.403 D/dalvikvm( 1546): GC_CONCURRENT freed 838K, 54% free 5655K/12260K, paused 1ms+5ms, total 18ms
04-10 12:20:32.773 D/dalvikvm( 1546): GC_CONCURRENT freed 845K, 54% free 5651K/12260K, paused 0ms+3ms, total 15ms
04-10 12:20:44.133 D/dalvikvm( 1546): GC_CONCURRENT freed 818K, 54% free 5671K/12260K, paused 5ms+2ms, total 33ms
04-10 12:20:55.463 D/dalvikvm( 1546): GC_CONCURRENT freed 838K, 54% free 5671K/12260K, paused 1ms+1ms, total 11ms
04-10 12:21:06.803 D/dalvikvm( 1546): GC_CONCURRENT freed 854K, 54% free 5655K/12260K, paused 0ms+1ms, total 11ms
04-10 12:21:10.653 D/dalvikvm(  449): GC_CONCURRENT freed 8074K, 4% free 225174K/233376K, paused 7ms+121ms, total 470ms
04-10 12:21:18.223 D/dalvikvm( 1546): GC_CONCURRENT freed 851K, 54% free 5646K/12260K, paused 0ms+2ms, total 30ms
04-10 12:21:29.533 D/dalvikvm( 1546): GC_CONCURRENT freed 828K, 54% free 5657K/12260K, paused 6ms+2ms, total 17ms
04-10 12:21:40.943 D/dalvikvm( 1546): GC_CONCURRENT freed 840K, 54% free 5655K/12260K, paused 4ms+1ms, total 16ms
04-10 12:21:52.313 D/dalvikvm( 1546): GC_CONCURRENT freed 796K, 54% free 5671K/12260K, paused 4ms+1ms, total 16ms
04-10 12:22:03.643 D/dalvikvm( 1546): GC_CONCURRENT freed 866K, 54% free 5671K/12260K, paused 2ms+2ms, total 15ms
04-10 12:22:12.523 D/dalvikvm(  449): GC_CONCURRENT freed 8074K, 4% free 225174K/233376K, paused 7ms+69ms, total 356ms
04-10 12:22:15.023 D/dalvikvm( 1546): GC_CONCURRENT freed 861K, 54% free 5651K/12260K, paused 1ms+5ms, total 16ms
04-10 12:22:26.373 D/dalvikvm( 1546): GC_CONCURRENT freed 842K, 54% free 5647K/12260K, paused 1ms+2ms, total 12ms
04-10 12:22:37.703 D/dalvikvm( 1546): GC_CONCURRENT freed 838K, 54% free 5647K/12260K, paused 1ms+2ms, total 12ms
04-10 12:22:49.023 D/dalvikvm( 1546): GC_CONCURRENT freed 838K, 54% free 5647K/12260K, paused 1ms+2ms, total 14ms
04-10 12:23:00.383 D/dalvikvm( 1546): GC_CONCURRENT freed 817K, 54% free 5671K/12260K, paused 4ms+2ms, total 17ms
04-10 12:23:11.733 D/dalvikvm( 1546): GC_CONCURRENT freed 855K, 54% free 5655K/12260K, paused 2ms+1ms, total 13ms
04-10 12:23:14.563 D/dalvikvm(  449): GC_CONCURRENT freed 8075K, 4% free 225174K/233376K, paused 6ms+70ms, total 378ms
04-10 12:23:23.063 D/dalvikvm( 1546): GC_CONCURRENT freed 837K, 54% free 5657K/12260K, paused 7ms+1ms, total 24ms
04-10 12:23:34.423 D/dalvikvm( 1546): GC_CONCURRENT freed 826K, 54% free 5672K/12260K, paused 2ms+1ms, total 14ms
04-10 12:23:45.763 D/dalvikvm( 1546): GC_CONCURRENT freed 839K, 54% free 5671K/12260K, paused 1ms+2ms, total 11ms
04-10 12:23:57.103 D/dalvikvm( 1546): GC_CONCURRENT freed 854K, 54% free 5655K/12260K, paused 2ms+8ms, total 25ms
04-10 12:24:08.503 D/dalvikvm( 1546): GC_CONCURRENT freed 851K, 54% free 5646K/12260K, paused 1ms+1ms, total 10ms
04-10 12:24:09.543 D/dalvikvm(  278): GC_CONCURRENT freed 3805K, 28% free 18483K/25508K, paused 1ms+3ms, total 28ms
04-10 12:24:18.193 D/dalvikvm(  449): GC_CONCURRENT freed 8194K, 4% free 225174K/233492K, paused 7ms+188ms, total 1723ms
04-10 12:24:18.193 D/dalvikvm(  449): WAIT_FOR_CONCURRENT_GC blocked 259ms
04-10 12:24:18.193 D/dalvikvm(  449): WAIT_FOR_CONCURRENT_GC blocked 277ms
04-10 12:24:20.383 E/shadowsocks( 1234): control recv: Connection reset by peer
04-10 12:24:20.433 D/dalvikvm( 1546): GC_CONCURRENT freed 817K, 54% free 5671K/12260K, paused 1ms+1ms, total 14ms
04-10 12:24:32.303 D/dalvikvm( 1546): GC_CONCURRENT freed 853K, 54% free 5655K/12260K, paused 1ms+1ms, total 14ms
04-10 12:24:44.073 D/dalvikvm( 1546): GC_CONCURRENT freed 826K, 54% free 5672K/12260K, paused 4ms+2ms, total 15ms
04-10 12:24:55.473 D/dalvikvm( 1546): GC_CONCURRENT freed 863K, 54% free 5646K/12260K, paused 0ms+2ms, total 13ms
04-10 12:25:06.853 D/dalvikvm( 1546): GC_CONCURRENT freed 841K, 54% free 5646K/12260K, paused 0ms+1ms, total 10ms
04-10 12:25:18.513 D/dalvikvm( 1546): GC_CONCURRENT freed 814K, 54% free 5671K/12260K, paused 1ms+3ms, total 16ms
04-10 12:25:19.643 D/dalvikvm(  449): GC_CONCURRENT freed 8065K, 4% free 225174K/233492K, paused 6ms+72ms, total 409ms
04-10 12:25:29.963 D/dalvikvm( 1546): GC_CONCURRENT freed 841K, 54% free 5672K/12260K, paused 0ms+1ms, total 10ms
04-10 12:25:41.493 D/dalvikvm( 1546): GC_CONCURRENT freed 865K, 54% free 5646K/12260K, paused 1ms+2ms, total 11ms
04-10 12:25:52.833 D/dalvikvm( 1546): GC_CONCURRENT freed 832K, 54% free 5655K/12260K, paused 1ms+2ms, total 12ms
04-10 12:26:04.193 D/dalvikvm( 1546): GC_CONCURRENT freed 822K, 54% free 5671K/12260K, paused 1ms+1ms, total 17ms
04-10 12:26:15.513 D/dalvikvm( 1546): GC_CONCURRENT freed 861K, 54% free 5647K/12260K, paused 0ms+2ms, total 12ms
04-10 12:26:21.533 D/dalvikvm(  449): GC_CONCURRENT freed 8074K, 4% free 225174K/233376K, paused 3ms+74ms, total 354ms
04-10 12:26:26.823 D/dalvikvm( 1546): GC_CONCURRENT freed 831K, 54% free 5655K/12260K, paused 1ms+1ms, total 11ms
04-10 12:26:38.173 D/dalvikvm( 1546): GC_CONCURRENT freed 825K, 54% free 5672K/12260K, paused 2ms+1ms, total 19ms
04-10 12:26:49.503 D/dalvikvm( 1546): GC_CONCURRENT freed 855K, 54% free 5655K/12260K, paused 2ms+1ms, total 13ms
04-10 12:27:00.823 D/dalvikvm( 1546): GC_CONCURRENT freed 822K, 54% free 5671K/12260K, paused 1ms+3ms, total 13ms
04-10 12:27:12.193 D/dalvikvm( 1546): GC_CONCURRENT freed 866K, 54% free 5647K/12260K, paused 3ms+2ms, total 16ms
04-10 12:27:23.563 D/dalvikvm( 1546): GC_CONCURRENT freed 812K, 54% free 5673K/12260K, paused 3ms+1ms, total 17ms
04-10 12:27:23.593 D/dalvikvm(  449): GC_CONCURRENT freed 8075K, 4% free 225174K/233376K, paused 4ms+97ms, total 405ms
04-10 12:27:34.913 D/dalvikvm( 1546): GC_CONCURRENT freed 863K, 54% free 5647K/12260K, paused 1ms+2ms, total 13ms
04-10 12:27:46.293 D/dalvikvm( 1546): GC_CONCURRENT freed 833K, 54% free 5657K/12260K, paused 1ms+3ms, total 15ms
04-10 12:27:57.613 D/dalvikvm( 1546): GC_CONCURRENT freed 824K, 54% free 5671K/12260K, paused 0ms+2ms, total 12ms
04-10 12:28:08.933 D/dalvikvm( 1546): GC_CONCURRENT freed 855K, 54% free 5655K/12260K, paused 2ms+1ms, total 13ms
04-10 12:28:20.293 D/dalvikvm( 1546): GC_CONCURRENT freed 841K, 54% free 5657K/12260K, paused 1ms+2ms, total 15ms
04-10 12:28:25.673 D/dalvikvm(  449): GC_CONCURRENT freed 8075K, 4% free 225174K/233376K, paused 3ms+86ms, total 439ms
04-10 12:28:31.613 D/dalvikvm( 1546): GC_CONCURRENT freed 841K, 54% free 5655K/12260K, paused 2ms+3ms, total 20ms
04-10 12:28:42.913 D/dalvikvm( 1546): GC_CONCURRENT freed 821K, 54% free 5673K/12260K, paused 3ms+2ms, total 14ms
04-10 12:28:54.303 D/dalvikvm( 1546): GC_CONCURRENT freed 843K, 54% free 5672K/12260K, paused 1ms+1ms, total 13ms
04-10 12:29:05.623 D/dalvikvm( 1546): GC_CONCURRENT freed 855K, 54% free 5655K/12260K, paused 4ms+3ms, total 14ms
04-10 12:29:16.993 D/dalvikvm( 1546): GC_CONCURRENT freed 846K, 54% free 5647K/12260K, paused 1ms+1ms, total 13ms
04-10 12:29:27.533 D/dalvikvm(  449): GC_CONCURRENT freed 8073K, 4% free 225174K/233376K, paused 4ms+78ms, total 354ms
04-10 12:29:28.383 D/dalvikvm( 1546): GC_CONCURRENT freed 833K, 54% free 5657K/12260K, paused 1ms+1ms, total 12ms
04-10 12:29:29.413 D/ConnectivityService(  278): Sampling interval elapsed, updating statistics ..
04-10 12:29:29.413 D/ConnectivityService(  278): Done.
04-10 12:29:29.413 D/ConnectivityService(  278): Setting timer for 720seconds
04-10 12:29:39.703 D/dalvikvm( 1546): GC_CONCURRENT freed 840K, 54% free 5655K/12260K, paused 1ms+1ms, total 14ms
04-10 12:29:51.013 D/dalvikvm( 1546): GC_CONCURRENT freed 838K, 54% free 5655K/12260K, paused 0ms+1ms, total 14ms
04-10 12:30:02.363 D/dalvikvm( 1546): GC_CONCURRENT freed 798K, 54% free 5700K/12260K, paused 3ms+1ms, total 16ms
04-10 12:30:13.683 D/dalvikvm( 1546): GC_CONCURRENT freed 867K, 54% free 5671K/12260K, paused 3ms+1ms, total 13ms
04-10 12:30:24.963 D/dalvikvm( 1546): GC_CONCURRENT freed 864K, 54% free 5646K/12260K, paused 1ms+1ms, total 10ms
04-10 12:30:29.553 D/dalvikvm(  449): GC_CONCURRENT freed 8077K, 4% free 225174K/233376K, paused 3ms+86ms, total 365ms
04-10 12:30:36.343 D/dalvikvm( 1546): GC_CONCURRENT freed 813K, 54% free 5671K/12260K, paused 2ms+2ms, total 14ms
04-10 12:30:47.693 D/dalvikvm( 1546): GC_CONCURRENT freed 867K, 54% free 5647K/12260K, paused 1ms+1ms, total 10ms
04-10 12:30:59.013 D/dalvikvm( 1546): GC_CONCURRENT freed 815K, 54% free 5671K/12260K, paused 3ms+3ms, total 16ms
04-10 12:31:10.373 D/dalvikvm( 1546): GC_CONCURRENT freed 838K, 54% free 5671K/12260K, paused 1ms+2ms, total 21ms
04-10 12:31:21.703 D/dalvikvm( 1546): GC_CONCURRENT freed 859K, 54% free 5655K/12260K, paused 3ms+2ms, total 15ms
04-10 12:31:31.653 D/dalvikvm(  449): GC_CONCURRENT freed 8075K, 4% free 225174K/233376K, paused 4ms+88ms, total 443ms
04-10 12:31:33.033 D/dalvikvm( 1546): GC_CONCURRENT freed 839K, 54% free 5655K/12260K, paused 5ms+2ms, total 17ms
04-10 12:31:44.443 D/dalvikvm( 1546): GC_CONCURRENT freed 838K, 54% free 5657K/12260K, paused 1ms+1ms, total 13ms
04-10 12:31:55.763 D/dalvikvm( 1546): GC_CONCURRENT freed 852K, 54% free 5646K/12260K, paused 0ms+1ms, total 10ms
04-10 12:32:07.063 D/dalvikvm( 1546): GC_CONCURRENT freed 837K, 54% free 5648K/12260K, paused 3ms+1ms, total 12ms
04-10 12:32:18.453 D/dalvikvm( 1546): GC_CONCURRENT freed 830K, 54% free 5656K/12260K, paused 3ms+3ms, total 14ms
04-10 12:32:29.803 D/dalvikvm( 1546): GC_CONCURRENT freed 842K, 54% free 5657K/12260K, paused 1ms+2ms, total 13ms
04-10 12:32:33.503 D/dalvikvm(  449): GC_CONCURRENT freed 8074K, 4% free 225174K/233376K, paused 6ms+65ms, total 329ms
04-10 12:32:41.193 D/dalvikvm( 1546): GC_CONCURRENT freed 850K, 54% free 5646K/12260K, paused 2ms+1ms, total 31ms
04-10 12:32:52.483 D/dalvikvm( 1546): GC_CONCURRENT freed 839K, 54% free 5646K/12260K, paused 1ms+1ms, total 11ms
04-10 12:33:03.793 D/dalvikvm( 1546): GC_CONCURRENT freed 833K, 54% free 5655K/12260K, paused 1ms+2ms, total 11ms
04-10 12:33:15.073 D/dalvikvm( 1546): GC_CONCURRENT freed 822K, 54% free 5671K/12260K, paused 1ms+1ms, total 12ms
04-10 12:33:26.463 D/dalvikvm( 1546): GC_CONCURRENT freed 855K, 54% free 5655K/12260K, paused 14ms+3ms, total 27ms
04-10 12:33:35.543 D/dalvikvm(  449): GC_CONCURRENT freed 8077K, 4% free 225174K/233376K, paused 6ms+72ms, total 360ms
04-10 12:33:37.833 D/dalvikvm( 1546): GC_CONCURRENT freed 825K, 54% free 5671K/12260K, paused 3ms+1ms, total 17ms
04-10 12:33:49.313 D/dalvikvm( 1546): GC_CONCURRENT freed 855K, 54% free 5655K/12260K, paused 0ms+1ms, total 12ms
04-10 12:34:00.673 D/dalvikvm( 1546): GC_CONCURRENT freed 823K, 54% free 5671K/12260K, paused 1ms+1ms, total 12ms
04-10 12:34:11.993 D/dalvikvm( 1546): GC_CONCURRENT freed 858K, 54% free 5655K/12260K, paused 4ms+2ms, total 18ms
04-10 12:34:18.623 W/BatteryStatsImpl(  278): Couldn't get kernel wake lock stats
04-10 12:34:23.333 D/dalvikvm( 1546): GC_CONCURRENT freed 824K, 54% free 5672K/12260K, paused 2ms+1ms, total 15ms
04-10 12:34:34.673 D/dalvikvm( 1546): GC_CONCURRENT freed 855K, 54% free 5655K/12260K, paused 1ms+1ms, total 12ms
04-10 12:34:37.153 D/dalvikvm(  278): GC_CONCURRENT freed 3790K, 28% free 18483K/25508K, paused 2ms+1ms, total 26ms
04-10 12:34:37.543 D/dalvikvm(  449): GC_CONCURRENT freed 8075K, 4% free 225174K/233376K, paused 6ms+77ms, total 357ms
04-10 12:34:46.093 D/dalvikvm( 1546): GC_CONCURRENT freed 826K, 54% free 5672K/12260K, paused 4ms+2ms, total 38ms
04-10 12:34:57.453 D/dalvikvm( 1546): GC_CONCURRENT freed 862K, 54% free 5647K/12260K, paused 1ms+2ms, total 15ms
04-10 12:35:08.783 D/dalvikvm( 1546): GC_CONCURRENT freed 814K, 54% free 5671K/12260K, paused 3ms+1ms, total 14ms
04-10 12:35:20.143 D/dalvikvm( 1546): GC_CONCURRENT freed 867K, 54% free 5646K/12260K, paused 1ms+1ms, total 23ms
04-10 12:35:31.463 D/dalvikvm( 1546): GC_CONCURRENT freed 838K, 54% free 5646K/12260K, paused 1ms+1ms, total 16ms
04-10 12:35:39.753 D/dalvikvm(  449): GC_CONCURRENT freed 8075K, 4% free 225174K/233376K, paused 5ms+114ms, total 519ms
04-10 12:35:42.873 D/dalvikvm( 1546): GC_CONCURRENT freed 838K, 54% free 5646K/12260K, paused 1ms+1ms, total 11ms
04-10 12:35:54.293 D/dalvikvm( 1546): GC_CONCURRENT freed 816K, 54% free 5671K/12260K, paused 0ms+1ms, total 10ms
04-10 12:36:05.603 D/dalvikvm( 1546): GC_CONCURRENT freed 863K, 54% free 5646K/12260K, paused 1ms+3ms, total 12ms
04-10 12:36:16.913 D/dalvikvm( 1546): GC_CONCURRENT freed 837K, 54% free 5647K/12260K, paused 1ms+1ms, total 11ms
04-10 12:36:28.263 D/dalvikvm( 1546): GC_CONCURRENT freed 817K, 54% free 5671K/12260K, paused 2ms+1ms, total 14ms
04-10 12:36:39.633 D/dalvikvm( 1546): GC_CONCURRENT freed 854K, 54% free 5655K/12260K, paused 0ms+2ms, total 11ms
04-10 12:36:41.513 D/dalvikvm(  449): GC_CONCURRENT freed 8074K, 4% free 225174K/233376K, paused 5ms+70ms, total 326ms
04-10 12:36:43.413 D/SettingsProvider(  278): User 0 external modification to /data/data/com.android.providers.settings/databases/settings.db; event=8
04-10 12:36:43.413 D/SettingsProvider(  278): User 0 updating our caches for /data/data/com.android.providers.settings/databases/settings.db
04-10 12:36:50.933 D/dalvikvm( 1546): GC_CONCURRENT freed 822K, 54% free 5671K/12260K, paused 1ms+2ms, total 13ms
04-10 12:37:02.303 D/dalvikvm( 1546): GC_CONCURRENT freed 841K, 54% free 5672K/12260K, paused 1ms+1ms, total 12ms
04-10 12:37:13.633 D/dalvikvm( 1546): GC_CONCURRENT freed 863K, 54% free 5646K/12260K, paused 0ms+1ms, total 11ms
04-10 12:37:24.953 D/dalvikvm( 1546): GC_CONCURRENT freed 813K, 54% free 5671K/12260K, paused 0ms+1ms, total 12ms
04-10 12:37:36.313 D/dalvikvm( 1546): GC_CONCURRENT freed 841K, 54% free 5672K/12260K, paused 1ms+1ms, total 9ms
04-10 12:37:43.643 D/dalvikvm(  449): GC_CONCURRENT freed 8075K, 4% free 225174K/233376K, paused 4ms+91ms, total 434ms
04-10 12:37:47.633 D/dalvikvm( 1546): GC_CONCURRENT freed 838K, 54% free 5671K/12260K, paused 2ms+1ms, total 12ms
04-10 12:37:58.923 D/dalvikvm( 1546): GC_CONCURRENT freed 838K, 54% free 5671K/12260K, paused 2ms+1ms, total 14ms
04-10 12:38:10.323 D/dalvikvm( 1546): GC_CONCURRENT freed 858K, 54% free 5655K/12260K, paused 3ms+2ms, total 14ms
04-10 12:38:21.643 D/dalvikvm( 1546): GC_CONCURRENT freed 839K, 54% free 5655K/12260K, paused 2ms+1ms, total 12ms
04-10 12:38:32.963 D/dalvikvm( 1546): GC_CONCURRENT freed 845K, 54% free 5647K/12260K, paused 1ms+2ms, total 13ms
04-10 12:38:44.403 D/dalvikvm( 1546): GC_CONCURRENT freed 833K, 54% free 5657K/12260K, paused 1ms+2ms, total 13ms
04-10 12:38:45.513 D/dalvikvm(  449): GC_CONCURRENT freed 8074K, 4% free 225174K/233376K, paused 4ms+66ms, total 333ms
04-10 12:38:55.713 D/dalvikvm( 1546): GC_CONCURRENT freed 824K, 54% free 5671K/12260K, paused 1ms+1ms, total 11ms
04-10 12:39:07.023 D/dalvikvm( 1546): GC_CONCURRENT freed 855K, 54% free 5655K/12260K, paused 3ms+2ms, total 14ms
04-10 12:39:18.453 D/dalvikvm( 1546): GC_CONCURRENT freed 839K, 54% free 5657K/12260K, paused 1ms+1ms, total 11ms
04-10 12:39:29.823 D/dalvikvm( 1546): GC_CONCURRENT freed 848K, 54% free 5647K/12260K, paused 1ms+1ms, total 12ms
04-10 12:39:41.183 D/dalvikvm( 1546): GC_CONCURRENT freed 840K, 54% free 5646K/12260K, paused 1ms+1ms, total 11ms
04-10 12:39:47.523 D/dalvikvm(  449): GC_CONCURRENT freed 8074K, 4% free 225174K/233376K, paused 5ms+70ms, total 328ms
04-10 12:39:52.563 D/dalvikvm( 1546): GC_CONCURRENT freed 830K, 54% free 5657K/12260K, paused 0ms+2ms, total 12ms
04-10 12:40:03.913 D/dalvikvm( 1546): GC_CONCURRENT freed 840K, 54% free 5655K/12260K, paused 3ms+1ms, total 14ms
04-10 12:40:15.373 D/dalvikvm( 1546): GC_CONCURRENT freed 837K, 54% free 5655K/12260K, paused 8ms+7ms, total 35ms
04-10 12:40:26.683 D/dalvikvm( 1546): GC_CONCURRENT freed 850K, 54% free 5647K/12260K, paused 6ms+1ms, total 16ms
04-10 12:40:38.173 D/dalvikvm( 1546): GC_CONCURRENT freed 838K, 54% free 5646K/12260K, paused 0ms+1ms, total 13ms
04-10 12:40:49.513 D/dalvikvm( 1546): GC_CONCURRENT freed 838K, 54% free 5646K/12260K, paused 1ms+1ms, total 13ms
04-10 12:40:49.703 D/dalvikvm(  449): GC_CONCURRENT freed 8075K, 4% free 225174K/233376K, paused 4ms+99ms, total 448ms
04-10 12:40:59.993 I/ProcessStatsService(  278): Prepared write state in 1ms
04-10 12:41:00.813 D/dalvikvm( 1546): GC_CONCURRENT freed 842K, 54% free 5647K/12260K, paused 0ms+1ms, total 10ms
