04-10 03:27:18.374 W/ViewRootImpl(  449): Dropping event due to no window focus: KeyEvent { action=ACTION_DOWN, keyCode=KEYCODE_DPAD_CENTER, scanCode=0, metaState=0, flags=0x8, repeatCount=0, eventTime=4976701, downTime=4976701, deviceId=-1, source=0x101 }
04-10 03:27:18.384 W/ContextImpl(  278): Calling a method in the system process without a qualified user: android.app.ContextImpl.sendBroadcast:1123 com.android.server.InputMethodManagerService.hideCurrentInputLocked:1880 com.android.server.InputMethodManagerService.windowGainedFocus:1968 com.android.internal.view.IInputMethodManager$Stub.onTransact:221 com.android.server.InputMethodManagerService.onTransact:818 
04-10 03:27:18.964 W/ActivityManager(  278): Activity pause timeout for ActivityRecord{4ad31b4c u0 com.vphone.launcher/.game.AdDetailActivity t1 f}
04-10 03:27:18.994 W/ViewRootImpl(  449): Dropping event due to no window focus: KeyEvent { action=ACTION_DOWN, keyCode=KEYCODE_MENU, scanCode=0, metaState=0, flags=0x8, repeatCount=0, eventTime=4979834, downTime=4979834, deviceId=-1, source=0x101 }
04-10 03:27:19.064 I/ActivityManager(  278): Activity reported stop, but no longer stopping: ActivityRecord{4a895038 u0 com.vphone.launcher/.Launcher t1}
04-10 03:27:19.084 W/ViewRootImpl(  449): Dropping event due to no window focus: KeyEvent { action=ACTION_DOWN, keyCode=KEYCODE_DPAD_UP, scanCode=0, metaState=0, flags=0x8, repeatCount=0, eventTime=4980432, downTime=4980432, deviceId=-1, source=0x101 }
04-10 03:27:20.134 W/ViewRootImpl(  449): Dropping event due to no window focus: KeyEvent { action=ACTION_DOWN, keyCode=KEYCODE_DPAD_LEFT, scanCode=0, metaState=0, flags=0x8, repeatCount=0, eventTime=4980525, downTime=4980525, deviceId=-1, source=0x101 }
04-10 03:27:20.144 W/ContextImpl(  278): Calling a method in the system process without a qualified user: android.app.ContextImpl.sendBroadcast:1123 com.android.server.InputMethodManagerService.hideCurrentInputLocked:1880 com.android.server.InputMethodManagerService.windowGainedFocus:1968 com.android.internal.view.IInputMethodManager$Stub.onTransact:221 com.android.server.InputMethodManagerService.onTransact:818 
04-10 03:27:20.704 I/ActivityManager(  278): START u0 {act=android.intent.action.VIEW cat=[android.intent.category.BROWSABLE] dat=https://bbs.yeshen.com/forum.php?mod=viewthread&tid=11671&extra=page=1 cmp=com.android.browser/.BrowserActivity} from pid 449
04-10 03:27:20.794 W/InputManager(  278): Input event injection from pid 2461 failed.
04-10 03:27:20.794 W/InputManager(  278): Input event injection from pid 2461 failed.
04-10 03:27:20.794 W/InputManager(  278): Input event injection from pid 2461 failed.
04-10 03:27:20.794 W/InputManager(  278): Input event injection from pid 2461 failed.
04-10 03:27:20.794 W/InputManager(  278): Input event injection from pid 2461 failed.
04-10 03:27:20.794 W/InputManager(  278): Input event injection from pid 2461 failed.
04-10 03:27:20.974 W/ActivityManager(  278): Duplicate finish request for ActivityRecord{4ad31b4c u0 com.vphone.launcher/.game.AdDetailActivity t1 f}
04-10 03:27:21.014 W/InputMethodManagerService(  278): Starting input on non-focused client com.android.internal.view.IInputMethodClient$Stub$Proxy@4a8c9d50 (uid=1000 pid=449)
04-10 03:27:21.024 W/ViewRootImpl( 2231): Dropping event due to no window focus: KeyEvent { action=ACTION_DOWN, keyCode=KEYCODE_MEDIA_EJECT, scanCode=0, metaState=0, flags=0x8, repeatCount=0, eventTime=4982444, downTime=4982444, deviceId=-1, source=0x101 }
04-10 03:27:21.034 W/ViewRootImpl( 2231): Dropping event due to no window focus: KeyEvent { action=ACTION_DOWN, keyCode=KEYCODE_DPAD_LEFT, scanCode=0, metaState=0, flags=0x8, repeatCount=0, eventTime=4982464, downTime=4982464, deviceId=-1, source=0x101 }
04-10 03:27:21.184 W/ContextImpl(  278): Calling a method in the system process without a qualified user: android.app.ContextImpl.sendBroadcast:1123 com.android.server.InputMethodManagerService.hideCurrentInputLocked:1880 com.android.server.InputMethodManagerService.windowGainedFocus:1968 com.android.internal.view.IInputMethodManager$Stub.onTransact:221 com.android.server.InputMethodManagerService.onTransact:818 
04-10 03:27:21.214 I/ActivityManager(  278): START u0 {act=android.intent.action.MAIN cat=[android.intent.category.LAUNCHER] flg=0x10200000 cmp=com.android.camera/.Camera} from pid 2461
04-10 03:27:21.554 I/ActivityManager(  278): Config changes=480 {1.0 460mcc2mnc zh_CN ldltr sw480dp w480dp h828dp 240dpi lrg long port finger qwerty/v/v dpad/v s.20}
04-10 03:27:21.634 W/InputMethodManagerService(  278): Starting input on non-focused client com.android.internal.view.IInputMethodClient$Stub$Proxy@4a85f6a8 (uid=10012 pid=2231)
04-10 03:27:22.544 W/ActivityManager(  278): Launch timeout has expired, giving up wake lock!
04-10 03:27:23.114 W/ContextImpl(  278): Calling a method in the system process without a qualified user: android.app.ContextImpl.sendBroadcast:1123 com.android.server.InputMethodManagerService.hideCurrentInputLocked:1880 com.android.server.InputMethodManagerService.windowGainedFocus:2000 com.android.internal.view.IInputMethodManager$Stub.onTransact:221 com.android.server.InputMethodManagerService.onTransact:818 
04-10 03:27:23.124 I/WindowManager(  278): Screen frozen for +1s724ms due to Window{4ab1ac64 u0 com.android.camera/com.android.camera.Camera}
04-10 03:27:23.694 I/ActivityManager(  278): START u0 {act=android.intent.action.MAIN cat=[android.intent.category.LAUNCHER] flg=0x10200000 cmp=com.android.gallery3d/.app.GalleryActivity} from pid 2461
04-10 03:27:24.504 W/ActivityManager(  278): Activity pause timeout for ActivityRecord{4a8b27f0 u0 com.android.camera/.Camera t15}
04-10 03:27:24.654 D/Sensors (  278): Client connection accepted (181)
04-10 03:27:24.944 W/ViewRootImpl(  772): Dropping event due to no window focus: KeyEvent { action=ACTION_DOWN, keyCode=KEYCODE_BUTTON_4, scanCode=0, metaState=0, flags=0x8, repeatCount=0, eventTime=4986309, downTime=4986309, deviceId=-1, source=0x101 }
04-10 03:27:24.974 W/ViewRootImpl(  772): Dropping event due to no window focus: KeyEvent { action=ACTION_DOWN, keyCode=KEYCODE_DPAD_CENTER, scanCode=0, metaState=0, flags=0x8, repeatCount=0, eventTime=4986309, downTime=4986309, deviceId=-1, source=0x101 }
04-10 03:27:24.984 W/ViewRootImpl(  772): Dropping event due to no window focus: KeyEvent { action=ACTION_DOWN, keyCode=KEYCODE_DPAD_UP, scanCode=0, metaState=0, flags=0x8, repeatCount=0, eventTime=4986408, downTime=4986408, deviceId=-1, source=0x101 }
04-10 03:27:25.034 W/ViewRootImpl(  772): Dropping event due to no window focus: KeyEvent { action=ACTION_DOWN, keyCode=KEYCODE_DPAD_UP, scanCode=0, metaState=0, flags=0x8, repeatCount=0, eventTime=4986428, downTime=4986428, deviceId=-1, source=0x101 }
04-10 03:27:25.624 W/ContextImpl(  278): Calling a method in the system process without a qualified user: android.app.ContextImpl.sendBroadcast:1123 com.android.server.InputMethodManagerService.hideCurrentInputLocked:1880 com.android.server.InputMethodManagerService.windowGainedFocus:1968 com.android.internal.view.IInputMethodManager$Stub.onTransact:221 com.android.server.InputMethodManagerService.onTransact:818 
04-10 03:27:27.964 W/ViewRootImpl(  772): Dropping event due to no window focus: KeyEvent { action=ACTION_DOWN, keyCode=KEYCODE_MENU, scanCode=0, metaState=0, flags=0x8, repeatCount=0, eventTime=4989064, downTime=4989064, deviceId=-1, source=0x101 }
04-10 03:27:28.144 W/InputMethodManagerService(  278): Window already focused, ignoring focus gain of: com.android.internal.view.IInputMethodClient$Stub$Proxy@4a7f6b48 attribute=null, token = android.os.BinderProxy@4aa2e164
04-10 03:27:28.224 W/ViewRootImpl(  772): Dropping event due to no window focus: KeyEvent { action=ACTION_DOWN, keyCode=KEYCODE_MENU, scanCode=0, metaState=0, flags=0x8, repeatCount=0, eventTime=4989616, downTime=4989616, deviceId=-1, source=0x101 }
04-10 03:27:28.284 W/ViewRootImpl(  772): Dropping event due to no window focus: KeyEvent { action=ACTION_DOWN, keyCode=KEYCODE_BUTTON_R2, scanCode=0, metaState=0, flags=0x8, repeatCount=0, eventTime=4989664, downTime=4989664, deviceId=-1, source=0x101 }
04-10 03:27:28.304 W/ViewRootImpl(  772): Dropping event due to root view being removed: MotionEvent { action=ACTION_UP, id[0]=0, x[0]=-213.82457, y[0]=3.9347763, toolType[0]=TOOL_TYPE_UNKNOWN, buttonState=0, metaState=0, flags=0x0, edgeFlags=0x0, pointerCount=1, historySize=0, eventTime=4989728, downTime=4989726, deviceId=0, source=0x1002 }
04-10 03:27:28.304 W/ViewRootImpl(  772): Dropping event due to root view being removed: MotionEvent { action=ACTION_MOVE, id[0]=0, x[0]=1.0, y[0]=-3.0, toolType[0]=TOOL_TYPE_UNKNOWN, buttonState=0, metaState=0, flags=0x0, edgeFlags=0x0, pointerCount=1, historySize=8, eventTime=4989734, downTime=-1, deviceId=0, source=0x10004 }
04-10 03:27:28.304 W/InputMethodManagerService(  278): Window already focused, ignoring focus gain of: com.android.internal.view.IInputMethodClient$Stub$Proxy@4a8d78f0 attribute=android.view.inputmethod.EditorInfo@4aa4f3f8, token = android.os.BinderProxy@4aa2e164
04-10 03:27:28.374 W/ViewRootImpl(  772): Dropping event due to no window focus: KeyEvent { action=ACTION_DOWN, keyCode=KEYCODE_DPAD_CENTER, scanCode=0, metaState=0, flags=0x8, repeatCount=0, eventTime=4989785, downTime=4989785, deviceId=-1, source=0x101 }
04-10 03:27:28.464 I/ActivityManager(  278): START u0 {act=android.intent.action.CALL_BUTTON flg=0x10000000} from pid 772
04-10 03:27:28.464 W/PhoneFallbackEventHandler(  772): No activity found for android.intent.action.CALL_BUTTON.
04-10 03:27:28.484 I/ActivityManager(  278): START u0 {act=android.intent.action.MAIN cat=[android.intent.category.LAUNCHER] flg=0x10200000 cmp=com.zzb.memoryleak/.MainActivity} from pid 2461
04-10 03:27:28.604 W/ViewRootImpl(  772): Dropping event due to root view being removed: MotionEvent { action=ACTION_UP, id[0]=0, x[0]=609.6071, y[0]=803.4544, toolType[0]=TOOL_TYPE_UNKNOWN, buttonState=0, metaState=0, flags=0x0, edgeFlags=0x0, pointerCount=1, historySize=0, eventTime=4989902, downTime=4989900, deviceId=0, source=0x1002 }
04-10 03:27:28.604 W/InputMethodManagerService(  278): Window already focused, ignoring focus gain of: com.android.internal.view.IInputMethodClient$Stub$Proxy@4a8a158c attribute=android.view.inputmethod.EditorInfo@4a8b28d0, token = android.os.BinderProxy@4aa2e164
04-10 03:27:28.964 W/ViewRootImpl( 2302): Dropping event due to no window focus: KeyEvent { action=ACTION_DOWN, keyCode=KEYCODE_DPAD_RIGHT, scanCode=0, metaState=0, flags=0x8, repeatCount=0, eventTime=4990285, downTime=4990285, deviceId=-1, source=0x101 }
04-10 03:27:28.994 W/ContextImpl(  278): Calling a method in the system process without a qualified user: android.app.ContextImpl.sendBroadcast:1123 com.android.server.InputMethodManagerService.hideCurrentInputLocked:1880 com.android.server.InputMethodManagerService.windowGainedFocus:1968 com.android.internal.view.IInputMethodManager$Stub.onTransact:221 com.android.server.InputMethodManagerService.onTransact:818 
04-10 03:27:32.504 W/ContextImpl(  278): Calling a method in the system process without a qualified user: android.app.ContextImpl.sendBroadcast:1123 com.android.server.InputMethodManagerService.hideCurrentInputLocked:1880 com.android.server.InputMethodManagerService.windowGainedFocus:1968 com.android.internal.view.IInputMethodManager$Stub.onTransact:221 com.android.server.InputMethodManagerService.onTransact:818 
04-10 03:27:32.544 W/ViewRootImpl( 2302): Dropping event due to no window focus: KeyEvent { action=ACTION_MULTIPLE, keyCode=KEYCODE_DPAD_RIGHT, scanCode=0, metaState=0, flags=0x400, repeatCount=76, eventTime=4993962, downTime=4993962, deviceId=-1, source=0x101 }
04-10 03:27:32.544 W/ViewRootImpl( 2302): Dropping event due to no window focus: KeyEvent { action=ACTION_DOWN, keyCode=KEYCODE_DPAD_RIGHT, scanCode=0, metaState=0, flags=0x400, repeatCount=0, eventTime=4993962, downTime=4993962, deviceId=-1, source=0x101 }
04-10 03:27:32.544 W/ViewRootImpl( 2302): Dropping event due to no window focus: KeyEvent { action=ACTION_DOWN, keyCode=KEYCODE_DPAD_RIGHT, scanCode=0, metaState=0, flags=0x400, repeatCount=0, eventTime=4993962, downTime=4993962, deviceId=-1, source=0x101 }
04-10 03:27:32.544 W/ViewRootImpl( 2302): Dropping event due to no window focus: KeyEvent { action=ACTION_DOWN, keyCode=KEYCODE_DPAD_RIGHT, scanCode=0, metaState=0, flags=0x400, repeatCount=0, eventTime=4993962, downTime=4993962, deviceId=-1, source=0x101 }
04-10 03:27:33.384 W/ViewRootImpl(  772): Dropping event due to no window focus: KeyEvent { action=ACTION_DOWN, keyCode=KEYCODE_CAPS_LOCK, scanCode=0, metaState=0, flags=0x8, repeatCount=0, eventTime=4994798, downTime=4994798, deviceId=-1, source=0x101 }
04-10 03:27:33.384 W/ContextImpl(  278): Calling a method in the system process without a qualified user: android.app.ContextImpl.sendBroadcast:1123 com.android.server.InputMethodManagerService.hideCurrentInputLocked:1880 com.android.server.InputMethodManagerService.windowGainedFocus:1968 com.android.internal.view.IInputMethodManager$Stub.onTransact:221 com.android.server.InputMethodManagerService.onTransact:818 
04-10 03:27:33.804 I/ActivityManager(  278): START u0 {act=android.intent.action.MAIN cat=[android.intent.category.LAUNCHER] flg=0x10200000 cmp=com.vphone.helper/.MainActivity} from pid 2461
04-10 03:27:34.234 I/NotificationService(  278): cancelToast pkg=com.android.gallery3d callback=android.app.ITransientNotification$Stub$Proxy@4ad3de3c
04-10 03:27:34.254 I/ActivityManager(  278): Start proc com.vphone.helper for activity com.vphone.helper/.MainActivity: pid=3110 uid=1000 gids={41000, 1028, 1015, 1023, 3002, 3001, 3003, 1007}
04-10 03:27:34.384 I/ActivityManager(  278): Config changes=480 {1.0 460mcc2mnc zh_CN ldltr sw480dp w853dp h454dp 240dpi lrg long land finger qwerty/v/v dpad/v s.21}
04-10 03:27:34.524 W/InputMethodManagerService(  278): Starting input on non-focused client com.android.internal.view.IInputMethodClient$Stub$Proxy@4a85f6a8 (uid=10012 pid=2231)
04-10 03:27:35.394 W/ContextImpl(  278): Calling a method in the system process without a qualified user: android.app.ContextImpl.sendBroadcast:1123 com.android.server.InputMethodManagerService.hideCurrentInputLocked:1880 com.android.server.InputMethodManagerService.windowGainedFocus:1968 com.android.internal.view.IInputMethodManager$Stub.onTransact:221 com.android.server.InputMethodManagerService.onTransact:818 
04-10 03:27:35.564 I/WindowManager(  278): Screen frozen for +1s265ms due to Window{4ad48ef0 u0 com.vphone.helper/com.vphone.helper.MainActivity}
04-10 03:27:36.764 W/ViewRootImpl( 3110): Dropping event due to no window focus: KeyEvent { action=ACTION_DOWN, keyCode=KEYCODE_DPAD_DOWN, scanCode=0, metaState=0, flags=0x8, repeatCount=0, eventTime=4998195, downTime=4998195, deviceId=-1, source=0x101 }
04-10 03:27:36.874 W/InputMethodManagerService(  278): Window already focused, ignoring focus gain of: com.android.internal.view.IInputMethodClient$Stub$Proxy@4a84b244 attribute=android.view.inputmethod.EditorInfo@4aa4d93c, token = android.os.BinderProxy@4a8b5f0c
04-10 03:27:37.024 W/ViewRootImpl( 3110): Dropping event due to no window focus: KeyEvent { action=ACTION_DOWN, keyCode=KEYCODE_CALL, scanCode=0, metaState=0, flags=0x8, repeatCount=0, eventTime=4998441, downTime=4998441, deviceId=-1, source=0x101 }
04-10 03:27:37.244 W/ViewRootImpl( 3110): Dropping event due to no window focus: KeyEvent { action=ACTION_DOWN, keyCode=KEYCODE_RO, scanCode=0, metaState=0, flags=0x8, repeatCount=0, eventTime=4998467, downTime=4998467, deviceId=-1, source=0x101 }
04-10 03:27:37.664 W/ViewRootImpl( 3110): Dropping event due to no window focus: KeyEvent { action=ACTION_DOWN, keyCode=KEYCODE_DPAD_CENTER, scanCode=0, metaState=0, flags=0x8, repeatCount=0, eventTime=4999101, downTime=4999101, deviceId=-1, source=0x101 }
04-10 03:27:37.664 W/InputMethodManagerService(  278): Window already focused, ignoring focus gain of: com.android.internal.view.IInputMethodClient$Stub$Proxy@4a8c1c7c attribute=android.view.inputmethod.EditorInfo@4aa65024, token = android.os.BinderProxy@4a8b5f0c
04-10 03:27:38.084 W/ViewRootImpl( 3110): Dropping event due to no window focus: KeyEvent { action=ACTION_DOWN, keyCode=KEYCODE_DPAD_DOWN, scanCode=0, metaState=0, flags=0x8, repeatCount=0, eventTime=4999382, downTime=4999382, deviceId=-1, source=0x101 }
04-10 03:27:38.144 D/Sensors (  278): Client connection accepted (199)
04-10 03:27:38.264 W/ViewRootImpl( 3110): Dropping event due to no window focus: KeyEvent { action=ACTION_DOWN, keyCode=KEYCODE_MENU, scanCode=0, metaState=0, flags=0x8, repeatCount=0, eventTime=4999546, downTime=4999546, deviceId=-1, source=0x101 }
04-10 03:27:38.694 W/InputMethodManagerService(  278): Window already focused, ignoring focus gain of: com.android.internal.view.IInputMethodClient$Stub$Proxy@4ab356ec attribute=android.view.inputmethod.EditorInfo@4ad3223c, token = android.os.BinderProxy@4a8b5f0c
04-10 03:27:39.984 W/ViewRootImpl( 3110): Dropping event due to no window focus: KeyEvent { action=ACTION_DOWN, keyCode=KEYCODE_DPAD_CENTER, scanCode=0, metaState=0, flags=0x8, repeatCount=0, eventTime=5001409, downTime=5001409, deviceId=-1, source=0x101 }
04-10 03:27:40.034 W/ViewRootImpl( 3110): Dropping event due to no window focus: KeyEvent { action=ACTION_DOWN, keyCode=KEYCODE_DPAD_CENTER, scanCode=0, metaState=0, flags=0x8, repeatCount=0, eventTime=5001425, downTime=5001425, deviceId=-1, source=0x101 }
04-10 03:27:40.174 W/InputMethodManagerService(  278): Window already focused, ignoring focus gain of: com.android.internal.view.IInputMethodClient$Stub$Proxy@4ab14280 attribute=android.view.inputmethod.EditorInfo@4ad36e30, token = android.os.BinderProxy@4a8b5f0c
04-10 03:27:41.054 W/ViewRootImpl(  772): Dropping event due to no window focus: KeyEvent { action=ACTION_DOWN, keyCode=KEYCODE_BACK, scanCode=158, metaState=0, flags=0x8, repeatCount=0, eventTime=5002031, downTime=5002031, deviceId=-1, source=0x101 }
04-10 03:27:41.064 W/ViewRootImpl(  772): Dropping event due to no window focus: KeyEvent { action=ACTION_DOWN, keyCode=KEYCODE_BACK, scanCode=158, metaState=0, flags=0x8, repeatCount=0, eventTime=5002035, downTime=5002035, deviceId=-1, source=0x101 }
04-10 03:27:41.134 W/ContextImpl(  278): Calling a method in the system process without a qualified user: android.app.ContextImpl.sendBroadcast:1123 com.android.server.InputMethodManagerService.hideCurrentInputLocked:1880 com.android.server.InputMethodManagerService.windowGainedFocus:1968 com.android.internal.view.IInputMethodManager$Stub.onTransact:221 com.android.server.InputMethodManagerService.onTransact:818 
04-10 03:27:41.764 I/ActivityManager(  278): Config changes=480 {1.0 460mcc2mnc zh_CN ldltr sw480dp w480dp h828dp 240dpi lrg long port finger qwerty/v/v dpad/v s.22}
04-10 03:27:41.854 W/InputMethodManagerService(  278): Starting input on non-focused client com.android.internal.view.IInputMethodClient$Stub$Proxy@4a85f6a8 (uid=10012 pid=2231)
04-10 03:27:41.894 I/WindowManager(  278): Screen frozen for +213ms due to Window{4ad48ef0 u0 com.vphone.helper/com.vphone.helper.MainActivity}
04-10 03:27:42.504 W/ViewRootImpl( 2533): Dropping event due to no window focus: KeyEvent { action=ACTION_DOWN, keyCode=KEYCODE_BACK, scanCode=158, metaState=0, flags=0x8, repeatCount=0, eventTime=5002039, downTime=5002039, deviceId=-1, source=0x101 }
04-10 03:27:42.514 W/ViewRootImpl( 2533): Dropping event due to no window focus: KeyEvent { action=ACTION_DOWN, keyCode=KEYCODE_MANNER_MODE, scanCode=0, metaState=0, flags=0x8, repeatCount=0, eventTime=5002447, downTime=5002447, deviceId=-1, source=0x101 }
04-10 03:27:42.734 W/ViewRootImpl( 2533): Dropping event due to no window focus: KeyEvent { action=ACTION_DOWN, keyCode=KEYCODE_DPAD_CENTER, scanCode=0, metaState=0, flags=0x8, repeatCount=0, eventTime=5003955, downTime=5003955, deviceId=-1, source=0x101 }
04-10 03:27:42.734 W/ContextImpl(  278): Calling a method in the system process without a qualified user: android.app.ContextImpl.sendBroadcast:1123 com.android.server.InputMethodManagerService.hideCurrentInputLocked:1880 com.android.server.InputMethodManagerService.windowGainedFocus:2000 com.android.internal.view.IInputMethodManager$Stub.onTransact:221 com.android.server.InputMethodManagerService.onTransact:818 
04-10 03:27:43.074 D/Sensors (  278): Client connection accepted (206)
04-10 03:27:43.524 I/ActivityManager(  278): START u0 {act=android.intent.action.MAIN cat=[android.intent.category.HOME] flg=0x10200000 cmp=com.vphone.launcher/.Launcher} from pid 278
04-10 03:27:43.704 I/ActivityManager(  278): Killing 1143:com.svox.pico/u0a23 (adj 15): empty for 1903s
04-10 03:27:43.994 W/InputManager(  278): Input event injection from pid 2461 failed.
04-10 03:27:44.204 W/ActivityManager(  278): Activity pause timeout for ActivityRecord{4a8b27f0 u0 com.android.camera/.Camera t15}
04-10 03:27:44.434 W/ContextImpl(  449): Calling a method in the system process without a qualified user: android.app.ContextImpl.startService:1492 android.content.ContextWrapper.startService:494 com.vphone.launcher.Launcher.g:677 com.vphone.launcher.Launcher.a:176 com.vphone.launcher.Launcher$11.run:633 
04-10 03:27:44.884 W/ViewRootImpl(  449): Dropping event due to no window focus: KeyEvent { action=ACTION_DOWN, keyCode=KEYCODE_DPAD_DOWN, scanCode=0, metaState=0, flags=0x8, repeatCount=0, eventTime=5005648, downTime=5005648, deviceId=-1, source=0x101 }
04-10 03:27:44.884 W/ViewRootImpl(  449): Dropping event due to no window focus: KeyEvent { action=ACTION_DOWN, keyCode=KEYCODE_MENU, scanCode=0, metaState=0, flags=0x8, repeatCount=0, eventTime=5006314, downTime=5006314, deviceId=-1, source=0x101 }
04-10 03:27:45.514 W/ContextImpl(  278): Calling a method in the system process without a qualified user: android.app.ContextImpl.sendBroadcast:1123 com.android.server.InputMethodManagerService.hideCurrentInputLocked:1880 com.android.server.InputMethodManagerService.windowGainedFocus:1968 com.android.internal.view.IInputMethodManager$Stub.onTransact:221 com.android.server.InputMethodManagerService.onTransact:818 
04-10 03:27:47.734 I/ActivityManager(  278): START u0 {act=android.intent.action.MAIN cat=[android.intent.category.LAUNCHER] flg=0x10200000 cmp=com.android.gallery3d/.app.GalleryActivity bnds=[422,1130][560,1272]} from pid 449
04-10 03:27:47.774 W/ContextImpl(  449): Calling a method in the system process without a qualified user: android.app.ContextImpl.sendBroadcast:1137 android.content.ContextWrapper.sendBroadcast:370 com.vphone.launcher.Stats.recordLaunch:129 com.vphone.launcher.Launcher.c:3179 com.vphone.launcher.Launcher.onClickAppShortcut:3117 
04-10 03:27:48.334 D/Sensors (  278): Client connection accepted (215)
04-10 03:27:48.374 W/ViewRootImpl(  772): Dropping event due to no window focus: KeyEvent { action=ACTION_DOWN, keyCode=KEYCODE_DPAD_UP, scanCode=0, metaState=0, flags=0x8, repeatCount=0, eventTime=5009122, downTime=5009122, deviceId=-1, source=0x101 }
04-10 03:27:48.554 W/ViewRootImpl(  772): Dropping event due to no window focus: KeyEvent { action=ACTION_DOWN, keyCode=KEYCODE_DPAD_DOWN, scanCode=0, metaState=0, flags=0x8, repeatCount=0, eventTime=5009818, downTime=5009818, deviceId=-1, source=0x101 }
04-10 03:27:48.604 W/ViewRootImpl(  772): Dropping event due to no window focus: KeyEvent { action=ACTION_DOWN, keyCode=KEYCODE_DPAD_DOWN, scanCode=0, metaState=0, flags=0x8, repeatCount=0, eventTime=5009999, downTime=5009999, deviceId=-1, source=0x101 }
04-10 03:27:48.624 W/ContextImpl(  278): Calling a method in the system process without a qualified user: android.app.ContextImpl.sendBroadcast:1123 com.android.server.InputMethodManagerService.hideCurrentInputLocked:1880 com.android.server.InputMethodManagerService.windowGainedFocus:1968 com.android.internal.view.IInputMethodManager$Stub.onTransact:221 com.android.server.InputMethodManagerService.onTransact:818 
04-10 03:27:49.004 I/ActivityManager(  278): Config changes=480 {1.0 460mcc2mnc zh_CN ldltr sw480dp w853dp h454dp 240dpi lrg long land finger qwerty/v/v dpad/v s.23}
04-10 03:27:49.234 W/InputMethodManagerService(  278): Starting input on non-focused client com.android.internal.view.IInputMethodClient$Stub$Proxy@4a85f6a8 (uid=10012 pid=2231)
04-10 03:27:49.664 I/WindowManager(  278): Screen frozen for +821ms due to Window{4a8cedec u0 PopupWindow:4a86ad68}
04-10 03:27:49.704 I/ActivityManager(  278): START u0 {act=android.intent.action.MAIN cat=[android.intent.category.LAUNCHER] flg=0x10000000 sel={act=android.intent.action.MAIN cat=[android.intent.category.APP_EMAIL]}} from pid 278
04-10 03:27:50.314 W/ViewRootImpl(  772): Dropping event due to root view being removed: MotionEvent { action=ACTION_DOWN, id[0]=0, x[0]=26.0, y[0]=624.0, toolType[0]=TOOL_TYPE_UNKNOWN, buttonState=0, metaState=0, flags=0x0, edgeFlags=0x0, pointerCount=1, historySize=0, eventTime=5011713, downTime=5011713, deviceId=0, source=0x1002 }
04-10 03:27:50.314 W/ViewRootImpl(  772): Dropping event due to root view being removed: MotionEvent { action=ACTION_MOVE, id[0]=0, x[0]=46.63893, y[0]=641.14813, toolType[0]=TOOL_TYPE_UNKNOWN, buttonState=0, metaState=0, flags=0x0, edgeFlags=0x0, pointerCount=1, historySize=1, eventTime=5011715, downTime=5011713, deviceId=0, source=0x1002 }
04-10 03:27:50.314 W/ViewRootImpl(  772): Dropping event due to root view being removed: MotionEvent { action=ACTION_UP, id[0]=0, x[0]=60.5626, y[0]=665.12067, toolType[0]=TOOL_TYPE_UNKNOWN, buttonState=0, metaState=0, flags=0x0, edgeFlags=0x0, pointerCount=1, historySize=0, eventTime=5011716, downTime=5011713, deviceId=0, source=0x1002 }
04-10 03:27:50.314 W/ViewRootImpl(  772): Dropping event due to root view being removed: MotionEvent { action=ACTION_MOVE, id[0]=0, x[0]=4.0, y[0]=-3.0, toolType[0]=TOOL_TYPE_UNKNOWN, buttonState=0, metaState=0, flags=0x0, edgeFlags=0x0, pointerCount=1, historySize=9, eventTime=5011711, downTime=-1, deviceId=0, source=0x10004 }
04-10 03:27:50.314 W/ViewRootImpl(  772): Dropping event due to no window focus: KeyEvent { action=ACTION_DOWN, keyCode=KEYCODE_DPAD_RIGHT, scanCode=0, metaState=0, flags=0x8, repeatCount=0, eventTime=5011751, downTime=5011751, deviceId=-1, source=0x101 }
04-10 03:27:50.574 W/InputMethodManagerService(  278): Window already focused, ignoring focus gain of: com.android.internal.view.IInputMethodClient$Stub$Proxy@4ab14d38 attribute=null, token = android.os.BinderProxy@4a8c2e04
04-10 03:27:50.624 I/NotificationService(  278): cancelToast pkg=com.android.gallery3d callback=android.app.ITransientNotification$Stub$Proxy@4a89d518
04-10 03:27:50.784 D/Sensors (  278): Client connection accepted (173)
04-10 03:27:52.284 W/NativeCrashListener(  278): Couldn't find ProcessRecord for pid 3279
04-10 03:27:52.944 W/ViewRootImpl(  772): Dropping event due to no window focus: KeyEvent { action=ACTION_DOWN, keyCode=KEYCODE_DPAD_LEFT, scanCode=0, metaState=0, flags=0x8, repeatCount=0, eventTime=5014236, downTime=5014236, deviceId=-1, source=0x101 }
04-10 03:27:52.974 W/ViewRootImpl(  772): Dropping event due to root view being removed: MotionEvent { action=ACTION_UP, id[0]=0, x[0]=-625.2539, y[0]=483.26666, toolType[0]=TOOL_TYPE_UNKNOWN, buttonState=0, metaState=0, flags=0x0, edgeFlags=0x0, pointerCount=1, historySize=0, eventTime=5014384, downTime=5014383, deviceId=0, source=0x1002 }
04-10 03:27:53.034 W/InputMethodManagerService(  278): Window already focused, ignoring focus gain of: com.android.internal.view.IInputMethodClient$Stub$Proxy@4aa5b114 attribute=null, token = android.os.BinderProxy@4a8c2e04
04-10 03:27:53.134 W/ViewRootImpl(  772): Dropping event due to no window focus: KeyEvent { action=ACTION_DOWN, keyCode=KEYCODE_MENU, scanCode=0, metaState=0, flags=0x8, repeatCount=0, eventTime=5014544, downTime=5014544, deviceId=-1, source=0x101 }
04-10 03:27:53.234 W/InputMethodManagerService(  278): Window already focused, ignoring focus gain of: com.android.internal.view.IInputMethodClient$Stub$Proxy@4a876f40 attribute=null, token = android.os.BinderProxy@4a8c2e04
04-10 03:27:53.394 I/ActivityManager(  278): START u0 {act=android.intent.action.CALL_BUTTON flg=0x10000000} from pid 772
04-10 03:27:53.394 W/PhoneFallbackEventHandler(  772): No activity found for android.intent.action.CALL_BUTTON.
04-10 03:27:53.574 W/ViewRootImpl(  772): Dropping event due to no window focus: KeyEvent { action=ACTION_DOWN, keyCode=KEYCODE_MENU, scanCode=0, metaState=0, flags=0x8, repeatCount=0, eventTime=5014986, downTime=5014986, deviceId=-1, source=0x101 }
04-10 03:27:53.774 W/ViewRootImpl(  772): Dropping event due to no window focus: KeyEvent { action=ACTION_DOWN, keyCode=KEYCODE_DPAD_UP, scanCode=0, metaState=0, flags=0x8, repeatCount=0, eventTime=5015023, downTime=5015023, deviceId=-1, source=0x101 }
04-10 03:27:53.834 W/ViewRootImpl(  772): Dropping event due to root view being removed: MotionEvent { action=ACTION_UP, id[0]=0, x[0]=-588.9945, y[0]=468.64026, toolType[0]=TOOL_TYPE_UNKNOWN, buttonState=0, metaState=0, flags=0x0, edgeFlags=0x0, pointerCount=1, historySize=0, eventTime=5015219, downTime=5015218, deviceId=0, source=0x1002 }
04-10 03:27:53.874 W/InputMethodManagerService(  278): Window already focused, ignoring focus gain of: com.android.internal.view.IInputMethodClient$Stub$Proxy@4ab189b0 attribute=android.view.inputmethod.EditorInfo@4ab13860, token = android.os.BinderProxy@4a8c2e04
04-10 03:27:53.964 W/ViewRootImpl(  772): Dropping event due to no window focus: KeyEvent { action=ACTION_DOWN, keyCode=KEYCODE_DPAD_CENTER, scanCode=0, metaState=0, flags=0x8, repeatCount=0, eventTime=5015382, downTime=5015382, deviceId=-1, source=0x101 }
04-10 03:27:54.024 W/ViewRootImpl(  772): Dropping event due to no window focus: KeyEvent { action=ACTION_DOWN, keyCode=KEYCODE_G, scanCode=0, metaState=0, flags=0x8, repeatCount=0, eventTime=5015407, downTime=5015407, deviceId=-1, source=0x101 }
04-10 03:27:54.064 W/ViewRootImpl(  772): Dropping event due to root view being removed: MotionEvent { action=ACTION_UP, id[0]=0, x[0]=499.7541, y[0]=162.01407, toolType[0]=TOOL_TYPE_UNKNOWN, buttonState=0, metaState=0, flags=0x0, edgeFlags=0x0, pointerCount=1, historySize=0, eventTime=5015468, downTime=5015467, deviceId=0, source=0x1002 }
04-10 03:27:54.094 W/InputMethodManagerService(  278): Window already focused, ignoring focus gain of: com.android.internal.view.IInputMethodClient$Stub$Proxy@4a7f3cd4 attribute=android.view.inputmethod.EditorInfo@4ac6251c, token = android.os.BinderProxy@4a8c2e04
04-10 03:27:54.224 W/ViewRootImpl(  772): Dropping event due to no window focus: KeyEvent { action=ACTION_DOWN, keyCode=KEYCODE_META_RIGHT, scanCode=0, metaState=0, flags=0x8, repeatCount=0, eventTime=5015638, downTime=5015638, deviceId=-1, source=0x101 }
04-10 03:27:54.284 W/ViewRootImpl(  772): Dropping event due to no window focus: KeyEvent { action=ACTION_DOWN, keyCode=KEYCODE_DPAD_LEFT, scanCode=0, metaState=0, flags=0x8, repeatCount=0, eventTime=5015671, downTime=5015671, deviceId=-1, source=0x101 }
04-10 03:27:54.324 W/InputManager(  278): Input event injection from pid 2461 failed.
04-10 03:27:54.324 W/ViewRootImpl(  772): Dropping event due to root view being removed: MotionEvent { action=ACTION_UP, id[0]=0, x[0]=-178.23596, y[0]=308.69952, toolType[0]=TOOL_TYPE_UNKNOWN, buttonState=0, metaState=0, flags=0x0, edgeFlags=0x0, pointerCount=1, historySize=0, eventTime=5015731, downTime=5015730, deviceId=0, source=0x1002 }
04-10 03:27:54.334 W/InputManager(  278): Input event injection from pid 2461 failed.
04-10 03:27:54.334 W/InputMethodManagerService(  278): Window already focused, ignoring focus gain of: com.android.internal.view.IInputMethodClient$Stub$Proxy@4a84c4bc attribute=android.view.inputmethod.EditorInfo@4ad248c4, token = android.os.BinderProxy@4a8c2e04
04-10 03:27:54.334 W/InputManager(  278): Input event injection from pid 2461 failed.
04-10 03:27:54.334 W/InputManager(  278): Input event injection from pid 2461 failed.
04-10 03:27:54.334 W/InputManager(  278): Input event injection from pid 2461 failed.
04-10 03:27:54.334 W/InputManager(  278): Input event injection from pid 2461 failed.
04-10 03:27:54.884 I/NotificationService(  278): cancelToast pkg=com.android.gallery3d callback=android.app.ITransientNotification$Stub$Proxy@4ad6e120
04-10 03:27:54.904 W/ViewRootImpl(  772): Dropping event due to no window focus: KeyEvent { action=ACTION_DOWN, keyCode=KEYCODE_DPAD_DOWN, scanCode=0, metaState=0, flags=0x400, repeatCount=0, eventTime=5016332, downTime=5016332, deviceId=-1, source=0x101 }
04-10 03:27:54.904 W/ViewRootImpl(  772): Dropping event due to no window focus: KeyEvent { action=ACTION_DOWN, keyCode=KEYCODE_DPAD_DOWN, scanCode=0, metaState=0, flags=0x400, repeatCount=0, eventTime=5016332, downTime=5016332, deviceId=-1, source=0x101 }
04-10 03:27:55.004 W/ContextImpl(  449): Calling a method in the system process without a qualified user: android.app.ContextImpl.startService:1492 android.content.ContextWrapper.startService:494 com.vphone.launcher.Launcher.g:677 com.vphone.launcher.Launcher.a:176 com.vphone.launcher.Launcher$11.run:633 
04-10 03:27:55.464 W/ViewRootImpl(  449): Dropping event due to no window focus: KeyEvent { action=ACTION_DOWN, keyCode=KEYCODE_DPAD_CENTER, scanCode=0, metaState=0, flags=0x8, repeatCount=0, eventTime=5016160, downTime=5016160, deviceId=-1, source=0x101 }
04-10 03:27:55.474 W/ViewRootImpl(  449): Dropping event due to no window focus: KeyEvent { action=ACTION_DOWN, keyCode=KEYCODE_DPAD_DOWN, scanCode=0, metaState=0, flags=0x8, repeatCount=0, eventTime=5016904, downTime=5016904, deviceId=-1, source=0x101 }
04-10 03:27:55.484 W/ViewRootImpl(  449): Dropping event due to no window focus: MotionEvent { action=ACTION_MOVE, id[0]=0, x[0]=-2.0, y[0]=-1.0, toolType[0]=TOOL_TYPE_UNKNOWN, buttonState=0, metaState=0, flags=0x0, edgeFlags=0x0, pointerCount=1, historySize=0, eventTime=5016911, downTime=-1, deviceId=0, source=0x10004 }
04-10 03:27:55.714 W/ContextImpl(  278): Calling a method in the system process without a qualified user: android.app.ContextImpl.sendBroadcast:1123 com.android.server.InputMethodManagerService.hideCurrentInputLocked:1880 com.android.server.InputMethodManagerService.windowGainedFocus:1968 com.android.internal.view.IInputMethodManager$Stub.onTransact:221 com.android.server.InputMethodManagerService.onTransact:818 
04-10 03:27:56.634 I/ActivityManager(  278): START u0 {act=android.intent.action.MAIN cat=[android.intent.category.LAUNCHER] flg=0x10200000 cmp=com.android.gallery3d/.app.GalleryActivity bnds=[744,612][952,720]} from pid 449
04-10 03:27:56.694 W/ContextImpl(  449): Calling a method in the system process without a qualified user: android.app.ContextImpl.sendBroadcast:1137 android.content.ContextWrapper.sendBroadcast:370 com.vphone.launcher.Stats.recordLaunch:129 com.vphone.launcher.Launcher.c:3179 com.vphone.launcher.Launcher.onClickAppShortcut:3117 
04-10 03:27:56.714 I/ActivityManager(  278): START u0 {act=android.intent.action.MAIN cat=[android.intent.category.LAUNCHER] flg=0x10200000 cmp=com.bignox.google.installer/.MainActivity bnds=[113,299][324,425] (has extras)} from pid 449
04-10 03:27:56.734 W/ContextImpl(  449): Calling a method in the system process without a qualified user: android.app.ContextImpl.sendBroadcast:1137 android.content.ContextWrapper.sendBroadcast:370 com.vphone.launcher.Stats.recordLaunch:129 com.vphone.launcher.Launcher.c:3179 com.vphone.launcher.Launcher.onClickAppShortcut:3117 
04-10 03:27:57.324 W/ViewRootImpl( 2139): Dropping event due to no window focus: KeyEvent { action=ACTION_DOWN, keyCode=KEYCODE_MEDIA_FAST_FORWARD, scanCode=0, metaState=0, flags=0x8, repeatCount=0, eventTime=5017936, downTime=5017936, deviceId=-1, source=0x101 }
04-10 03:27:57.714 W/ViewRootImpl( 2139): Dropping event due to no window focus: KeyEvent { action=ACTION_DOWN, keyCode=KEYCODE_DPAD_CENTER, scanCode=0, metaState=0, flags=0x8, repeatCount=0, eventTime=5018765, downTime=5018765, deviceId=-1, source=0x101 }
04-10 03:27:57.734 W/ContextImpl(  278): Calling a method in the system process without a qualified user: android.app.ContextImpl.sendBroadcast:1123 com.android.server.InputMethodManagerService.hideCurrentInputLocked:1880 com.android.server.InputMethodManagerService.windowGainedFocus:1968 com.android.internal.view.IInputMethodManager$Stub.onTransact:221 com.android.server.InputMethodManagerService.onTransact:818 
04-10 03:27:57.764 I/ActivityManager(  278): START u0 {act=android.intent.action.MAIN cat=[android.intent.category.LAUNCHER] flg=0x10200000 cmp=com.android.contacts/.activities.PeopleActivity} from pid 2461
04-10 03:27:58.614 W/ViewRootImpl( 2174): Dropping event due to no window focus: KeyEvent { action=ACTION_DOWN, keyCode=KEYCODE_SPACE, scanCode=0, metaState=0, flags=0x8, repeatCount=0, eventTime=5019372, downTime=5019372, deviceId=-1, source=0x101 }
04-10 03:27:58.634 W/ViewRootImpl( 2174): Dropping event due to no window focus: KeyEvent { action=ACTION_DOWN, keyCode=KEYCODE_F7, scanCode=0, metaState=0, flags=0x8, repeatCount=0, eventTime=5020060, downTime=5020060, deviceId=-1, source=0x101 }
04-10 03:27:58.874 W/ViewRootImpl( 2174): Dropping event due to no window focus: KeyEvent { action=ACTION_DOWN, keyCode=KEYCODE_DPAD_DOWN, scanCode=0, metaState=0, flags=0x8, repeatCount=0, eventTime=5020087, downTime=5020087, deviceId=-1, source=0x101 }
04-10 03:27:58.954 W/ContextImpl(  278): Calling a method in the system process without a qualified user: android.app.ContextImpl.sendBroadcast:1123 com.android.server.InputMethodManagerService.hideCurrentInputLocked:1880 com.android.server.InputMethodManagerService.windowGainedFocus:1968 com.android.internal.view.IInputMethodManager$Stub.onTransact:221 com.android.server.InputMethodManagerService.onTransact:818 
04-10 03:27:59.414 W/ViewRootImpl( 2139): Dropping event due to no window focus: KeyEvent { action=ACTION_DOWN, keyCode=KEYCODE_DPAD_UP, scanCode=0, metaState=0, flags=0x8, repeatCount=0, eventTime=5020558, downTime=5020558, deviceId=-1, source=0x101 }
04-10 03:27:59.474 W/ContextImpl(  278): Calling a method in the system process without a qualified user: android.app.ContextImpl.sendBroadcast:1123 com.android.server.InputMethodManagerService.hideCurrentInputLocked:1880 com.android.server.InputMethodManagerService.windowGainedFocus:1968 com.android.internal.view.IInputMethodManager$Stub.onTransact:221 com.android.server.InputMethodManagerService.onTransact:818 
04-10 03:27:59.504 W/InputMethodManagerService(  278): Starting input on non-focused client com.android.internal.view.IInputMethodClient$Stub$Proxy@4a85c730 (uid=10002 pid=2174)
04-10 03:28:00.214 W/ViewRootImpl(  278): Dropping event due to no window focus: KeyEvent { action=ACTION_DOWN, keyCode=KEYCODE_DPAD_DOWN, scanCode=0, metaState=0, flags=0x8, repeatCount=0, eventTime=5021629, downTime=5021629, deviceId=-1, source=0x101 }
04-10 03:28:00.464 W/ViewRootImpl(  278): Dropping event due to no window focus: KeyEvent { action=ACTION_DOWN, keyCode=KEYCODE_MENU, scanCode=0, metaState=0, flags=0x8, repeatCount=0, eventTime=5021673, downTime=5021673, deviceId=-1, source=0x101 }
04-10 03:28:00.714 I/ActivityManager(  278): Config changes=30 {1.0 460mcc2mnc zh_CN ldltr sw480dp w853dp h454dp 240dpi lrg long land finger -keyb/v/h dpad/v s.24}
04-10 03:28:00.734 W/ViewRootImpl(  278): Dropping event due to root view being removed: KeyEvent { action=ACTION_UP, keyCode=KEYCODE_DPAD_CENTER, scanCode=0, metaState=0, flags=0x400, repeatCount=0, eventTime=5022099, downTime=5022099, deviceId=-1, source=0x101 }
04-10 03:28:00.734 W/ViewRootImpl(  278): Dropping event due to root view being removed: MotionEvent { action=ACTION_DOWN, id[0]=0, x[0]=289.0, y[0]=-12.0, toolType[0]=TOOL_TYPE_UNKNOWN, buttonState=0, metaState=0, flags=0x0, edgeFlags=0x0, pointerCount=1, historySize=0, eventTime=5022000, downTime=5022000, deviceId=0, source=0x1002 }
04-10 03:28:00.734 W/ViewRootImpl(  278): Dropping event due to root view being removed: MotionEvent { action=ACTION_UP, id[0]=0, x[0]=308.1673, y[0]=-15.448853, toolType[0]=TOOL_TYPE_UNKNOWN, buttonState=0, metaState=0, flags=0x0, edgeFlags=0x0, pointerCount=1, historySize=0, eventTime=5022002, downTime=5022000, deviceId=0, source=0x1002 }
04-10 03:28:00.744 W/ViewRootImpl(  278): Dropping event due to root view being removed: MotionEvent { action=ACTION_MOVE, id[0]=0, x[0]=3.0, y[0]=-3.0, toolType[0]=TOOL_TYPE_UNKNOWN, buttonState=0, metaState=0, flags=0x0, edgeFlags=0x0, pointerCount=1, historySize=9, eventTime=5022041, downTime=-1, deviceId=0, source=0x10004 }
04-10 03:28:00.794 W/InputMethodManagerService(  278): Window already focused, ignoring focus gain of: com.android.internal.view.IInputMethodClient$Stub$Proxy@4ab28ac0 attribute=null, token = android.os.BinderProxy@4a896ac0
04-10 03:28:01.274 I/ActivityManager(  278): START u0 {act=android.intent.action.MAIN cat=[android.intent.category.LAUNCHER] flg=0x10200000 cmp=com.vphone.helper/.MainActivity} from pid 2461
04-10 03:28:01.724 W/ViewRootImpl( 3110): Dropping event due to no window focus: KeyEvent { action=ACTION_DOWN, keyCode=KEYCODE_MEDIA_EJECT, scanCode=0, metaState=0, flags=0x8, repeatCount=0, eventTime=5022935, downTime=5022935, deviceId=-1, source=0x101 }
04-10 03:28:01.724 W/ViewRootImpl( 3110): Dropping event due to no window focus: KeyEvent { action=ACTION_DOWN, keyCode=KEYCODE_BACK, scanCode=0, metaState=0, flags=0x8, repeatCount=0, eventTime=5023162, downTime=5023162, deviceId=-1, source=0x101 }
04-10 03:28:01.734 W/ViewRootImpl( 3110): Dropping event due to no window focus: KeyEvent { action=ACTION_DOWN, keyCode=KEYCODE_F1, scanCode=0, metaState=0, flags=0x8, repeatCount=0, eventTime=5023168, downTime=5023168, deviceId=-1, source=0x101 }
04-10 03:28:01.774 W/ViewRootImpl( 3110): Dropping event due to no window focus: KeyEvent { action=ACTION_DOWN, keyCode=KEYCODE_BACK, scanCode=0, metaState=0, flags=0x8, repeatCount=0, eventTime=5023189, downTime=5023189, deviceId=-1, source=0x101 }
04-10 03:28:01.794 W/ViewRootImpl( 3110): Dropping event due to no window focus: MotionEvent { action=ACTION_MOVE, id[0]=0, x[0]=3.0, y[0]=3.0, toolType[0]=TOOL_TYPE_UNKNOWN, buttonState=0, metaState=0, flags=0x0, edgeFlags=0x0, pointerCount=1, historySize=9, eventTime=5023228, downTime=-1, deviceId=0, source=0x10004 }
04-10 03:28:01.794 W/ViewRootImpl( 3110): Dropping event due to no window focus: KeyEvent { action=ACTION_DOWN, keyCode=KEYCODE_DPAD_DOWN, scanCode=0, metaState=0, flags=0x8, repeatCount=0, eventTime=5023231, downTime=5023231, deviceId=-1, source=0x101 }
04-10 03:28:01.804 W/ViewRootImpl( 3110): Dropping event due to no window focus: KeyEvent { action=ACTION_DOWN, keyCode=KEYCODE_DPAD_DOWN, scanCode=0, metaState=0, flags=0x8, repeatCount=0, eventTime=5023238, downTime=5023238, deviceId=-1, source=0x101 }
04-10 03:28:01.804 W/ViewRootImpl( 3110): Dropping event due to no window focus: KeyEvent { action=ACTION_DOWN, keyCode=KEYCODE_BUTTON_2, scanCode=0, metaState=0, flags=0x8, repeatCount=0, eventTime=5023243, downTime=5023243, deviceId=-1, source=0x101 }
04-10 03:28:01.804 W/ContextImpl(  278): Calling a method in the system process without a qualified user: android.app.ContextImpl.sendBroadcast:1123 com.android.server.InputMethodManagerService.hideCurrentInputLocked:1880 com.android.server.InputMethodManagerService.windowGainedFocus:1968 com.android.internal.view.IInputMethodManager$Stub.onTransact:221 com.android.server.InputMethodManagerService.onTransact:818 
04-10 03:28:03.124 I/ActivityManager(  278): START u0 {act=android.intent.action.CALL_BUTTON flg=0x10000000} from pid 3110
04-10 03:28:03.124 W/PhoneFallbackEventHandler( 3110): No activity found for android.intent.action.CALL_BUTTON.
04-10 03:28:03.164 W/ViewRootImpl( 3110): Dropping event due to no window focus: KeyEvent { action=ACTION_DOWN, keyCode=KEYCODE_SLASH, scanCode=0, metaState=0, flags=0x8, repeatCount=0, eventTime=5024596, downTime=5024596, deviceId=-1, source=0x101 }
04-10 03:28:04.094 W/ViewRootImpl( 3110): Dropping event due to no window focus: KeyEvent { action=ACTION_DOWN, keyCode=KEYCODE_BUTTON_L2, scanCode=0, metaState=0, flags=0x8, repeatCount=0, eventTime=5025510, downTime=5025510, deviceId=-1, source=0x101 }
04-10 03:28:04.104 W/InputMethodManagerService(  278): Window already focused, ignoring focus gain of: com.android.internal.view.IInputMethodClient$Stub$Proxy@4a7f84c8 attribute=android.view.inputmethod.EditorInfo@4aa62a1c, token = android.os.BinderProxy@4a7f76d8
04-10 03:28:04.704 W/ViewRootImpl( 3110): Dropping event due to no window focus: KeyEvent { action=ACTION_DOWN, keyCode=KEYCODE_CALL, scanCode=0, metaState=0, flags=0x8, repeatCount=0, eventTime=5026134, downTime=5026134, deviceId=-1, source=0x101 }
04-10 03:28:04.804 W/InputMethodManagerService(  278): Window already focused, ignoring focus gain of: com.android.internal.view.IInputMethodClient$Stub$Proxy@4a8c95d8 attribute=null, token = android.os.BinderProxy@4a7f76d8
04-10 03:28:04.824 I/ActivityManager(  278): START u0 {act=android.intent.action.MAIN cat=[android.intent.category.LAUNCHER] flg=0x10200000 cmp=com.vphone.helper/.MainActivity} from pid 2461
04-10 03:28:05.274 W/ViewRootImpl( 3110): Dropping event due to no window focus: KeyEvent { action=ACTION_DOWN, keyCode=KEYCODE_BACK, scanCode=158, metaState=0, flags=0x8, repeatCount=0, eventTime=5026258, downTime=5026258, deviceId=-1, source=0x101 }
04-10 03:28:05.904 W/ViewRootImpl( 3110): Dropping event due to no window focus: KeyEvent { action=ACTION_DOWN, keyCode=KEYCODE_BACK, scanCode=158, metaState=0, flags=0x8, repeatCount=0, eventTime=5026259, downTime=5026259, deviceId=-1, source=0x101 }
04-10 03:28:05.994 W/ViewRootImpl( 3110): Dropping event due to no window focus: KeyEvent { action=ACTION_DOWN, keyCode=KEYCODE_DPAD_LEFT, scanCode=0, metaState=0, flags=0x8, repeatCount=0, eventTime=5027391, downTime=5027391, deviceId=-1, source=0x101 }
04-10 03:28:06.004 W/InputMethodManagerService(  278): Window already focused, ignoring focus gain of: com.android.internal.view.IInputMethodClient$Stub$Proxy@4a843954 attribute=android.view.inputmethod.EditorInfo@4a8ba444, token = android.os.BinderProxy@4a7f76d8
04-10 03:28:06.674 E/WindowManager(  278): Starting window AppWindowToken{4ab386c8 token=Token{4a916db8 ActivityRecord{4a8b6d1c u0 com.android.gallery3d/.app.GalleryActivity t20}}} timed out
04-10 03:28:10.754 W/ViewRootImpl( 3110): Dropping event due to no window focus: KeyEvent { action=ACTION_DOWN, keyCode=KEYCODE_F10, scanCode=0, metaState=0, flags=0x8, repeatCount=0, eventTime=5032170, downTime=5032170, deviceId=-1, source=0x101 }
04-10 03:28:10.894 W/InputMethodManagerService(  278): Window already focused, ignoring focus gain of: com.android.internal.view.IInputMethodClient$Stub$Proxy@4aa5fe50 attribute=null, token = android.os.BinderProxy@4a7f76d8
04-10 03:28:11.174 I/ActivityManager(  278): START u0 {act=android.intent.action.MAIN cat=[android.intent.category.LAUNCHER] flg=0x10200000 cmp=com.cyanogenmod.filemanager/.activities.NavigationActivity} from pid 2461
04-10 03:28:11.864 W/ViewRootImpl( 2784): Dropping event due to no window focus: KeyEvent { action=ACTION_DOWN, keyCode=KEYCODE_SOFT_RIGHT, scanCode=0, metaState=0, flags=0x8, repeatCount=0, eventTime=5032791, downTime=5032791, deviceId=-1, source=0x101 }
04-10 03:28:11.864 W/ViewRootImpl( 2784): Dropping event due to no window focus: KeyEvent { action=ACTION_DOWN, keyCode=KEYCODE_DPAD_LEFT, scanCode=0, metaState=0, flags=0x8, repeatCount=0, eventTime=5033303, downTime=5033303, deviceId=-1, source=0x101 }
04-10 03:28:12.214 W/ViewRootImpl( 2784): Dropping event due to no window focus: KeyEvent { action=ACTION_DOWN, keyCode=KEYCODE_DPAD_UP, scanCode=0, metaState=0, flags=0x8, repeatCount=0, eventTime=5033359, downTime=5033359, deviceId=-1, source=0x101 }
04-10 03:28:12.364 W/ViewRootImpl( 2784): Dropping event due to no window focus: KeyEvent { action=ACTION_DOWN, keyCode=KEYCODE_DPAD_CENTER, scanCode=0, metaState=0, flags=0x8, repeatCount=0, eventTime=5033658, downTime=5033658, deviceId=-1, source=0x101 }
04-10 03:28:12.384 W/ContextImpl(  278): Calling a method in the system process without a qualified user: android.app.ContextImpl.sendBroadcast:1123 com.android.server.InputMethodManagerService.hideCurrentInputLocked:1880 com.android.server.InputMethodManagerService.windowGainedFocus:1968 com.android.internal.view.IInputMethodManager$Stub.onTransact:221 com.android.server.InputMethodManagerService.onTransact:818 
04-10 03:28:12.484 I/ActivityManager(  278): START u0 {act=android.intent.action.MAIN cat=[android.intent.category.LAUNCHER] flg=0x10000000 sel={act=android.intent.action.MAIN cat=[android.intent.category.APP_CALENDAR]}} from pid 278
04-10 03:28:12.844 I/ActivityManager(  278): START u0 {act=android.intent.action.MAIN cat=[android.intent.category.LAUNCHER] flg=0x10200000 cmp=com.vphone.launcher/.Launcher} from pid 2461
04-10 03:28:13.354 W/InputManager(  278): Input event injection from pid 2461 failed.
04-10 03:28:13.354 W/InputManager(  278): Input event injection from pid 2461 failed.
04-10 03:28:18.664 I/WindowManager(  278): Input event dispatching timed out sending to com.vphone.launcher/com.vphone.launcher.Launcher.  Reason: Waiting because the focused window has not finished processing the input events that were previously delivered to it.
04-10 03:28:18.684 W/InputManager(  278): Input event injection from pid 2461 timed out.
04-10 03:28:18.774 W/ActivityManager(  278): Missing app error report, app = com.vphone.launcher crashing = false notResponding = true
