04-10 03:28:19.274 W/ActivityManager(  278): Missing app error report, app = com.vphone.launcher crashing = false notResponding = true
04-10 03:28:19.784 W/ActivityManager(  278): Missing app error report, app = com.vphone.launcher crashing = false notResponding = true
04-10 03:28:20.024 W/ContextImpl(  278): Calling a method in the system process without a qualified user: android.app.ContextImpl.sendBroadcast:1123 com.android.server.InputMethodManagerService.hideCurrentInputLocked:1880 com.android.server.InputMethodManagerService.windowGainedFocus:1968 com.android.internal.view.IInputMethodManager$Stub.onTransact:221 com.android.server.InputMethodManagerService.onTransact:818 
04-10 03:28:20.274 W/ActivityManager(  278): Missing app error report, app = com.vphone.launcher crashing = false notResponding = true
04-10 03:28:20.354 I/ActivityManager(  278): START u0 {act=android.intent.action.MAIN cat=[android.intent.category.LAUNCHER] flg=0x10200000 cmp=com.bignox.google.installer/.MainActivity bnds=[113,299][324,425] (has extras)} from pid 449
04-10 03:28:20.364 W/ContextImpl(  449): Calling a method in the system process without a qualified user: android.app.ContextImpl.sendBroadcast:1137 android.content.ContextWrapper.sendBroadcast:370 com.vphone.launcher.Stats.recordLaunch:129 com.vphone.launcher.Launcher.c:3179 com.vphone.launcher.Launcher.onClickAppShortcut:3117 
04-10 03:28:20.554 W/ContextImpl(  278): Calling a method in the system process without a qualified user: android.app.ContextImpl.sendBroadcast:1123 com.android.server.InputMethodManagerService.hideCurrentInputLocked:1880 com.android.server.InputMethodManagerService.windowGainedFocus:1968 com.android.internal.view.IInputMethodManager$Stub.onTransact:221 com.android.server.InputMethodManagerService.onTransact:818 
04-10 03:28:20.774 W/ActivityManager(  278): Missing app error report, app = com.vphone.launcher crashing = false notResponding = true
04-10 03:28:20.944 I/ActivityManager(  278): START u0 {act=android.intent.action.CALL_BUTTON flg=0x10000000} from pid 2139
04-10 03:28:20.944 W/PhoneFallbackEventHandler( 2139): No activity found for android.intent.action.CALL_BUTTON.
04-10 03:28:21.334 W/ActivityManager(  278): Missing app error report, app = com.vphone.launcher crashing = false notResponding = true
04-10 03:28:21.574 E/ActivityManager(  278): ANR in com.vphone.launcher (com.vphone.launcher/.Launcher)
04-10 03:28:21.574 E/ActivityManager(  278): PID: 449
04-10 03:28:21.574 E/ActivityManager(  278): Reason: Input dispatching timed out (Waiting because the focused window has not finished processing the input events that were previously delivered to it.)
04-10 03:28:21.574 E/ActivityManager(  278): Load: 5.06 / 2.31 / 1.24
04-10 03:28:21.574 E/ActivityManager(  278): CPU usage from 3850ms to -2827ms ago:
04-10 03:28:21.574 E/ActivityManager(  278):   93% 449/com.vphone.launcher: 69% user + 24% kernel / faults: 3250 minor 1 major
04-10 03:28:21.574 E/ActivityManager(  278):   18% 278/system_server: 6.4% user + 11% kernel / faults: 303 minor 1 major
04-10 03:28:21.574 E/ActivityManager(  278):   17% 167/surfaceflinger: 2% user + 15% kernel / faults: 8 minor
04-10 03:28:21.574 E/ActivityManager(  278):   6.1% 170/mediaserver: 0.5% user + 5.5% kernel / faults: 8 minor
04-10 03:28:21.574 E/ActivityManager(  278):   3.8% 72/sdcard: 0% user + 3.8% kernel / faults: 5 minor
04-10 03:28:21.574 E/ActivityManager(  278):   2.2% 694/com.bignox.app.store.hd: 0% user + 2.2% kernel / faults: 64 minor
04-10 03:28:21.574 E/ActivityManager(  278):   2% 1546/com.tencent.wstt.gt: 0.7% user + 1.3% kernel / faults: 107 minor
04-10 03:28:21.574 E/ActivityManager(  278):   0.4% 164/debuggerd: 0.2% user + 0.2% kernel / faults: 2703 minor
04-10 03:28:21.574 E/ActivityManager(  278):   0.5% 2139/com.bignox.google.installer: 0% user + 0.5% kernel / faults: 109 minor
04-10 03:28:21.574 E/ActivityManager(  278):   1.3% 2784/com.cyanogenmod.filemanager: 0.5% user + 0.7% kernel / faults: 59 minor
04-10 03:28:21.574 E/ActivityManager(  278):   0.8% 331/com.android.systemui: 0.5% user + 0.2% kernel / faults: 47 minor
04-10 03:28:21.574 E/ActivityManager(  278):   0.3% 435/com.android.phone: 0.1% user + 0.1% kernel / faults: 73 minor
04-10 03:28:21.574 E/ActivityManager(  278):   0.5% 2461/com.android.commands.monkey: 0.1% user + 0.4% kernel / faults: 8 minor
04-10 03:28:21.574 E/ActivityManager(  278):   0% 1976/com.android.documentsui: 0% user + 0% kernel / faults: 1 minor
04-10 03:28:21.574 E/ActivityManager(  278):   0% 2533/com.android.camera: 0% user + 0% kernel
04-10 03:28:21.574 E/ActivityManager(  278):   0.1% 2919/sh: 0% user + 0.1% kernel / faults: 30 minor
04-10 03:28:21.574 E/ActivityManager(  278):   0.1% 3110/com.vphone.helper: 0% user + 0.1% kernel
04-10 03:28:21.574 E/ActivityManager(  278):  +0% 3451/sh: 0% user + 0% kernel
04-10 03:28:21.574 E/ActivityManager(  278):  +0% 3452/app_process: 0% user + 0% kernel
04-10 03:28:21.574 E/ActivityManager(  278):  +0% 3453/awk: 0% user + 0% kernel
04-10 03:28:21.574 E/ActivityManager(  278): 95% TOTAL: 55% user + 39% kernel + 0.1% iowait + 1% softirq
04-10 03:28:21.574 E/ActivityManager(  278): CPU usage from 1646ms to 2182ms later:
04-10 03:28:21.574 E/ActivityManager(  278):   46% 449/com.vphone.launcher: 18% user + 28% kernel / faults: 65 minor
04-10 03:28:21.574 E/ActivityManager(  278):     39% 449/vphone.launcher: 14% user + 25% kernel
04-10 03:28:21.574 E/ActivityManager(  278):     3.1% 1605/vphone.launcher: 0% user + 3.1% kernel
04-10 03:28:21.574 E/ActivityManager(  278):     3.1% 2985/pool-117-thread: 3.1% user + 0% kernel
04-10 03:28:21.574 E/ActivityManager(  278):   37% 278/system_server: 9.4% user + 28% kernel / faults: 4 minor
04-10 03:28:21.574 E/ActivityManager(  278):     7.5% 290/WindowManager: 1.8% user + 5.6% kernel
04-10 03:28:21.574 E/ActivityManager(  278):     5.6% 292/android.bg: 1.8% user + 3.7% kernel
04-10 03:28:21.574 E/ActivityManager(  278):     5.6% 308/InputDispatcher: 3.7% user + 1.8% kernel
04-10 03:28:21.574 E/ActivityManager(  278):     5.6% 2114/Binder_7: 1.8% user + 3.7% kernel
04-10 03:28:21.574 E/ActivityManager(  278):     3.7% 291/ActivityManager: 0% user + 3.7% kernel
04-10 03:28:21.574 E/ActivityManager(  278):     1.8% 289/SensorService: 0% user + 1.8% kernel
04-10 03:28:21.574 E/ActivityManager(  278):     1.8% 295/android.ui: 0% user + 1.8% kernel
04-10 03:28:21.574 E/ActivityManager(  278):     1.8% 326/AudioService: 0% user + 1.8% kernel
04-10 03:28:21.574 E/ActivityManager(  278):     1.8% 444/Binder_4: 1.8% user + 0% kernel
04-10 03:28:21.574 E/ActivityManager(  278):     1.8% 446/Binder_5: 0% user + 1.8% kernel
04-10 03:28:21.574 E/ActivityManager(  278):     1.8% 447/Binder_6: 1.8% user + 0% kernel
04-10 03:28:21.574 E/ActivityManager(  278):     1.8% 2545/Binder_8: 0% user + 1.8% kernel
04-10 03:28:21.574 E/ActivityManager(  278):    +0% 3450/AudioTrack: 0% user + 0% kernel
04-10 03:28:21.574 E/ActivityManager(  278):   8.5% 167/surfaceflinger: 0% user + 8.5% kernel
04-10 03:28:21.574 E/ActivityManager(  278):     5.7% 167/surfaceflinger: 0% user + 5.7% kernel
04-10 03:28:21.574 E/ActivityManager(  278):     1.4% 185/Binder_1: 1.4% user + 0% kernel
04-10 03:28:21.574 E/ActivityManager(  278):     1.4% 186/DispSync: 0% user + 1.4% kernel
04-10 03:28:21.574 E/ActivityManager(  278):     1.4% 254/EventThread: 0% user + 1.4% kernel
04-10 03:28:21.574 E/ActivityManager(  278):     1.4% 310/Binder_3: 0% user + 1.4% kernel
04-10 03:28:21.574 E/ActivityManager(  278):   5.3% 2139/com.bignox.google.installer: 0% user + 5.3% kernel / faults: 56 minor
04-10 03:28:21.574 E/ActivityManager(  278):     4% 2139/oogle.installer: 0% user + 4% kernel
04-10 03:28:21.574 E/ActivityManager(  278):   4.3% 170/mediaserver: 1.4% user + 2.8% kernel / faults: 2 minor
04-10 03:28:21.574 E/ActivityManager(  278):     2.8% 270/FastMixer: 0% user + 2.8% kernel
04-10 03:28:21.574 E/ActivityManager(  278):     1.4% 170/mediaserver: 0% user + 1.4% kernel
04-10 03:28:21.574 E/ActivityManager(  278):     1.4% 302/AudioOut_2: 0% user + 1.4% kernel
04-10 03:28:21.574 E/ActivityManager(  278):   2.7% 2461/com.android.commands.monkey: 0% user + 2.7% kernel / faults: 3 minor
04-10 03:28:21.574 E/ActivityManager(  278):     1.3% 2461/commands.monkey: 0% user + 1.3% kernel
04-10 03:28:21.574 E/ActivityManager(  278):   1.4% 331/com.android.systemui: 0% user + 1.4% kernel
04-10 03:28:21.574 E/ActivityManager(  278):     1.4% 2979/Binder_5: 1.4% user + 0% kernel
04-10 03:28:21.574 E/ActivityManager(  278):   1.2% 694/com.bignox.app.store.hd: 0% user + 1.2% kernel
04-10 03:28:21.574 E/ActivityManager(  278):   1.2% 1546/com.tencent.wstt.gt: 0% user + 1.2% kernel
04-10 03:28:21.574 E/ActivityManager(  278):     1.2% 1546/tencent.wstt.gt: 1.2% user + 0% kernel
04-10 03:28:21.574 E/ActivityManager(  278):  +0% 3451/sh: 0% user + 0% kernel
04-10 03:28:21.574 E/ActivityManager(  278):  +0% 3452/app_process: 0% user + 0% kernel
04-10 03:28:21.574 E/ActivityManager(  278):  +0% 3453/awk: 0% user + 0% kernel
04-10 03:28:21.574 E/ActivityManager(  278): 87% TOTAL: 37% user + 47% kernel + 0.9% iowait + 2.7% softirq
04-10 03:28:21.904 W/ActivityManager(  278): Missing app error report, app = com.vphone.launcher crashing = false notResponding = true
04-10 03:28:22.444 W/ActivityManager(  278): Missing app error report, app = com.vphone.launcher crashing = false notResponding = true
04-10 03:28:22.964 W/ActivityManager(  278): Missing app error report, app = com.vphone.launcher crashing = false notResponding = true
04-10 03:28:22.994 W/InputMethodManagerService(  278): Starting input on non-focused client com.android.internal.view.IInputMethodClient$Stub$Proxy@4a8c9d50 (uid=1000 pid=449)
04-10 03:28:23.484 W/ActivityManager(  278): Missing app error report, app = com.vphone.launcher crashing = false notResponding = true
04-10 03:28:23.984 W/ActivityManager(  278): Missing app error report, app = com.vphone.launcher crashing = false notResponding = true
04-10 03:28:24.484 W/ActivityManager(  278): Missing app error report, app = com.vphone.launcher crashing = false notResponding = true
04-10 03:28:24.994 W/ActivityManager(  278): Missing app error report, app = com.vphone.launcher crashing = false notResponding = true
04-10 03:28:25.504 W/ActivityManager(  278): Missing app error report, app = com.vphone.launcher crashing = false notResponding = true
04-10 03:28:26.044 W/ActivityManager(  278): Missing app error report, app = com.vphone.launcher crashing = false notResponding = true
04-10 03:28:26.534 W/ActivityManager(  278): Missing app error report, app = com.vphone.launcher crashing = false notResponding = true
04-10 03:28:27.034 W/ActivityManager(  278): Missing app error report, app = com.vphone.launcher crashing = false notResponding = true
04-10 03:28:27.534 W/ActivityManager(  278): Missing app error report, app = com.vphone.launcher crashing = false notResponding = true
04-10 03:28:28.044 W/ActivityManager(  278): Missing app error report, app = com.vphone.launcher crashing = false notResponding = true
04-10 03:28:28.534 W/ActivityManager(  278): Missing app error report, app = com.vphone.launcher crashing = false notResponding = true
04-10 03:28:29.044 W/ActivityManager(  278): Missing app error report, app = com.vphone.launcher crashing = false notResponding = true
04-10 03:28:29.554 W/ActivityManager(  278): Missing app error report, app = com.vphone.launcher crashing = false notResponding = true
04-10 03:28:30.054 W/ActivityManager(  278): Missing app error report, app = com.vphone.launcher crashing = false notResponding = true
04-10 03:28:30.564 W/ActivityManager(  278): Missing app error report, app = com.vphone.launcher crashing = false notResponding = true
04-10 03:28:31.064 W/ActivityManager(  278): Missing app error report, app = com.vphone.launcher crashing = false notResponding = true
04-10 03:28:31.554 W/ActivityManager(  278): Missing app error report, app = com.vphone.launcher crashing = false notResponding = true
04-10 03:28:32.054 W/ActivityManager(  278): Missing app error report, app = com.vphone.launcher crashing = false notResponding = true
04-10 03:28:32.564 W/ActivityManager(  278): Missing app error report, app = com.vphone.launcher crashing = false notResponding = true
04-10 03:28:33.064 W/ActivityManager(  278): Missing app error report, app = com.vphone.launcher crashing = false notResponding = true
04-10 03:28:33.564 W/ActivityManager(  278): Missing app error report, app = com.vphone.launcher crashing = false notResponding = true
04-10 03:28:34.064 W/ActivityManager(  278): Missing app error report, app = com.vphone.launcher crashing = false notResponding = true
04-10 03:28:34.564 W/ActivityManager(  278): Missing app error report, app = com.vphone.launcher crashing = false notResponding = true
04-10 03:28:35.064 W/ActivityManager(  278): Missing app error report, app = com.vphone.launcher crashing = false notResponding = true
04-10 03:28:35.584 W/ActivityManager(  278): Missing app error report, app = com.vphone.launcher crashing = false notResponding = true
04-10 03:28:36.084 W/ActivityManager(  278): Missing app error report, app = com.vphone.launcher crashing = false notResponding = true
04-10 03:28:36.584 W/ActivityManager(  278): Missing app error report, app = com.vphone.launcher crashing = false notResponding = true
04-10 03:28:37.084 W/ActivityManager(  278): Missing app error report, app = com.vphone.launcher crashing = false notResponding = true
04-10 03:28:37.584 W/ActivityManager(  278): Missing app error report, app = com.vphone.launcher crashing = false notResponding = true
04-10 03:28:38.084 W/ActivityManager(  278): Missing app error report, app = com.vphone.launcher crashing = false notResponding = true
04-10 03:28:38.584 W/ActivityManager(  278): Missing app error report, app = com.vphone.launcher crashing = false notResponding = true
04-10 03:28:39.084 W/ActivityManager(  278): Missing app error report, app = com.vphone.launcher crashing = false notResponding = true
04-10 03:28:39.594 W/ActivityManager(  278): Missing app error report, app = com.vphone.launcher crashing = false notResponding = true
04-10 03:28:54.754 W/ContextImpl(  278): Calling a method in the system process without a qualified user: android.app.ContextImpl.sendBroadcast:1123 com.android.server.InputMethodManagerService.hideCurrentInputLocked:1880 com.android.server.InputMethodManagerService.windowGainedFocus:1968 com.android.internal.view.IInputMethodManager$Stub.onTransact:221 com.android.server.InputMethodManagerService.onTransact:818 
04-10 03:29:02.054 I/ActivityManager(  278): START u0 {act=android.intent.action.MAIN cat=[android.intent.category.LAUNCHER] flg=0x10200000 cmp=com.android.providers.downloads.ui/.DownloadList bnds=[328,612][536,720] (has extras)} from pid 449
04-10 03:29:02.094 W/ContextImpl(  449): Calling a method in the system process without a qualified user: android.app.ContextImpl.sendBroadcast:1137 android.content.ContextWrapper.sendBroadcast:370 com.vphone.launcher.Stats.recordLaunch:129 com.vphone.launcher.Launcher.c:3179 com.vphone.launcher.Launcher.onClickAppShortcut:3117 
04-10 03:29:02.634 W/ContextImpl(  278): Calling a method in the system process without a qualified user: android.app.ContextImpl.sendBroadcast:1123 com.android.server.InputMethodManagerService.hideCurrentInputLocked:1880 com.android.server.InputMethodManagerService.windowGainedFocus:1968 com.android.internal.view.IInputMethodManager$Stub.onTransact:221 com.android.server.InputMethodManagerService.onTransact:818 
04-10 03:29:04.324 W/InputMethodManagerService(  278): Window already focused, ignoring focus gain of: com.android.internal.view.IInputMethodClient$Stub$Proxy@4a7eaf10 attribute=null, token = android.os.BinderProxy@4ac93624
04-10 03:29:04.914 W/ContextImpl(  278): Calling a method in the system process without a qualified user: android.app.ContextImpl.sendBroadcast:1123 com.android.server.InputMethodManagerService.hideCurrentInputLocked:1880 com.android.server.InputMethodManagerService.windowGainedFocus:1968 com.android.internal.view.IInputMethodManager$Stub.onTransact:221 com.android.server.InputMethodManagerService.onTransact:818 
04-10 03:29:29.204 D/ConnectivityService(  278): Sampling interval elapsed, updating statistics ..
04-10 03:29:29.204 D/ConnectivityService(  278): Done.
04-10 03:29:29.204 D/ConnectivityService(  278): Setting timer for 720seconds
04-10 03:30:11.484 I/ActivityManager(  278): START u0 {act=android.intent.action.MAIN cat=[android.intent.category.LAUNCHER] flg=0x10200000 cmp=com.android.browser/.BrowserActivity bnds=[535,173][746,299] (has extras)} from pid 449
04-10 03:30:11.494 W/ContextImpl(  449): Calling a method in the system process without a qualified user: android.app.ContextImpl.sendBroadcast:1137 android.content.ContextWrapper.sendBroadcast:370 com.vphone.launcher.Stats.recordLaunch:129 com.vphone.launcher.Launcher.c:3179 com.vphone.launcher.Launcher.onClickAppShortcut:3117 
04-10 03:30:12.744 W/ContextImpl(  278): Calling a method in the system process without a qualified user: android.app.ContextImpl.sendBroadcast:1123 com.android.server.InputMethodManagerService.hideCurrentInputLocked:1880 com.android.server.InputMethodManagerService.windowGainedFocus:1968 com.android.internal.view.IInputMethodManager$Stub.onTransact:221 com.android.server.InputMethodManagerService.onTransact:818 
04-10 03:30:21.834 I/ActivityManager(  278): moveTaskToBack: 9
04-10 03:30:22.114 W/ContextImpl(  278): Calling a method in the system process without a qualified user: android.app.ContextImpl.sendBroadcast:1123 com.android.server.InputMethodManagerService.hideCurrentInputLocked:1880 com.android.server.InputMethodManagerService.windowGainedFocus:1968 com.android.internal.view.IInputMethodManager$Stub.onTransact:221 com.android.server.InputMethodManagerService.onTransact:818 
04-10 03:31:05.714 I/ActivityManager(  278): START u0 {act=android.intent.action.MAIN cat=[android.intent.category.LAUNCHER] flg=0x10200000 cmp=com.android.browser/.BrowserActivity bnds=[535,173][746,299] (has extras)} from pid 449
04-10 03:31:05.744 W/ContextImpl(  449): Calling a method in the system process without a qualified user: android.app.ContextImpl.sendBroadcast:1137 android.content.ContextWrapper.sendBroadcast:370 com.vphone.launcher.Stats.recordLaunch:129 com.vphone.launcher.Launcher.c:3179 com.vphone.launcher.Launcher.onClickAppShortcut:3117 
04-10 03:31:05.794 W/InputMethodManagerService(  278): Starting input on non-focused client com.android.internal.view.IInputMethodClient$Stub$Proxy@4a85f6a8 (uid=10012 pid=2231)
04-10 03:31:05.794 W/InputMethodManagerService(  278): Starting input on non-focused client com.android.internal.view.IInputMethodClient$Stub$Proxy@4a85f6a8 (uid=10012 pid=2231)
04-10 03:31:05.834 W/ContextImpl(  278): Calling a method in the system process without a qualified user: android.app.ContextImpl.sendBroadcast:1123 com.android.server.InputMethodManagerService.hideCurrentInputLocked:1880 com.android.server.InputMethodManagerService.windowGainedFocus:1968 com.android.internal.view.IInputMethodManager$Stub.onTransact:221 com.android.server.InputMethodManagerService.onTransact:818 
04-10 03:31:17.224 W/BroadcastQueue(  278): Skipping deliver [background] BroadcastRecord{4ad4c810 u-1 android.net.conn.CONNECTIVITY_CHANGE} to ReceiverList{4a8bae3c 3583 (unknown name)/0/u-1 remote:4a8990f0}: process crashing
04-10 03:31:17.244 I/ActivityManager(  278): START u0 {act=android.intent.action.MAIN cat=[android.intent.category.LAUNCHER] flg=0x10200000 cmp=com.android.camera/.Camera} from pid 3583
04-10 03:31:17.324 I/ActivityManager(  278): Config changes=480 {1.0 460mcc2mnc zh_CN ldltr sw480dp w480dp h828dp 240dpi lrg long port finger -keyb/v/h dpad/v s.25}
04-10 03:31:17.344 D/Sensors (  278): Client connection accepted (214)
04-10 03:31:17.494 I/WindowManager(  278): Screen frozen for +235ms due to Window{4a8746c0 u0 StatusBar}
04-10 03:31:17.494 W/InputManager(  278): Input event injection from pid 3583 failed.
04-10 03:31:17.494 W/InputManager(  278): Input event injection from pid 3583 failed.
04-10 03:31:17.494 W/InputManager(  278): Input event injection from pid 3583 failed.
04-10 03:31:17.504 W/InputManager(  278): Input event injection from pid 3583 failed.
04-10 03:31:17.504 W/InputManager(  278): Input event injection from pid 3583 failed.
04-10 03:31:17.504 W/InputManager(  278): Input event injection from pid 3583 failed.
04-10 03:31:17.624 W/ViewRootImpl( 2533): Dropping event due to no window focus: KeyEvent { action=ACTION_DOWN, keyCode=KEYCODE_MENU, scanCode=0, metaState=0, flags=0x8, repeatCount=0, eventTime=5218945, downTime=5218945, deviceId=-1, source=0x101 }
04-10 03:31:17.624 W/ViewRootImpl( 2533): Dropping event due to no window focus: KeyEvent { action=ACTION_DOWN, keyCode=KEYCODE_DPAD_CENTER, scanCode=0, metaState=0, flags=0x8, repeatCount=0, eventTime=5219062, downTime=5219062, deviceId=-1, source=0x101 }
04-10 03:31:17.814 W/ContextImpl(  278): Calling a method in the system process without a qualified user: android.app.ContextImpl.sendBroadcast:1123 com.android.server.InputMethodManagerService.hideCurrentInputLocked:1880 com.android.server.InputMethodManagerService.windowGainedFocus:2000 com.android.internal.view.IInputMethodManager$Stub.onTransact:221 com.android.server.InputMethodManagerService.onTransact:818 
04-10 03:31:18.214 I/ActivityManager(  278): START u0 {act=android.intent.action.CALL_BUTTON flg=0x10000000} from pid 2533
04-10 03:31:18.214 W/PhoneFallbackEventHandler( 2533): No activity found for android.intent.action.CALL_BUTTON.
04-10 03:31:19.254 I/ActivityManager(  278): START u0 {act=android.intent.action.MAIN cat=[android.intent.category.LAUNCHER] flg=0x10200000 cmp=com.android.settings/.Settings$RunningServicesActivity} from pid 3583
04-10 03:31:19.854 W/ActivityManager(  278): Activity pause timeout for ActivityRecord{4a8b27f0 u0 com.android.camera/.Camera t15}
04-10 03:31:19.884 I/ActivityManager(  278): START u0 {act=android.intent.action.MAIN cat=[android.intent.category.LAUNCHER] flg=0x10200000 cmp=com.vphone.launcher/.Launcher} from pid 3583
04-10 03:31:19.934 W/ContextImpl(  278): Calling a method in the system process without a qualified user: android.app.ContextImpl.sendBroadcast:1123 com.android.server.InputMethodManagerService.hideCurrentInputLocked:1880 com.android.server.InputMethodManagerService.windowGainedFocus:1968 com.android.internal.view.IInputMethodManager$Stub.onTransact:221 com.android.server.InputMethodManagerService.onTransact:818 
04-10 03:31:20.214 I/WindowManager(  278): Screenshot max retries 4 of Token{4a899084 ActivityRecord{4ab33d00 u0 com.android.settings/.Settings t11}} appWin=Window{4ac6d74c u0 com.android.settings/com.android.settings.Settings} drawState=1
04-10 03:31:20.214 W/WindowManager(  278): Screenshot failure taking screenshot for (720x1280) to layer 21005
04-10 03:31:20.804 W/ContextImpl(  449): Calling a method in the system process without a qualified user: android.app.ContextImpl.startService:1492 android.content.ContextWrapper.startService:494 com.vphone.launcher.Launcher.g:677 com.vphone.launcher.Launcher.a:176 com.vphone.launcher.Launcher$11.run:633 
04-10 03:31:21.614 W/ViewRootImpl(  449): Dropping event due to no window focus: KeyEvent { action=ACTION_DOWN, keyCode=KEYCODE_DPAD_LEFT, scanCode=0, metaState=0, flags=0x8, repeatCount=0, eventTime=5222987, downTime=5222987, deviceId=-1, source=0x101 }
04-10 03:31:21.904 W/ViewRootImpl(  449): Dropping event due to no window focus: KeyEvent { action=ACTION_DOWN, keyCode=KEYCODE_DPAD_CENTER, scanCode=0, metaState=0, flags=0x8, repeatCount=0, eventTime=5223055, downTime=5223055, deviceId=-1, source=0x101 }
04-10 03:31:22.094 W/ContextImpl(  278): Calling a method in the system process without a qualified user: android.app.ContextImpl.sendBroadcast:1123 com.android.server.InputMethodManagerService.hideCurrentInputLocked:1880 com.android.server.InputMethodManagerService.windowGainedFocus:1968 com.android.internal.view.IInputMethodManager$Stub.onTransact:221 com.android.server.InputMethodManagerService.onTransact:818 
04-10 03:31:22.534 I/ActivityManager(  278): START u0 {act=android.intent.action.MAIN cat=[android.intent.category.LAUNCHER] flg=0x10200000 cmp=com.bignox.google.installer/.MainActivity bnds=[8,618][149,848] (has extras)} from pid 449
04-10 03:31:22.544 W/ContextImpl(  449): Calling a method in the system process without a qualified user: android.app.ContextImpl.sendBroadcast:1137 android.content.ContextWrapper.sendBroadcast:370 com.vphone.launcher.Stats.recordLaunch:129 com.vphone.launcher.Launcher.c:3179 com.vphone.launcher.Launcher.onClickAppShortcut:3117 
04-10 03:31:22.754 I/ActivityManager(  278): START u0 {act=android.intent.action.MAIN cat=[android.intent.category.LAUNCHER] flg=0x10200000 cmp=com.android.contacts/.activities.PeopleActivity bnds=[431,388][572,618] (has extras)} from pid 449
04-10 03:31:22.914 W/ContextImpl(  449): Calling a method in the system process without a qualified user: android.app.ContextImpl.sendBroadcast:1137 android.content.ContextWrapper.sendBroadcast:370 com.vphone.launcher.Stats.recordLaunch:129 com.vphone.launcher.Launcher.c:3179 com.vphone.launcher.Launcher.onClickAppShortcut:3117 
04-10 03:31:23.414 W/ActivityManager(  278): Activity pause timeout for ActivityRecord{4a912b7c u0 com.bignox.google.installer/.MainActivity t25}
04-10 03:31:24.004 W/ViewRootImpl( 2174): Dropping event due to no window focus: KeyEvent { action=ACTION_DOWN, keyCode=KEYCODE_DPAD_RIGHT, scanCode=0, metaState=0, flags=0x8, repeatCount=0, eventTime=5223947, downTime=5223947, deviceId=-1, source=0x101 }
04-10 03:31:24.084 W/ViewRootImpl( 2174): Dropping event due to no window focus: KeyEvent { action=ACTION_DOWN, keyCode=KEYCODE_BUTTON_R2, scanCode=0, metaState=0, flags=0x8, repeatCount=0, eventTime=5225448, downTime=5225448, deviceId=-1, source=0x101 }
04-10 03:31:24.154 W/ContextImpl(  278): Calling a method in the system process without a qualified user: android.app.ContextImpl.sendBroadcast:1123 com.android.server.InputMethodManagerService.hideCurrentInputLocked:1880 com.android.server.InputMethodManagerService.windowGainedFocus:1968 com.android.internal.view.IInputMethodManager$Stub.onTransact:221 com.android.server.InputMethodManagerService.onTransact:818 
04-10 03:31:24.284 W/ViewRootImpl(  331): Dropping event due to no window focus: KeyEvent { action=ACTION_DOWN, keyCode=KEYCODE_DPAD_CENTER, scanCode=0, metaState=0, flags=0x8, repeatCount=0, eventTime=5225636, downTime=5225636, deviceId=-1, source=0x101 }
04-10 03:31:24.464 W/ViewRootImpl( 2174): Dropping event due to no window focus: KeyEvent { action=ACTION_DOWN, keyCode=KEYCODE_DPAD_LEFT, scanCode=0, metaState=0, flags=0x8, repeatCount=0, eventTime=5225855, downTime=5225855, deviceId=-1, source=0x101 }
04-10 03:31:24.464 W/ViewRootImpl( 2174): Dropping event due to no window focus: KeyEvent { action=ACTION_DOWN, keyCode=KEYCODE_DPAD_LEFT, scanCode=0, metaState=0, flags=0x8, repeatCount=0, eventTime=5225904, downTime=5225904, deviceId=-1, source=0x101 }
04-10 03:31:24.474 W/InputMethodManagerService(  278): Window already focused, ignoring focus gain of: com.android.internal.view.IInputMethodClient$Stub$Proxy@4a8d5248 attribute=null, token = android.os.BinderProxy@4a8a1800
04-10 03:31:24.604 I/ActivityManager(  278): START u0 {act=android.settings.ADD_ACCOUNT_SETTINGS flg=0x80000 cmp=com.android.settings/.accounts.AddAccountSettings (has extras)} from pid 2174
04-10 03:31:24.624 I/ActivityManager(  278): START u0 {cmp=com.android.settings/.accounts.ChooseAccountActivity (has extras)} from pid 409
04-10 03:31:24.694 W/ViewRootImpl( 2174): Dropping event due to no window focus: KeyEvent { action=ACTION_DOWN, keyCode=KEYCODE_DPAD_CENTER, scanCode=0, metaState=0, flags=0x8, repeatCount=0, eventTime=5226136, downTime=5226136, deviceId=-1, source=0x101 }
04-10 03:31:24.704 W/InputMethodManagerService(  278): Window already focused, ignoring focus gain of: com.android.internal.view.IInputMethodClient$Stub$Proxy@4a917b8c attribute=android.view.inputmethod.EditorInfo@4ab2d43c, token = android.os.BinderProxy@4a8a1800
04-10 03:31:24.904 W/ViewRootImpl( 2174): Dropping event due to no window focus: KeyEvent { action=ACTION_DOWN, keyCode=KEYCODE_DPAD_UP, scanCode=0, metaState=0, flags=0x8, repeatCount=0, eventTime=5226339, downTime=5226339, deviceId=-1, source=0x101 }
04-10 03:31:24.914 I/ActivityManager(  278): START u0 {act=android.intent.action.MAIN cat=[android.intent.category.LAUNCHER] flg=0x10200000 cmp=com.android.contacts/.activities.PeopleActivity} from pid 3583
04-10 03:31:25.044 W/ViewRootImpl( 2174): Dropping event due to root view being removed: MotionEvent { action=ACTION_MOVE, id[0]=0, x[0]=541.9851, y[0]=-129.72714, toolType[0]=TOOL_TYPE_UNKNOWN, buttonState=0, metaState=0, flags=0x0, edgeFlags=0x0, pointerCount=1, historySize=5, eventTime=5226459, downTime=5226453, deviceId=0, source=0x1002 }
04-10 03:31:25.044 W/ViewRootImpl( 2174): Dropping event due to root view being removed: MotionEvent { action=ACTION_UP, id[0]=0, x[0]=543.48364, y[0]=-117.995056, toolType[0]=TOOL_TYPE_UNKNOWN, buttonState=0, metaState=0, flags=0x0, edgeFlags=0x0, pointerCount=1, historySize=0, eventTime=5226459, downTime=5226453, deviceId=0, source=0x1002 }
04-10 03:31:25.074 D/Sensors (  278): Client connection accepted (195)
04-10 03:31:25.144 W/InputMethodManagerService(  278): Window already focused, ignoring focus gain of: com.android.internal.view.IInputMethodClient$Stub$Proxy@4aa63400 attribute=android.view.inputmethod.EditorInfo@4aa5e9fc, token = android.os.BinderProxy@4a8a1800
04-10 03:31:25.414 I/ActivityManager(  278): START u0 {act=com.android.systemui.recent.action.TOGGLE_RECENTS flg=0x10800000 cmp=com.android.systemui/.recent.RecentsActivity (has extras)} from pid 331
04-10 03:31:25.534 I/ActivityManager(  278): Config changes=480 {1.0 460mcc2mnc zh_CN ldltr sw480dp w853dp h454dp 240dpi lrg long land finger -keyb/v/h dpad/v s.26}
04-10 03:31:25.534 W/ViewRootImpl( 2174): Dropping event due to no window focus: KeyEvent { action=ACTION_DOWN, keyCode=KEYCODE_DPAD_UP, scanCode=0, metaState=0, flags=0x400, repeatCount=0, eventTime=5226915, downTime=5226915, deviceId=-1, source=0x101 }
04-10 03:31:25.534 W/ViewRootImpl( 2174): Dropping event due to no window focus: KeyEvent { action=ACTION_DOWN, keyCode=KEYCODE_DPAD_UP, scanCode=0, metaState=0, flags=0x400, repeatCount=0, eventTime=5226915, downTime=5226915, deviceId=-1, source=0x101 }
04-10 03:31:25.534 W/ViewRootImpl( 2174): Dropping event due to no window focus: MotionEvent { action=ACTION_MOVE, id[0]=0, x[0]=-2.0, y[0]=4.0, toolType[0]=TOOL_TYPE_UNKNOWN, buttonState=0, metaState=0, flags=0x0, edgeFlags=0x0, pointerCount=1, historySize=3, eventTime=5226901, downTime=-1, deviceId=0, source=0x10004 }
04-10 03:31:26.154 W/ContextImpl(  278): Calling a method in the system process without a qualified user: android.app.ContextImpl.sendBroadcast:1123 com.android.server.InputMethodManagerService.hideCurrentInputLocked:1880 com.android.server.InputMethodManagerService.windowGainedFocus:1968 com.android.internal.view.IInputMethodManager$Stub.onTransact:221 com.android.server.InputMethodManagerService.onTransact:818 
04-10 03:31:26.474 I/WindowManager(  278): Screen frozen for +1s9ms due to Window{4a8aa584 u0 com.android.systemui.ImageWallpaper}
04-10 03:31:26.564 W/InputManager(  278): Input event injection from pid 3583 failed.
04-10 03:31:26.754 I/ActivityManager(  278): START u0 {act=android.intent.action.MAIN cat=[android.intent.category.HOME] flg=0x10200000 cmp=com.vphone.launcher/.Launcher} from pid 278
04-10 03:31:26.954 I/ActivityManager(  278): START u0 {act=android.intent.action.MAIN cat=[android.intent.category.HOME] flg=0x10200000 cmp=com.vphone.launcher/.Launcher} from pid 331
04-10 03:31:27.104 W/ContextImpl(  449): Calling a method in the system process without a qualified user: android.app.ContextImpl.startService:1492 android.content.ContextWrapper.startService:494 com.vphone.launcher.Launcher.g:677 com.vphone.launcher.Launcher.a:176 com.vphone.launcher.Launcher$11.run:633 
04-10 03:31:27.254 W/InputManager(  278): Input event injection from pid 3583 failed.
04-10 03:31:27.564 D/Sensors (  278): Client connection accepted (173)
04-10 03:31:27.754 W/ViewRootImpl(  449): Dropping event due to no window focus: KeyEvent { action=ACTION_DOWN, keyCode=KEYCODE_MENU, scanCode=0, metaState=0, flags=0x8, repeatCount=0, eventTime=5229182, downTime=5229182, deviceId=-1, source=0x101 }
04-10 03:31:27.874 W/ViewRootImpl(  449): Dropping event due to no window focus: KeyEvent { action=ACTION_DOWN, keyCode=KEYCODE_DPAD_DOWN, scanCode=0, metaState=0, flags=0x8, repeatCount=0, eventTime=5229220, downTime=5229220, deviceId=-1, source=0x101 }
04-10 03:31:27.904 W/ContextImpl(  278): Calling a method in the system process without a qualified user: android.app.ContextImpl.sendBroadcast:1123 com.android.server.InputMethodManagerService.hideCurrentInputLocked:1880 com.android.server.InputMethodManagerService.windowGainedFocus:1968 com.android.internal.view.IInputMethodManager$Stub.onTransact:221 com.android.server.InputMethodManagerService.onTransact:818 
04-10 03:31:28.554 I/ActivityManager(  278): START u0 {act=android.intent.action.MAIN cat=[android.intent.category.LAUNCHER] flg=0x10200000 cmp=com.cyanogenmod.filemanager/.activities.NavigationActivity bnds=[120,612][328,720] (has extras)} from pid 449
04-10 03:31:28.774 W/ContextImpl(  449): Calling a method in the system process without a qualified user: android.app.ContextImpl.sendBroadcast:1137 android.content.ContextWrapper.sendBroadcast:370 com.vphone.launcher.Stats.recordLaunch:129 com.vphone.launcher.Launcher.c:3179 com.vphone.launcher.Launcher.onClickAppShortcut:3117 
04-10 03:31:29.064 W/ViewRootImpl( 2784): Dropping event due to no window focus: KeyEvent { action=ACTION_DOWN, keyCode=KEYCODE_MENU, scanCode=0, metaState=0, flags=0x8, repeatCount=0, eventTime=5230383, downTime=5230383, deviceId=-1, source=0x101 }
04-10 03:31:29.344 W/ViewRootImpl( 2784): Dropping event due to no window focus: KeyEvent { action=ACTION_DOWN, keyCode=KEYCODE_VOLUME_UP, scanCode=0, metaState=0, flags=0x8, repeatCount=0, eventTime=5230507, downTime=5230507, deviceId=-1, source=0x101 }
04-10 03:31:29.414 W/ContextImpl(  278): Calling a method in the system process without a qualified user: android.app.ContextImpl.sendBroadcast:1123 com.android.server.InputMethodManagerService.hideCurrentInputLocked:1880 com.android.server.InputMethodManagerService.windowGainedFocus:1968 com.android.internal.view.IInputMethodManager$Stub.onTransact:221 com.android.server.InputMethodManagerService.onTransact:818 
04-10 03:31:31.144 I/ActivityManager(  278): START u0 {act=android.intent.action.VIEW dat=file:///system/etc/.build.prop typ=text/plain flg=0x3000000 cmp=com.cyanogenmod.filemanager/.activities.EditorActivity} from pid 2784
04-10 03:31:31.784 W/ViewRootImpl( 2784): Dropping event due to no window focus: KeyEvent { action=ACTION_DOWN, keyCode=KEYCODE_MENU, scanCode=0, metaState=0, flags=0x8, repeatCount=0, eventTime=5233187, downTime=5233187, deviceId=-1, source=0x101 }
04-10 03:31:31.794 I/ActivityManager(  278): START u0 {act=android.intent.action.MAIN cat=[android.intent.category.LAUNCHER] flg=0x10200000 cmp=com.bignox.app.store.hd/.StoreActivity} from pid 3583
04-10 03:31:32.474 I/WindowManager(  278): Screenshot max retries 4 of Token{4ac2dda4 ActivityRecord{4ac2741c u0 com.cyanogenmod.filemanager/.activities.EditorActivity t24}} appWin=Window{4aba0638 u0 com.cyanogenmod.filemanager/com.cyanogenmod.filemanager.activities.EditorActivity} drawState=1
04-10 03:31:32.474 W/WindowManager(  278): Screenshot failure taking screenshot for (1280x720) to layer 21080
04-10 03:31:32.564 E/WindowManager(  278): Starting window AppWindowToken{4ad39158 token=Token{4a912c2c ActivityRecord{4a912b7c u0 com.bignox.google.installer/.MainActivity t25}}} timed out
04-10 03:31:33.064 W/ActivityManager(  278): Activity pause timeout for ActivityRecord{4ac2741c u0 com.cyanogenmod.filemanager/.activities.EditorActivity t24}
04-10 03:31:33.334 W/ContextImpl(  278): Calling a method in the system process without a qualified user: android.app.ContextImpl.sendBroadcast:1123 com.android.server.InputMethodManagerService.hideCurrentInputLocked:1880 com.android.server.InputMethodManagerService.windowGainedFocus:1968 com.android.internal.view.IInputMethodManager$Stub.onTransact:221 com.android.server.InputMethodManagerService.onTransact:818 
04-10 03:31:33.494 W/ViewRootImpl( 2784): Dropping event due to no window focus: KeyEvent { action=ACTION_DOWN, keyCode=KEYCODE_DPAD_CENTER, scanCode=0, metaState=0, flags=0x8, repeatCount=0, eventTime=5234006, downTime=5234006, deviceId=-1, source=0x101 }
04-10 03:31:33.994 W/ViewRootImpl(  694): Dropping event due to no window focus: KeyEvent { action=ACTION_DOWN, keyCode=KEYCODE_MENU, scanCode=0, metaState=0, flags=0x8, repeatCount=0, eventTime=5234936, downTime=5234936, deviceId=-1, source=0x101 }
04-10 03:31:34.304 W/ViewRootImpl(  694): Dropping event due to no window focus: KeyEvent { action=ACTION_DOWN, keyCode=KEYCODE_DPAD_LEFT, scanCode=0, metaState=0, flags=0x8, repeatCount=0, eventTime=5235434, downTime=5235434, deviceId=-1, source=0x101 }
04-10 03:31:34.344 W/ContextImpl(  278): Calling a method in the system process without a qualified user: android.app.ContextImpl.sendBroadcast:1123 com.android.server.InputMethodManagerService.hideCurrentInputLocked:1880 com.android.server.InputMethodManagerService.windowGainedFocus:1968 com.android.internal.view.IInputMethodManager$Stub.onTransact:221 com.android.server.InputMethodManagerService.onTransact:818 
04-10 03:31:34.704 W/InputMethodManagerService(  278): Starting input on non-focused client com.android.internal.view.IInputMethodClient$Stub$Proxy@4ab2e7a4 (uid=10013 pid=2784)
04-10 03:31:35.234 I/ActivityManager(  278): START u0 {act=android.intent.action.MAIN cat=[android.intent.category.LAUNCHER] flg=0x10200000 cmp=com.zzb.memoryleak/.MainActivity} from pid 3583
04-10 03:31:35.844 W/ViewRootImpl( 2302): Dropping event due to no window focus: KeyEvent { action=ACTION_DOWN, keyCode=KEYCODE_DPAD_LEFT, scanCode=0, metaState=0, flags=0x8, repeatCount=0, eventTime=5236796, downTime=5236796, deviceId=-1, source=0x101 }
04-10 03:31:36.194 W/ViewRootImpl( 2302): Dropping event due to no window focus: KeyEvent { action=ACTION_DOWN, keyCode=KEYCODE_DPAD_LEFT, scanCode=0, metaState=0, flags=0x8, repeatCount=0, eventTime=5237307, downTime=5237307, deviceId=-1, source=0x101 }
04-10 03:31:36.274 W/ContextImpl(  278): Calling a method in the system process without a qualified user: android.app.ContextImpl.sendBroadcast:1123 com.android.server.InputMethodManagerService.hideCurrentInputLocked:1880 com.android.server.InputMethodManagerService.windowGainedFocus:1968 com.android.internal.view.IInputMethodManager$Stub.onTransact:221 com.android.server.InputMethodManagerService.onTransact:818 
04-10 03:31:37.034 E/AndroidRuntime( 2302): FATAL EXCEPTION: main
04-10 03:31:37.034 E/AndroidRuntime( 2302): Process: com.zzb.memoryleak, PID: 2302
04-10 03:31:37.034 E/AndroidRuntime( 2302): java.lang.IllegalStateException: Could not execute method of the activity
04-10 03:31:37.034 E/AndroidRuntime( 2302): 	at android.view.View$1.onClick(View.java:3823)
04-10 03:31:37.034 E/AndroidRuntime( 2302): 	at android.view.View.performClick(View.java:4438)
04-10 03:31:37.034 E/AndroidRuntime( 2302): 	at android.view.View.onKeyUp(View.java:8241)
04-10 03:31:37.034 E/AndroidRuntime( 2302): 	at android.widget.TextView.onKeyUp(TextView.java:5628)
04-10 03:31:37.034 E/AndroidRuntime( 2302): 	at android.view.KeyEvent.dispatch(KeyEvent.java:2664)
04-10 03:31:37.034 E/AndroidRuntime( 2302): 	at android.view.View.dispatchKeyEvent(View.java:7665)
04-10 03:31:37.034 E/AndroidRuntime( 2302): 	at android.view.ViewGroup.dispatchKeyEvent(ViewGroup.java:1408)
04-10 03:31:37.034 E/AndroidRuntime( 2302): 	at android.view.ViewGroup.dispatchKeyEvent(ViewGroup.java:1408)
04-10 03:31:37.034 E/AndroidRuntime( 2302): 	at android.view.ViewGroup.dispatchKeyEvent(ViewGroup.java:1408)
04-10 03:31:37.034 E/AndroidRuntime( 2302): 	at android.view.ViewGroup.dispatchKeyEvent(ViewGroup.java:1408)
04-10 03:31:37.034 E/AndroidRuntime( 2302): 	at android.view.ViewGroup.dispatchKeyEvent(ViewGroup.java:1408)
04-10 03:31:37.034 E/AndroidRuntime( 2302): 	at android.view.ViewGroup.dispatchKeyEvent(ViewGroup.java:1408)
04-10 03:31:37.034 E/AndroidRuntime( 2302): 	at com.android.internal.policy.impl.PhoneWindow$DecorView.superDispatchKeyEvent(PhoneWindow.java:2035)
04-10 03:31:37.034 E/AndroidRuntime( 2302): 	at com.android.internal.policy.impl.PhoneWindow.superDispatchKeyEvent(PhoneWindow.java:1505)
04-10 03:31:37.034 E/AndroidRuntime( 2302): 	at android.app.Activity.dispatchKeyEvent(Activity.java:2418)
04-10 03:31:37.034 E/AndroidRuntime( 2302): 	at android.support.v7.internal.view.WindowCallbackWrapper.dispatchKeyEvent(WindowCallbackWrapper.java:50)
04-10 03:31:37.034 E/AndroidRuntime( 2302): 	at android.support.v7.app.AppCompatDelegateImplBase$AppCompatWindowCallbackBase.dispatchKeyEvent(AppCompatDelegateImplBase.java:250)
04-10 03:31:37.034 E/AndroidRuntime( 2302): 	at com.android.internal.policy.impl.PhoneWindow$DecorView.dispatchKeyEvent(PhoneWindow.java:1962)
04-10 03:31:37.034 E/AndroidRuntime( 2302): 	at android.view.ViewRootImpl$ViewPostImeInputStage.processKeyEvent(ViewRootImpl.java:3876)
04-10 03:31:37.034 E/AndroidRuntime( 2302): 	at android.view.ViewRootImpl$ViewPostImeInputStage.onProcess(ViewRootImpl.java:3850)
04-10 03:31:37.034 E/AndroidRuntime( 2302): 	at android.view.ViewRootImpl$InputStage.deliver(ViewRootImpl.java:3423)
04-10 03:31:37.034 E/AndroidRuntime( 2302): 	at android.view.ViewRootImpl$InputStage.onDeliverToNext(ViewRootImpl.java:3473)
04-10 03:31:37.034 E/AndroidRuntime( 2302): 	at android.view.ViewRootImpl$InputStage.forward(ViewRootImpl.java:3442)
04-10 03:31:37.034 E/AndroidRuntime( 2302): 	at android.view.ViewRootImpl$AsyncInputStage.forward(ViewRootImpl.java:3549)
04-10 03:31:37.034 E/AndroidRuntime( 2302): 	at android.view.ViewRootImpl$InputStage.apply(ViewRootImpl.java:3450)
04-10 03:31:37.034 E/AndroidRuntime( 2302): 	at android.view.ViewRootImpl$AsyncInputStage.apply(ViewRootImpl.java:3606)
04-10 03:31:37.034 E/AndroidRuntime( 2302): 	at android.view.ViewRootImpl$InputStage.deliver(ViewRootImpl.java:3423)
04-10 03:31:37.034 E/AndroidRuntime( 2302): 	at android.view.ViewRootImpl$InputStage.onDeliverToNext(ViewRootImpl.java:3473)
04-10 03:31:37.034 E/AndroidRuntime( 2302): 	at android.view.ViewRootImpl$InputStage.forward(ViewRootImpl.java:3442)
04-10 03:31:37.034 E/AndroidRuntime( 2302): 	at android.view.ViewRootImpl$InputStage.apply(ViewRootImpl.java:3450)
04-10 03:31:37.034 E/AndroidRuntime( 2302): 	at android.view.ViewRootImpl$InputStage.deliver(ViewRootImpl.java:3423)
04-10 03:31:37.034 E/AndroidRuntime( 2302): 	at android.view.ViewRootImpl$InputStage.onDeliverToNext(ViewRootImpl.java:3473)
04-10 03:31:37.034 E/AndroidRuntime( 2302): 	at android.view.ViewRootImpl$InputStage.forward(ViewRootImpl.java:3442)
04-10 03:31:37.034 E/AndroidRuntime( 2302): 	at android.view.ViewRootImpl$AsyncInputStage.forward(ViewRootImpl.java:3582)
04-10 03:31:37.034 E/AndroidRuntime( 2302): 	at android.view.ViewRootImpl$ImeInputStage.onFinishedInputEvent(ViewRootImpl.java:3742)
04-10 03:31:37.034 E/AndroidRuntime( 2302): 	at android.view.inputmethod.InputMethodManager$PendingEvent.run(InputMethodManager.java:2010)
04-10 03:31:37.034 E/AndroidRuntime( 2302): 	at android.view.inputmethod.InputMethodManager.invokeFinishedInputEventCallback(InputMethodManager.java:1704)
04-10 03:31:37.034 E/AndroidRuntime( 2302): 	at android.view.inputmethod.InputMethodManager.finishedInputEvent(InputMethodManager.java:1695)
04-10 03:31:37.034 E/AndroidRuntime( 2302): 	at android.view.inputmethod.InputMethodManager$ImeInputEventSender.onInputEventFinished(InputMethodManager.java:1987)
04-10 03:31:37.034 E/AndroidRuntime( 2302): 	at android.view.InputEventSender.dispatchInputEventFinished(InputEventSender.java:141)
04-10 03:31:37.034 E/AndroidRuntime( 2302): 	at android.os.MessageQueue.nativePollOnce(Native Method)
04-10 03:31:37.034 E/AndroidRuntime( 2302): 	at android.os.MessageQueue.next(MessageQueue.java:138)
04-10 03:31:37.034 E/AndroidRuntime( 2302): 	at android.os.Looper.loop(Looper.java:123)
04-10 03:31:37.034 E/AndroidRuntime( 2302): 	at android.app.ActivityThread.main(ActivityThread.java:5019)
04-10 03:31:37.034 E/AndroidRuntime( 2302): 	at java.lang.reflect.Method.invokeNative(Native Method)
04-10 03:31:37.034 E/AndroidRuntime( 2302): 	at java.lang.reflect.Method.invoke(Method.java:515)
04-10 03:31:37.034 E/AndroidRuntime( 2302): 	at com.android.internal.os.ZygoteInit$MethodAndArgsCaller.run(ZygoteInit.java:779)
04-10 03:31:37.034 E/AndroidRuntime( 2302): 	at com.android.internal.os.ZygoteInit.main(ZygoteInit.java:595)
04-10 03:31:37.034 E/AndroidRuntime( 2302): 	at dalvik.system.NativeStart.main(Native Method)
04-10 03:31:37.034 E/AndroidRuntime( 2302): Caused by: java.lang.reflect.InvocationTargetException
04-10 03:31:37.034 E/AndroidRuntime( 2302): 	at java.lang.reflect.Method.invokeNative(Native Method)
04-10 03:31:37.034 E/AndroidRuntime( 2302): 	at java.lang.reflect.Method.invoke(Method.java:515)
04-10 03:31:37.034 E/AndroidRuntime( 2302): 	at android.view.View$1.onClick(View.java:3818)
04-10 03:31:37.034 E/AndroidRuntime( 2302): 	... 48 more
04-10 03:31:37.034 E/AndroidRuntime( 2302): Caused by: java.lang.ArrayIndexOutOf
04-10 03:31:37.034 W/ActivityManager(  278):   Force finishing activity com.zzb.memoryleak/.MainActivity
04-10 03:31:37.644 W/ActivityManager(  278): Activity pause timeout for ActivityRecord{4aca20e4 u0 com.zzb.memoryleak/.MainActivity t28 f}
04-10 03:31:46.624 W/NativeCrashListener(  278): Couldn't find ProcessRecord for pid 3824
04-10 03:31:48.964 W/ActivityManager(  278): Activity destroy timeout for ActivityRecord{4aca20e4 u0 com.zzb.memoryleak/.MainActivity t28 f}
04-10 03:31:58.914 W/ContextImpl(  278): Calling a method in the system process without a qualified user: android.app.ContextImpl.sendBroadcast:1123 com.android.server.am.ActivityManagerService.handleApplicationCrashInner:9670 com.android.server.am.ActivityManagerService.handleApplicationCrash:9644 android.app.ActivityManagerNative.onTransact:1311 com.android.server.am.ActivityManagerService.onTransact:2071 
04-10 03:31:58.934 I/ActivityManager(  278): Process com.zzb.memoryleak (pid 2302) has died.
04-10 03:31:58.934 I/WindowState(  278): WIN DEATH: Window{4a8403f0 u0 com.zzb.memoryleak/com.zzb.memoryleak.MainActivity}
04-10 03:31:58.974 W/ContextImpl(  278): Calling a method in the system process without a qualified user: android.app.ContextImpl.sendBroadcast:1123 com.android.server.InputMethodManagerService.hideCurrentInputLocked:1880 com.android.server.InputMethodManagerService.windowGainedFocus:1968 com.android.internal.view.IInputMethodManager$Stub.onTransact:221 com.android.server.InputMethodManagerService.onTransact:818 
04-10 03:31:59.004 W/InputMethodManagerService(  278): Got RemoteException sending setActive(false) notification to pid 2302 uid 10029
04-10 03:32:00.714 I/ActivityManager(  278): moveTaskToBack: 6
04-10 03:32:00.884 W/ContextImpl(  278): Calling a method in the system process without a qualified user: android.app.ContextImpl.sendBroadcast:1123 com.android.server.InputMethodManagerService.hideCurrentInputLocked:1880 com.android.server.InputMethodManagerService.windowGainedFocus:1968 com.android.internal.view.IInputMethodManager$Stub.onTransact:221 com.android.server.InputMethodManagerService.onTransact:818 
04-10 03:32:02.314 W/ContextImpl(  278): Calling a method in the system process without a qualified user: android.app.ContextImpl.sendBroadcast:1123 com.android.server.InputMethodManagerService.hideCurrentInputLocked:1880 com.android.server.InputMethodManagerService.windowGainedFocus:1968 com.android.internal.view.IInputMethodManager$Stub.onTransact:221 com.android.server.InputMethodManagerService.onTransact:818 
04-10 03:32:02.944 W/ContextImpl(  278): Calling a method in the system process without a qualified user: android.app.ContextImpl.sendBroadcast:1123 com.android.server.InputMethodManagerService.hideCurrentInputLocked:1880 com.android.server.InputMethodManagerService.windowGainedFocus:1968 com.android.internal.view.IInputMethodManager$Stub.onTransact:221 com.android.server.InputMethodManagerService.onTransact:818 
04-10 03:32:04.684 W/ActivityManager(  278): Duplicate finish request for ActivityRecord{4ad67a18 u0 com.cyanogenmod.filemanager/.activities.NavigationActivity t24 f}
04-10 03:32:09.374 W/ViewRootImpl(  449): Dropping event due to no window focus: KeyEvent { action=ACTION_DOWN, keyCode=KEYCODE_BACK, scanCode=158, metaState=0, flags=0x8, repeatCount=0, eventTime=5266083, downTime=5266083, deviceId=-1, source=0x101 }
04-10 03:32:09.384 W/ViewRootImpl(  449): Dropping event due to no window focus: KeyEvent { action=ACTION_DOWN, keyCode=KEYCODE_BACK, scanCode=158, metaState=0, flags=0x8, repeatCount=0, eventTime=5266273, downTime=5266273, deviceId=-1, source=0x101 }
