--------- beginning of /dev/log/system
04-10 03:26:24.174 W/ViewRootImpl(  772): Dropping event due to no window focus: KeyEvent { action=ACTION_DOWN, keyCode=KEYCODE_DPAD_CENTER, scanCode=0, metaState=0, flags=0x8, repeatCount=0, eventTime=4924803, downTime=4924803, deviceId=-1, source=0x101 }
04-10 03:26:24.684 W/ContextImpl(  278): Calling a method in the system process without a qualified user: android.app.ContextImpl.sendBroadcast:1123 com.android.server.InputMethodManagerService.hideCurrentInputLocked:1880 com.android.server.InputMethodManagerService.windowGainedFocus:1968 com.android.internal.view.IInputMethodManager$Stub.onTransact:221 com.android.server.InputMethodManagerService.onTransact:818 
04-10 03:26:25.784 W/ViewRootImpl(  772): Dropping event due to no window focus: KeyEvent { action=ACTION_DOWN, keyCode=KEYCODE_MENU, scanCode=0, metaState=0, flags=0x8, repeatCount=0, eventTime=4927057, downTime=4927057, deviceId=-1, source=0x101 }
04-10 03:26:25.944 W/ViewRootImpl(  772): Dropping event due to root view being removed: MotionEvent { action=ACTION_UP, id[0]=0, x[0]=786.52515, y[0]=8.874023, toolType[0]=TOOL_TYPE_UNKNOWN, buttonState=0, metaState=0, flags=0x0, edgeFlags=0x0, pointerCount=1, historySize=0, eventTime=4927313, downTime=4927308, deviceId=0, source=0x1002 }
04-10 03:26:25.974 W/InputMethodManagerService(  278): Window already focused, ignoring focus gain of: com.android.internal.view.IInputMethodClient$Stub$Proxy@4a8925fc attribute=android.view.inputmethod.EditorInfo@4ad6e82c, token = android.os.BinderProxy@4aa2e164
04-10 03:26:26.144 W/ViewRootImpl(  772): Dropping event due to no window focus: KeyEvent { action=ACTION_DOWN, keyCode=KEYCODE_DPAD_CENTER, scanCode=0, metaState=0, flags=0x8, repeatCount=0, eventTime=4927558, downTime=4927558, deviceId=-1, source=0x101 }
04-10 03:26:26.154 W/ViewRootImpl(  772): Dropping event due to no window focus: KeyEvent { action=ACTION_DOWN, keyCode=KEYCODE_DPAD_DOWN, scanCode=0, metaState=0, flags=0x8, repeatCount=0, eventTime=4927589, downTime=4927589, deviceId=-1, source=0x101 }
04-10 03:26:26.164 W/ViewRootImpl(  772): Dropping event due to no window focus: KeyEvent { action=ACTION_DOWN, keyCode=KEYCODE_DPAD_CENTER, scanCode=0, metaState=0, flags=0x8, repeatCount=0, eventTime=4927596, downTime=4927596, deviceId=-1, source=0x101 }
04-10 03:26:26.204 W/ViewRootImpl(  772): Dropping event due to no window focus: KeyEvent { action=ACTION_DOWN, keyCode=KEYCODE_DPAD_DOWN, scanCode=0, metaState=0, flags=0x8, repeatCount=0, eventTime=4927608, downTime=4927608, deviceId=-1, source=0x101 }
04-10 03:26:26.224 W/ViewRootImpl(  772): Dropping event due to no window focus: KeyEvent { action=ACTION_DOWN, keyCode=KEYCODE_DPAD_CENTER, scanCode=0, metaState=0, flags=0x8, repeatCount=0, eventTime=4927651, downTime=4927651, deviceId=-1, source=0x101 }
04-10 03:26:26.234 W/ViewRootImpl(  772): Dropping event due to no window focus: KeyEvent { action=ACTION_DOWN, keyCode=KEYCODE_MENU, scanCode=0, metaState=0, flags=0x8, repeatCount=0, eventTime=4927664, downTime=4927664, deviceId=-1, source=0x101 }
04-10 03:26:26.254 W/ViewRootImpl(  772): Dropping event due to no window focus: KeyEvent { action=ACTION_DOWN, keyCode=KEYCODE_DPAD_DOWN, scanCode=0, metaState=0, flags=0x8, repeatCount=0, eventTime=4927671, downTime=4927671, deviceId=-1, source=0x101 }
04-10 03:26:26.394 W/ViewRootImpl(  772): Dropping event due to no window focus: KeyEvent { action=ACTION_DOWN, keyCode=KEYCODE_MENU, scanCode=0, metaState=0, flags=0x8, repeatCount=0, eventTime=4927719, downTime=4927719, deviceId=-1, source=0x101 }
04-10 03:26:26.494 W/ViewRootImpl(  772): Dropping event due to no window focus: KeyEvent { action=ACTION_DOWN, keyCode=KEYCODE_DPAD_RIGHT, scanCode=0, metaState=0, flags=0x8, repeatCount=0, eventTime=4927896, downTime=4927896, deviceId=-1, source=0x101 }
04-10 03:26:26.684 W/InputMethodManagerService(  278): Window already focused, ignoring focus gain of: com.android.internal.view.IInputMethodClient$Stub$Proxy@4a84ec28 attribute=android.view.inputmethod.EditorInfo@4ad3800c, token = android.os.BinderProxy@4aa2e164
04-10 03:26:26.934 I/ActivityManager(  278): START u0 {act=android.intent.action.MAIN cat=[android.intent.category.LAUNCHER] flg=0x10200000 cmp=com.zzb.memoryleak/.MainActivity} from pid 2461
04-10 03:26:27.154 W/InputManager(  278): Input event injection from pid 2461 failed.
04-10 03:26:27.154 W/InputManager(  278): Input event injection from pid 2461 failed.
04-10 03:26:27.254 W/ViewRootImpl( 2302): Dropping event due to no window focus: KeyEvent { action=ACTION_DOWN, keyCode=KEYCODE_DPAD_DOWN, scanCode=0, metaState=0, flags=0x8, repeatCount=0, eventTime=4928687, downTime=4928687, deviceId=-1, source=0x101 }
04-10 03:26:27.354 W/ViewRootImpl( 2302): Dropping event due to no window focus: KeyEvent { action=ACTION_DOWN, keyCode=KEYCODE_DPAD_LEFT, scanCode=0, metaState=0, flags=0x8, repeatCount=0, eventTime=4928726, downTime=4928726, deviceId=-1, source=0x101 }
04-10 03:26:27.374 W/ContextImpl(  278): Calling a method in the system process without a qualified user: android.app.ContextImpl.sendBroadcast:1123 com.android.server.InputMethodManagerService.hideCurrentInputLocked:1880 com.android.server.InputMethodManagerService.windowGainedFocus:1968 com.android.internal.view.IInputMethodManager$Stub.onTransact:221 com.android.server.InputMethodManagerService.onTransact:818 
04-10 03:26:28.274 I/ActivityManager(  278): START u0 {act=android.intent.action.CALL_BUTTON flg=0x10000000} from pid 2302
04-10 03:26:28.284 W/PhoneFallbackEventHandler( 2302): No activity found for android.intent.action.CALL_BUTTON.
04-10 03:26:28.284 I/ActivityManager(  278): START u0 {act=android.intent.action.MAIN cat=[android.intent.category.LAUNCHER] flg=0x10200000 cmp=com.android.contacts/.activities.PeopleActivity} from pid 2461
04-10 03:26:28.344 W/ViewRootImpl( 2302): Dropping event due to no window focus: MotionEvent { action=ACTION_MOVE, id[0]=0, x[0]=4.0, y[0]=1.0, toolType[0]=TOOL_TYPE_UNKNOWN, buttonState=0, metaState=0, flags=0x0, edgeFlags=0x0, pointerCount=1, historySize=2, eventTime=4929772, downTime=-1, deviceId=0, source=0x10004 }
04-10 03:26:28.404 W/ViewRootImpl( 2174): Dropping event due to no window focus: MotionEvent { action=ACTION_MOVE, id[0]=0, x[0]=3.0, y[0]=0.0, toolType[0]=TOOL_TYPE_UNKNOWN, buttonState=0, metaState=0, flags=0x0, edgeFlags=0x0, pointerCount=1, historySize=0, eventTime=4929773, downTime=-1, deviceId=0, source=0x10004 }
04-10 03:26:28.454 W/ContextImpl(  278): Calling a method in the system process without a qualified user: android.app.ContextImpl.sendBroadcast:1123 com.android.server.InputMethodManagerService.hideCurrentInputLocked:1880 com.android.server.InputMethodManagerService.windowGainedFocus:1968 com.android.internal.view.IInputMethodManager$Stub.onTransact:221 com.android.server.InputMethodManagerService.onTransact:818 
04-10 03:26:28.504 I/ActivityManager(  278): START u0 {act=android.intent.action.MAIN cat=[android.intent.category.LAUNCHER] flg=0x10200000 cmp=com.android.camera/.Camera} from pid 2461
04-10 03:26:28.974 I/ActivityManager(  278): Start proc com.android.camera for activity com.android.camera/.Camera: pid=2533 uid=10017 gids={50017, 1028, 1015, 1023}
04-10 03:26:29.064 I/ActivityManager(  278): START u0 {act=android.intent.action.MAIN cat=[android.intent.category.HOME] flg=0x10200000 cmp=com.vphone.launcher/.Launcher} from pid 278
04-10 03:26:29.284 I/ActivityManager(  278): Config changes=480 {1.0 460mcc2mnc zh_CN ldltr sw480dp w480dp h828dp 240dpi lrg long port finger qwerty/v/v dpad/v s.14}
04-10 03:26:29.384 W/InputMethodManagerService(  278): Starting input on non-focused client com.android.internal.view.IInputMethodClient$Stub$Proxy@4a85f6a8 (uid=10012 pid=2231)
04-10 03:26:29.404 I/WindowManager(  278): Screen frozen for +208ms due to Window{4a8aa584 u0 com.android.systemui.ImageWallpaper}
04-10 03:26:29.484 W/InputManager(  278): Input event injection from pid 2461 failed.
04-10 03:26:29.644 W/ActivityManager(  278): Activity pause timeout for ActivityRecord{4a8b27f0 u0 com.android.camera/.Camera t15}
04-10 03:26:29.844 W/ContextImpl(  449): Calling a method in the system process without a qualified user: android.app.ContextImpl.startService:1492 android.content.ContextWrapper.startService:494 com.vphone.launcher.Launcher.g:677 com.vphone.launcher.Launcher.a:176 com.vphone.launcher.Launcher$11.run:633 
04-10 03:26:29.984 W/ViewRootImpl(  449): Dropping event due to no window focus: KeyEvent { action=ACTION_DOWN, keyCode=KEYCODE_DPAD_DOWN, scanCode=0, metaState=0, flags=0x8, repeatCount=0, eventTime=4931405, downTime=4931405, deviceId=-1, source=0x101 }
04-10 03:26:30.024 W/ViewRootImpl(  449): Dropping event due to no window focus: KeyEvent { action=ACTION_DOWN, keyCode=KEYCODE_DPAD_RIGHT, scanCode=0, metaState=0, flags=0x8, repeatCount=0, eventTime=4931433, downTime=4931433, deviceId=-1, source=0x101 }
04-10 03:26:30.024 W/ViewRootImpl(  449): Dropping event due to no window focus: KeyEvent { action=ACTION_DOWN, keyCode=KEYCODE_BUTTON_13, scanCode=0, metaState=0, flags=0x8, repeatCount=0, eventTime=4931463, downTime=4931463, deviceId=-1, source=0x101 }
04-10 03:26:30.034 W/ViewRootImpl(  449): Dropping event due to no window focus: KeyEvent { action=ACTION_DOWN, keyCode=KEYCODE_DPAD_CENTER, scanCode=0, metaState=0, flags=0x8, repeatCount=0, eventTime=4931463, downTime=4931463, deviceId=-1, source=0x101 }
04-10 03:26:30.094 W/ViewRootImpl(  449): Dropping event due to no window focus: KeyEvent { action=ACTION_DOWN, keyCode=KEYCODE_DPAD_RIGHT, scanCode=0, metaState=0, flags=0x8, repeatCount=0, eventTime=4931474, downTime=4931474, deviceId=-1, source=0x101 }
04-10 03:26:30.104 W/ContextImpl(  278): Calling a method in the system process without a qualified user: android.app.ContextImpl.sendBroadcast:1123 com.android.server.InputMethodManagerService.hideCurrentInputLocked:1880 com.android.server.InputMethodManagerService.windowGainedFocus:1968 com.android.internal.view.IInputMethodManager$Stub.onTransact:221 com.android.server.InputMethodManagerService.onTransact:818 
04-10 03:26:30.474 I/ActivityManager(  278): START u0 {act=android.intent.action.MAIN cat=[android.intent.category.HOME] flg=0x10200000 cmp=com.vphone.launcher/.Launcher} from pid 278
04-10 03:26:30.564 W/ContextImpl(  278): Calling a method in the system process without a qualified user: android.app.ContextImpl.sendBroadcast:1123 com.android.server.InputMethodManagerService.hideCurrentInputLocked:1880 com.android.server.InputMethodManagerService.hideSoftInput:1843 com.android.internal.view.IInputMethodManager$Stub.onTransact:194 com.android.server.InputMethodManagerService.onTransact:818 
04-10 03:26:30.614 I/ActivityManager(  278): START u0 {cmp=com.vphone.launcher/.game.RecommendActivity} from pid 449
04-10 03:26:30.744 W/ViewRootImpl(  449): Dropping event due to no window focus: KeyEvent { action=ACTION_DOWN, keyCode=KEYCODE_DPAD_CENTER, scanCode=0, metaState=0, flags=0x8, repeatCount=0, eventTime=4932001, downTime=4932001, deviceId=-1, source=0x101 }
04-10 03:26:30.784 W/ContextImpl(  278): Calling a method in the system process without a qualified user: android.app.ContextImpl.sendBroadcast:1123 com.android.server.InputMethodManagerService.hideCurrentInputLocked:1880 com.android.server.InputMethodManagerService.windowGainedFocus:1968 com.android.internal.view.IInputMethodManager$Stub.onTransact:221 com.android.server.InputMethodManagerService.onTransact:818 
04-10 03:26:30.834 W/ViewRootImpl(  449): Dropping event due to no window focus: KeyEvent { action=ACTION_DOWN, keyCode=KEYCODE_DPAD_LEFT, scanCode=0, metaState=0, flags=0x8, repeatCount=0, eventTime=4932240, downTime=4932240, deviceId=-1, source=0x101 }
04-10 03:26:30.854 W/ViewRootImpl(  449): Dropping event due to no window focus: KeyEvent { action=ACTION_DOWN, keyCode=KEYCODE_DPAD_DOWN, scanCode=0, metaState=0, flags=0x8, repeatCount=0, eventTime=4932278, downTime=4932278, deviceId=-1, source=0x101 }
04-10 03:26:30.864 W/ContextImpl(  278): Calling a method in the system process without a qualified user: android.app.ContextImpl.sendBroadcast:1123 com.android.server.InputMethodManagerService.hideCurrentInputLocked:1880 com.android.server.InputMethodManagerService.windowGainedFocus:1968 com.android.internal.view.IInputMethodManager$Stub.onTransact:221 com.android.server.InputMethodManagerService.onTransact:818 
04-10 03:26:30.914 W/InputManager(  278): Input event injection from pid 2461 failed.
04-10 03:26:30.914 W/InputManager(  278): Input event injection from pid 2461 failed.
04-10 03:26:30.914 W/InputManager(  278): Input event injection from pid 2461 failed.
04-10 03:26:30.914 W/InputManager(  278): Input event injection from pid 2461 failed.
04-10 03:26:30.914 W/InputManager(  278): Input event injection from pid 2461 failed.
04-10 03:26:30.914 W/InputManager(  278): Input event injection from pid 2461 failed.
04-10 03:26:30.964 W/InputManager(  278): Input event injection from pid 2461 failed.
04-10 03:26:31.044 I/ActivityManager(  278): START u0 {cmp=com.vphone.launcher/.game.AdDetailActivity (has extras)} from pid 449
04-10 03:26:31.424 W/ActivityManager(  278): Duplicate finish request for ActivityRecord{4ab24a70 u0 com.vphone.launcher/.game.RecommendActivity t1 f}
04-10 03:26:32.374 W/ViewRootImpl(  449): Dropping event due to no window focus: MotionEvent { action=ACTION_MOVE, id[0]=0, x[0]=4.0, y[0]=2.0, toolType[0]=TOOL_TYPE_UNKNOWN, buttonState=0, metaState=0, flags=0x0, edgeFlags=0x0, pointerCount=1, historySize=9, eventTime=4933560, downTime=-1, deviceId=0, source=0x10004 }
04-10 03:26:32.624 W/ViewRootImpl(  449): Dropping event due to no window focus: KeyEvent { action=ACTION_DOWN, keyCode=KEYCODE_DPAD_CENTER, scanCode=0, metaState=0, flags=0x8, repeatCount=0, eventTime=4933561, downTime=4933561, deviceId=-1, source=0x101 }
04-10 03:26:32.624 W/ViewRootImpl(  449): Dropping event due to no window focus: KeyEvent { action=ACTION_DOWN, keyCode=KEYCODE_DPAD_CENTER, scanCode=0, metaState=0, flags=0x8, repeatCount=0, eventTime=4934063, downTime=4934063, deviceId=-1, source=0x101 }
04-10 03:26:32.664 W/ContextImpl(  278): Calling a method in the system process without a qualified user: android.app.ContextImpl.sendBroadcast:1123 com.android.server.InputMethodManagerService.hideCurrentInputLocked:1880 com.android.server.InputMethodManagerService.windowGainedFocus:1968 com.android.internal.view.IInputMethodManager$Stub.onTransact:221 com.android.server.InputMethodManagerService.onTransact:818 
04-10 03:26:33.514 D/Sensors (  278): Client connection accepted (182)
04-10 03:26:33.514 W/ActivityManager(  278): Activity pause timeout for ActivityRecord{4ab3f350 u0 com.vphone.launcher/.game.AdDetailActivity t1 f}
04-10 03:26:33.914 E/ActivityThread( 2533): Performing stop of activity that is not resumed: {com.android.camera/com.android.camera.Camera}
04-10 03:26:33.914 E/ActivityThread( 2533): java.lang.RuntimeException: Performing stop of activity that is not resumed: {com.android.camera/com.android.camera.Camera}
04-10 03:26:33.914 E/ActivityThread( 2533): 	at android.app.ActivityThread.performStopActivityInner(ActivityThread.java:3145)
04-10 03:26:33.914 E/ActivityThread( 2533): 	at android.app.ActivityThread.handleStopActivity(ActivityThread.java:3232)
04-10 03:26:33.914 E/ActivityThread( 2533): 	at android.app.ActivityThread.access$1100(ActivityThread.java:135)
04-10 03:26:33.914 E/ActivityThread( 2533): 	at android.app.ActivityThread$H.handleMessage(ActivityThread.java:1223)
04-10 03:26:33.914 E/ActivityThread( 2533): 	at android.os.Handler.dispatchMessage(Handler.java:102)
04-10 03:26:33.914 E/ActivityThread( 2533): 	at android.os.Looper.loop(Looper.java:136)
04-10 03:26:33.914 E/ActivityThread( 2533): 	at android.app.ActivityThread.main(ActivityThread.java:5019)
04-10 03:26:33.914 E/ActivityThread( 2533): 	at java.lang.reflect.Method.invokeNative(Native Method)
04-10 03:26:33.914 E/ActivityThread( 2533): 	at java.lang.reflect.Method.invoke(Method.java:515)
04-10 03:26:33.914 E/ActivityThread( 2533): 	at com.android.internal.os.ZygoteInit$MethodAndArgsCaller.run(ZygoteInit.java:779)
04-10 03:26:33.914 E/ActivityThread( 2533): 	at com.android.internal.os.ZygoteInit.main(ZygoteInit.java:595)
04-10 03:26:33.914 E/ActivityThread( 2533): 	at dalvik.system.NativeStart.main(Native Method)
04-10 03:26:33.964 I/ActivityManager(  278): Activity reported stop, but no longer stopping: ActivityRecord{4a8b27f0 u0 com.android.camera/.Camera t15}
04-10 03:26:34.174 W/ViewRootImpl(  449): Dropping event due to no window focus: KeyEvent { action=ACTION_DOWN, keyCode=KEYCODE_DPAD_DOWN, scanCode=0, metaState=0, flags=0x8, repeatCount=0, eventTime=4934242, downTime=4934242, deviceId=-1, source=0x101 }
04-10 03:26:34.484 W/ContextImpl(  278): Calling a method in the system process without a qualified user: android.app.ContextImpl.sendBroadcast:1123 com.android.server.InputMethodManagerService.hideCurrentInputLocked:1880 com.android.server.InputMethodManagerService.windowGainedFocus:1968 com.android.internal.view.IInputMethodManager$Stub.onTransact:221 com.android.server.InputMethodManagerService.onTransact:818 
04-10 03:26:34.974 W/ActivityManager(  278): Duplicate finish request for ActivityRecord{4ab3f350 u0 com.vphone.launcher/.game.AdDetailActivity t1 f}
04-10 03:26:35.374 I/ActivityManager(  278): START u0 {act=android.intent.action.MAIN cat=[android.intent.category.LAUNCHER] flg=0x10200000 cmp=com.android.providers.downloads.ui/.DownloadList bnds=[146,1130][284,1272] (has extras)} from pid 449
04-10 03:26:35.384 W/ContextImpl(  449): Calling a method in the system process without a qualified user: android.app.ContextImpl.sendBroadcast:1137 android.content.ContextWrapper.sendBroadcast:370 com.vphone.launcher.Stats.recordLaunch:129 com.vphone.launcher.Launcher.c:3179 com.vphone.launcher.Launcher.onClickAppShortcut:3117 
04-10 03:26:35.424 I/ActivityManager(  278): START u0 {act=android.provider.action.MANAGE_ROOT dat=content://com.android.providers.downloads.documents/root/downloads cmp=com.android.documentsui/.DocumentsActivity} from pid 623
04-10 03:26:35.984 D/Sensors (  278): Client connection accepted (209)
04-10 03:26:36.474 W/ViewRootImpl( 1976): Dropping event due to no window focus: KeyEvent { action=ACTION_DOWN, keyCode=KEYCODE_DPAD_CENTER, scanCode=0, metaState=0, flags=0x8, repeatCount=0, eventTime=4936803, downTime=4936803, deviceId=-1, source=0x101 }
04-10 03:26:36.484 D/Sensors (  278): Client connection accepted (209)
04-10 03:26:36.644 I/ActivityManager(  278): Config changes=480 {1.0 460mcc2mnc zh_CN ldltr sw480dp w853dp h454dp 240dpi lrg long land finger qwerty/v/v dpad/v s.15}
04-10 03:26:36.644 W/ContextImpl(  278): Calling a method in the system process without a qualified user: android.app.ContextImpl.sendBroadcast:1123 com.android.server.InputMethodManagerService.hideCurrentInputLocked:1880 com.android.server.InputMethodManagerService.windowGainedFocus:1968 com.android.internal.view.IInputMethodManager$Stub.onTransact:221 com.android.server.InputMethodManagerService.onTransact:818 
04-10 03:26:36.754 W/InputMethodManagerService(  278): Starting input on non-focused client com.android.internal.view.IInputMethodClient$Stub$Proxy@4a85f6a8 (uid=10012 pid=2231)
04-10 03:26:36.984 D/Sensors (  278): Client connection accepted (214)
04-10 03:26:37.344 I/WindowManager(  278): Screen frozen for +924ms due to Window{4a8746c0 u0 StatusBar}
04-10 03:26:37.384 W/ContextImpl(  278): Calling a method in the system process without a qualified user: android.app.ContextImpl.sendBroadcast:1123 com.android.server.InputMethodManagerService.hideCurrentInputLocked:1880 com.android.server.InputMethodManagerService.windowGainedFocus:1968 com.android.internal.view.IInputMethodManager$Stub.onTransact:221 com.android.server.InputMethodManagerService.onTransact:818 
04-10 03:26:37.494 W/ViewRootImpl( 1976): Dropping event due to no window focus: KeyEvent { action=ACTION_DOWN, keyCode=KEYCODE_MENU, scanCode=0, metaState=0, flags=0x8, repeatCount=0, eventTime=4938856, downTime=4938856, deviceId=-1, source=0x101 }
04-10 03:26:37.514 W/ViewRootImpl( 1976): Dropping event due to no window focus: KeyEvent { action=ACTION_DOWN, keyCode=KEYCODE_CALL, scanCode=0, metaState=0, flags=0x8, repeatCount=0, eventTime=4938937, downTime=4938937, deviceId=-1, source=0x101 }
04-10 03:26:37.634 W/ViewRootImpl( 1976): Dropping event due to no window focus: KeyEvent { action=ACTION_DOWN, keyCode=KEYCODE_DPAD_CENTER, scanCode=0, metaState=0, flags=0x8, repeatCount=0, eventTime=4938957, downTime=4938957, deviceId=-1, source=0x101 }
04-10 03:26:37.734 W/ViewRootImpl( 1976): Dropping event due to root view being removed: MotionEvent { action=ACTION_MOVE, id[0]=0, x[0]=-835.87384, y[0]=298.64606, toolType[0]=TOOL_TYPE_UNKNOWN, buttonState=0, metaState=0, flags=0x0, edgeFlags=0x0, pointerCount=1, historySize=2, eventTime=4939075, downTime=4939073, deviceId=0, source=0x1002 }
04-10 03:26:37.734 W/ViewRootImpl( 1976): Dropping event due to root view being removed: MotionEvent { action=ACTION_UP, id[0]=0, x[0]=-835.5323, y[0]=300.0902, toolType[0]=TOOL_TYPE_UNKNOWN, buttonState=0, metaState=0, flags=0x0, edgeFlags=0x0, pointerCount=1, historySize=0, eventTime=4939076, downTime=4939073, deviceId=0, source=0x1002 }
04-10 03:26:38.024 I/ActivityManager(  278): Config changes=480 {1.0 460mcc2mnc zh_CN ldltr sw480dp w480dp h828dp 240dpi lrg long port finger qwerty/v/v dpad/v s.16}
04-10 03:26:38.094 W/InputMethodManagerService(  278): Starting input on non-focused client com.android.internal.view.IInputMethodClient$Stub$Proxy@4a85f6a8 (uid=10012 pid=2231)
04-10 03:26:38.224 W/InputMethodManagerService(  278): Window already focused, ignoring focus gain of: com.android.internal.view.IInputMethodClient$Stub$Proxy@4a8a1310 attribute=null, token = android.os.BinderProxy@4aa63dc4
04-10 03:26:38.874 W/ContextImpl(  278): Calling a method in the system process without a qualified user: android.app.ContextImpl.sendBroadcast:1123 com.android.server.InputMethodManagerService.hideCurrentInputLocked:1880 com.android.server.InputMethodManagerService.windowGainedFocus:1968 com.android.internal.view.IInputMethodManager$Stub.onTransact:221 com.android.server.InputMethodManagerService.onTransact:818 
04-10 03:26:38.884 I/WindowManager(  278): Screen frozen for +1s40ms due to Window{4ad37c7c u0 com.android.documentsui/com.android.documentsui.DocumentsActivity}
04-10 03:26:38.934 E/WindowManager(  278): Starting window AppWindowToken{4ab43948 token=Token{4a919374 ActivityRecord{4a8b27f0 u0 com.android.camera/.Camera t15}}} timed out
04-10 03:26:39.934 I/ActivityManager(  278): START u0 {act=android.intent.action.MAIN cat=[android.intent.category.HOME] flg=0x10200000 cmp=com.vphone.launcher/.Launcher} from pid 278
04-10 03:26:40.414 W/InputManager(  278): Input event injection from pid 2461 failed.
04-10 03:26:41.534 W/NativeCrashListener(  278): Couldn't find ProcessRecord for pid 2641
04-10 03:26:41.564 D/Sensors (  278): Client connection accepted (197)
04-10 03:26:41.564 D/Sensors (  278): Client connection accepted (197)
04-10 03:26:41.564 D/Sensors (  278): Client connection accepted (201)
04-10 03:26:42.124 I/ActivityManager(  278): Config changes=480 {1.0 460mcc2mnc zh_CN ldltr sw480dp w853dp h454dp 240dpi lrg long land finger qwerty/v/v dpad/v s.17}
04-10 03:26:42.254 W/InputMethodManagerService(  278): Starting input on non-focused client com.android.internal.view.IInputMethodClient$Stub$Proxy@4a85f6a8 (uid=10012 pid=2231)
04-10 03:26:42.434 I/WindowManager(  278): Screen frozen for +354ms due to Window{4a8746c0 u0 StatusBar}
04-10 03:26:43.204 W/ContextImpl(  449): Calling a method in the system process without a qualified user: android.app.ContextImpl.startService:1492 android.content.ContextWrapper.startService:494 com.vphone.launcher.Launcher.g:677 com.vphone.launcher.Launcher.a:176 com.vphone.launcher.Launcher$11.run:633 
04-10 03:26:43.304 W/NativeCrashListener(  278): Couldn't find ProcessRecord for pid 2653
04-10 03:26:43.364 I/ActivityManager(  278): Activity reported stop, but no longer stopping: ActivityRecord{4a895038 u0 com.vphone.launcher/.Launcher t1}
04-10 03:26:43.364 W/ViewRootImpl(  449): Dropping event due to no window focus: KeyEvent { action=ACTION_DOWN, keyCode=KEYCODE_BOOKMARK, scanCode=0, metaState=0, flags=0x8, repeatCount=0, eventTime=4944770, downTime=4944770, deviceId=-1, source=0x101 }
04-10 03:26:43.474 W/ViewRootImpl(  449): Dropping event due to no window focus: KeyEvent { action=ACTION_DOWN, keyCode=KEYCODE_DPAD_RIGHT, scanCode=0, metaState=0, flags=0x8, repeatCount=0, eventTime=4944809, downTime=4944809, deviceId=-1, source=0x101 }
04-10 03:26:43.484 W/ContextImpl(  278): Calling a method in the system process without a qualified user: android.app.ContextImpl.sendBroadcast:1123 com.android.server.InputMethodManagerService.hideCurrentInputLocked:1880 com.android.server.InputMethodManagerService.windowGainedFocus:1968 com.android.internal.view.IInputMethodManager$Stub.onTransact:221 com.android.server.InputMethodManagerService.onTransact:818 
04-10 03:26:43.624 I/ActivityManager(  278): START u0 {act=android.intent.action.MAIN cat=[android.intent.category.LAUNCHER] flg=0x10200000 cmp=com.bignox.app.store.hd/.StoreActivity bnds=[113,173][324,299] (has extras)} from pid 449
04-10 03:26:43.634 W/ContextImpl(  449): Calling a method in the system process without a qualified user: android.app.ContextImpl.sendBroadcast:1137 android.content.ContextWrapper.sendBroadcast:370 com.vphone.launcher.Stats.recordLaunch:129 com.vphone.launcher.Launcher.c:3179 com.vphone.launcher.Launcher.onClickAppShortcut:3117 
04-10 03:26:45.234 W/ViewRootImpl(  694): Dropping event due to no window focus: KeyEvent { action=ACTION_DOWN, keyCode=KEYCODE_DPAD_DOWN, scanCode=0, metaState=0, flags=0x8, repeatCount=0, eventTime=4945533, downTime=4945533, deviceId=-1, source=0x101 }
04-10 03:26:45.264 W/ContextImpl(  278): Calling a method in the system process without a qualified user: android.app.ContextImpl.sendBroadcast:1123 com.android.server.InputMethodManagerService.hideCurrentInputLocked:1880 com.android.server.InputMethodManagerService.windowGainedFocus:1968 com.android.internal.view.IInputMethodManager$Stub.onTransact:221 com.android.server.InputMethodManagerService.onTransact:818 
04-10 03:26:45.314 I/ActivityManager(  278): START u0 {cmp=com.bignox.app.store.hd/.activity.AppDetailPageActivity (has extras)} from pid 694
04-10 03:26:46.204 W/ContextImpl(  278): Calling a method in the system process without a qualified user: android.app.ContextImpl.sendBroadcast:1123 com.android.server.InputMethodManagerService.hideCurrentInputLocked:1880 com.android.server.InputMethodManagerService.windowGainedFocus:1968 com.android.internal.view.IInputMethodManager$Stub.onTransact:221 com.android.server.InputMethodManagerService.onTransact:818 
04-10 03:26:46.974 W/ViewRootImpl(  694): Dropping event due to no window focus: KeyEvent { action=ACTION_DOWN, keyCode=KEYCODE_DPAD_UP, scanCode=0, metaState=0, flags=0x8, repeatCount=0, eventTime=4948074, downTime=4948074, deviceId=-1, source=0x101 }
04-10 03:26:47.134 W/ViewRootImpl(  694): Dropping event due to no window focus: KeyEvent { action=ACTION_DOWN, keyCode=KEYCODE_DPAD_RIGHT, scanCode=0, metaState=0, flags=0x8, repeatCount=0, eventTime=4948416, downTime=4948416, deviceId=-1, source=0x101 }
04-10 03:26:47.234 W/ContextImpl(  278): Calling a method in the system process without a qualified user: android.app.ContextImpl.sendBroadcast:1123 com.android.server.InputMethodManagerService.hideCurrentInputLocked:1880 com.android.server.InputMethodManagerService.windowGainedFocus:1968 com.android.internal.view.IInputMethodManager$Stub.onTransact:221 com.android.server.InputMethodManagerService.onTransact:818 
04-10 03:26:47.994 I/ActivityManager(  278): START u0 {cmp=com.bignox.app.store.hd/.activity.AppDetailPageActivity (has extras)} from pid 694
04-10 03:26:48.684 W/ViewRootImpl(  694): Dropping event due to no window focus: KeyEvent { action=ACTION_DOWN, keyCode=KEYCODE_DPAD_RIGHT, scanCode=0, metaState=0, flags=0x8, repeatCount=0, eventTime=4949134, downTime=4949134, deviceId=-1, source=0x101 }
04-10 03:26:48.684 W/ViewRootImpl(  694): Dropping event due to no window focus: KeyEvent { action=ACTION_DOWN, keyCode=KEYCODE_DPAD_RIGHT, scanCode=0, metaState=0, flags=0x8, repeatCount=0, eventTime=4950126, downTime=4950126, deviceId=-1, source=0x101 }
04-10 03:26:48.694 W/ViewRootImpl(  694): Dropping event due to no window focus: KeyEvent { action=ACTION_DOWN, keyCode=KEYCODE_DPAD_CENTER, scanCode=0, metaState=0, flags=0x8, repeatCount=0, eventTime=4950130, downTime=4950130, deviceId=-1, source=0x101 }
04-10 03:26:49.194 W/ContextImpl(  278): Calling a method in the system process without a qualified user: android.app.ContextImpl.sendBroadcast:1123 com.android.server.InputMethodManagerService.hideCurrentInputLocked:1880 com.android.server.InputMethodManagerService.windowGainedFocus:1968 com.android.internal.view.IInputMethodManager$Stub.onTransact:221 com.android.server.InputMethodManagerService.onTransact:818 
04-10 03:26:49.454 W/ViewRootImpl(  694): Dropping event due to no window focus: KeyEvent { action=ACTION_DOWN, keyCode=KEYCODE_DPAD_DOWN, scanCode=0, metaState=0, flags=0x8, repeatCount=0, eventTime=4950142, downTime=4950142, deviceId=-1, source=0x101 }
04-10 03:26:49.464 W/ViewRootImpl(  694): Dropping event due to no window focus: KeyEvent { action=ACTION_DOWN, keyCode=KEYCODE_MENU, scanCode=0, metaState=0, flags=0x8, repeatCount=0, eventTime=4950892, downTime=4950892, deviceId=-1, source=0x101 }
04-10 03:26:49.484 I/ActivityManager(  278): START u0 {act=android.intent.action.MAIN cat=[android.intent.category.LAUNCHER] flg=0x10200000 cmp=com.android.browser/.BrowserActivity} from pid 2461
04-10 03:26:49.804 W/ContextImpl(  278): Calling a method in the system process without a qualified user: android.app.ContextImpl.sendBroadcast:1123 com.android.server.InputMethodManagerService.hideCurrentInputLocked:1880 com.android.server.InputMethodManagerService.windowGainedFocus:1968 com.android.internal.view.IInputMethodManager$Stub.onTransact:221 com.android.server.InputMethodManagerService.onTransact:818 
04-10 03:26:49.864 W/ViewRootImpl( 2231): Dropping event due to no window focus: KeyEvent { action=ACTION_DOWN, keyCode=KEYCODE_SPACE, scanCode=0, metaState=0, flags=0x8, repeatCount=0, eventTime=4951296, downTime=4951296, deviceId=-1, source=0x101 }
04-10 03:26:49.874 I/ActivityManager(  278): START u0 {act=android.intent.action.MAIN cat=[android.intent.category.LAUNCHER] flg=0x10200000 cmp=com.tencent.wstt.gt/.activity.SplashActivity} from pid 2461
04-10 03:26:50.614 I/WindowManager(  278): Screenshot max retries 4 of Token{4ab300c4 ActivityRecord{4ab25db4 u0 com.android.browser/.BrowserActivity t9}} appWin=Window{4aa62c08 u0 com.android.browser/com.android.browser.BrowserActivity} drawState=1
04-10 03:26:50.614 W/WindowManager(  278): Screenshot failure taking screenshot for (1280x720) to layer 21005
04-10 03:26:50.844 W/ContextImpl(  278): Calling a method in the system process without a qualified user: android.app.ContextImpl.sendBroadcast:1123 com.android.server.InputMethodManagerService.hideCurrentInputLocked:1880 com.android.server.InputMethodManagerService.windowGainedFocus:1968 com.android.internal.view.IInputMethodManager$Stub.onTransact:221 com.android.server.InputMethodManagerService.onTransact:818 
04-10 03:26:50.844 W/ActivityManager(  278): Launch timeout has expired, giving up wake lock!
04-10 03:26:51.304 I/ActivityManager(  278): Config changes=480 {1.0 460mcc2mnc zh_CN ldltr sw480dp w480dp h828dp 240dpi lrg long port finger qwerty/v/v dpad/v s.18}
04-10 03:26:51.514 W/InputMethodManagerService(  278): Starting input on non-focused client com.android.internal.view.IInputMethodClient$Stub$Proxy@4a85f6a8 (uid=10012 pid=2231)
04-10 03:26:51.854 W/ContextImpl(  278): Calling a method in the system process without a qualified user: android.app.ContextImpl.sendBroadcast:1123 com.android.server.InputMethodManagerService.hideCurrentInputLocked:1880 com.android.server.InputMethodManagerService.windowGainedFocus:1968 com.android.internal.view.IInputMethodManager$Stub.onTransact:221 com.android.server.InputMethodManagerService.onTransact:818 
04-10 03:26:51.884 I/WindowManager(  278): Screen frozen for +774ms due to Window{4ab246c8 u0 com.tencent.wstt.gt/com.tencent.wstt.gt.activity.GTMainActivity}
04-10 03:26:52.444 W/ViewRootImpl( 1546): Dropping event due to no window focus: MotionEvent { action=ACTION_MOVE, id[0]=0, x[0]=4.0, y[0]=-4.0, toolType[0]=TOOL_TYPE_UNKNOWN, buttonState=0, metaState=0, flags=0x0, edgeFlags=0x0, pointerCount=1, historySize=9, eventTime=4953758, downTime=-1, deviceId=0, source=0x10004 }
04-10 03:26:52.544 W/ViewRootImpl( 1546): Dropping event due to no window focus: KeyEvent { action=ACTION_DOWN, keyCode=KEYCODE_DPAD_UP, scanCode=0, metaState=0, flags=0x8, repeatCount=0, eventTime=4953784, downTime=4953784, deviceId=-1, source=0x101 }
04-10 03:26:52.594 I/ActivityManager(  278): START u0 {flg=0x10000000 cmp=com.tencent.wstt.gt/.activity.GTShowPackageActivity} from pid 1546
04-10 03:26:52.634 W/ViewRootImpl( 1546): Dropping event due to root view being removed: MotionEvent { action=ACTION_UP, id[0]=0, x[0]=127.313416, y[0]=1093.9565, toolType[0]=TOOL_TYPE_UNKNOWN, buttonState=0, metaState=0, flags=0x0, edgeFlags=0x0, pointerCount=1, historySize=0, eventTime=4954022, downTime=4954014, deviceId=0, source=0x1002 }
04-10 03:26:52.634 W/ViewRootImpl( 1546): Dropping event due to root view being removed: MotionEvent { action=ACTION_DOWN, id[0]=0, x[0]=137.0, y[0]=1061.0, toolType[0]=TOOL_TYPE_UNKNOWN, buttonState=0, metaState=0, flags=0x0, edgeFlags=0x0, pointerCount=1, historySize=0, eventTime=4954024, downTime=4954024, deviceId=0, source=0x1002 }
04-10 03:26:52.634 W/ViewRootImpl( 1546): Dropping event due to root view being removed: MotionEvent { action=ACTION_UP, id[0]=0, x[0]=144.98407, y[0]=1045.88, toolType[0]=TOOL_TYPE_UNKNOWN, buttonState=0, metaState=0, flags=0x0, edgeFlags=0x0, pointerCount=1, historySize=0, eventTime=4954025, downTime=4954024, deviceId=0, source=0x1002 }
04-10 03:26:52.634 D/Sensors (  278): Client connection accepted (181)
04-10 03:26:52.724 W/ViewRootImpl( 1546): Dropping event due to no window focus: KeyEvent { action=ACTION_DOWN, keyCode=KEYCODE_ESCAPE, scanCode=0, metaState=0, flags=0x8, repeatCount=0, eventTime=4954026, downTime=4954026, deviceId=-1, source=0x101 }
04-10 03:26:52.744 W/ViewRootImpl( 1546): Dropping event due to no window focus: KeyEvent { action=ACTION_DOWN, keyCode=KEYCODE_BACK, scanCode=0, metaState=0, flags=0x8, repeatCount=0, eventTime=4954026, downTime=4954026, deviceId=-1, source=0x101 }
04-10 03:26:53.874 W/ViewRootImpl( 1546): Dropping event due to no window focus: KeyEvent { action=ACTION_DOWN, keyCode=KEYCODE_POUND, scanCode=0, metaState=0, flags=0x8, repeatCount=0, eventTime=4955155, downTime=4955155, deviceId=-1, source=0x101 }
04-10 03:26:53.894 W/ViewRootImpl( 1546): Dropping event due to no window focus: MotionEvent { action=ACTION_MOVE, id[0]=0, x[0]=-3.0, y[0]=3.0, toolType[0]=TOOL_TYPE_UNKNOWN, buttonState=0, metaState=0, flags=0x0, edgeFlags=0x0, pointerCount=1, historySize=9, eventTime=4955318, downTime=-1, deviceId=0, source=0x10004 }
04-10 03:26:54.014 W/ViewRootImpl( 1546): Dropping event due to no window focus: MotionEvent { action=ACTION_DOWN, id[0]=0, x[0]=0.0, y[0]=0.0, toolType[0]=TOOL_TYPE_UNKNOWN, buttonState=0, metaState=0, flags=0x0, edgeFlags=0x0, pointerCount=1, historySize=0, eventTime=4955320, downTime=4955309, deviceId=0, source=0x10004 }
04-10 03:26:54.034 W/ViewRootImpl( 1546): Dropping event due to no window focus: KeyEvent { action=ACTION_DOWN, keyCode=KEYCODE_DPAD_RIGHT, scanCode=0, metaState=0, flags=0x8, repeatCount=0, eventTime=4955341, downTime=4955341, deviceId=-1, source=0x101 }
04-10 03:26:54.034 W/ViewRootImpl( 1546): Dropping event due to no window focus: KeyEvent { action=ACTION_DOWN, keyCode=KEYCODE_DPAD_DOWN, scanCode=0, metaState=0, flags=0x8, repeatCount=0, eventTime=4955473, downTime=4955473, deviceId=-1, source=0x101 }
04-10 03:26:54.054 W/ContextImpl(  278): Calling a method in the system process without a qualified user: android.app.ContextImpl.sendBroadcast:1123 com.android.server.InputMethodManagerService.hideCurrentInputLocked:1880 com.android.server.InputMethodManagerService.windowGainedFocus:1968 com.android.internal.view.IInputMethodManager$Stub.onTransact:221 com.android.server.InputMethodManagerService.onTransact:818 
04-10 03:26:54.324 W/ViewRootImpl( 1546): Dropping event due to no window focus: MotionEvent { action=ACTION_MOVE, id[0]=0, x[0]=4.0, y[0]=-2.0, toolType[0]=TOOL_TYPE_UNKNOWN, buttonState=0, metaState=0, flags=0x0, edgeFlags=0x0, pointerCount=1, historySize=9, eventTime=4955757, downTime=-1, deviceId=0, source=0x10004 }
04-10 03:26:54.464 W/ViewRootImpl( 1546): Dropping event due to no window focus: KeyEvent { action=ACTION_DOWN, keyCode=KEYCODE_DPAD_LEFT, scanCode=0, metaState=0, flags=0x8, repeatCount=0, eventTime=4955758, downTime=4955758, deviceId=-1, source=0x101 }
04-10 03:26:54.524 W/ContextImpl(  278): Calling a method in the system process without a qualified user: android.app.ContextImpl.sendBroadcast:1123 com.android.server.InputMethodManagerService.hideCurrentInputLocked:1880 com.android.server.InputMethodManagerService.windowGainedFocus:1968 com.android.internal.view.IInputMethodManager$Stub.onTransact:221 com.android.server.InputMethodManagerService.onTransact:818 
04-10 03:26:54.924 I/ActivityManager(  278): START u0 {act=android.intent.action.MAIN cat=[android.intent.category.HOME] flg=0x10200000 cmp=com.vphone.launcher/.Launcher} from pid 278
04-10 03:26:55.394 W/InputManager(  278): Input event injection from pid 2461 failed.
04-10 03:26:55.394 W/InputManager(  278): Input event injection from pid 2461 failed.
04-10 03:26:55.394 W/InputManager(  278): Input event injection from pid 2461 failed.
04-10 03:26:55.444 W/ContextImpl(  449): Calling a method in the system process without a qualified user: android.app.ContextImpl.startService:1492 android.content.ContextWrapper.startService:494 com.vphone.launcher.Launcher.g:677 com.vphone.launcher.Launcher.a:176 com.vphone.launcher.Launcher$11.run:633 
04-10 03:26:55.744 W/ViewRootImpl(  449): Dropping event due to no window focus: KeyEvent { action=ACTION_DOWN, keyCode=KEYCODE_WINDOW, scanCode=0, metaState=0, flags=0x8, repeatCount=0, eventTime=4956842, downTime=4956842, deviceId=-1, source=0x101 }
04-10 03:26:56.094 W/ViewRootImpl(  449): Dropping event due to no window focus: KeyEvent { action=ACTION_DOWN, keyCode=KEYCODE_F9, scanCode=0, metaState=0, flags=0x8, repeatCount=0, eventTime=4957198, downTime=4957198, deviceId=-1, source=0x101 }
04-10 03:26:56.114 W/ContextImpl(  278): Calling a method in the system process without a qualified user: android.app.ContextImpl.sendBroadcast:1123 com.android.server.InputMethodManagerService.hideCurrentInputLocked:1880 com.android.server.InputMethodManagerService.windowGainedFocus:1968 com.android.internal.view.IInputMethodManager$Stub.onTransact:221 com.android.server.InputMethodManagerService.onTransact:818 
04-10 03:26:56.294 I/ActivityManager(  278): START u0 {act=android.intent.action.MAIN cat=[android.intent.category.LAUNCHER] flg=0x10200000 cmp=com.android.contacts/.activities.PeopleActivity} from pid 2461
04-10 03:26:57.144 W/ViewRootImpl( 2174): Dropping event due to no window focus: KeyEvent { action=ACTION_DOWN, keyCode=KEYCODE_DPAD_DOWN, scanCode=0, metaState=0, flags=0x8, repeatCount=0, eventTime=4957783, downTime=4957783, deviceId=-1, source=0x101 }
04-10 03:26:57.144 W/ViewRootImpl( 2174): Dropping event due to no window focus: KeyEvent { action=ACTION_DOWN, keyCode=KEYCODE_BUTTON_THUMBR, scanCode=0, metaState=0, flags=0x8, repeatCount=0, eventTime=4958583, downTime=4958583, deviceId=-1, source=0x101 }
04-10 03:26:57.144 W/ViewRootImpl( 2174): Dropping event due to no window focus: KeyEvent { action=ACTION_DOWN, keyCode=KEYCODE_DPAD_CENTER, scanCode=0, metaState=0, flags=0x8, repeatCount=0, eventTime=4958583, downTime=4958583, deviceId=-1, source=0x101 }
04-10 03:26:57.164 W/ViewRootImpl( 2174): Dropping event due to no window focus: MotionEvent { action=ACTION_MOVE, id[0]=0, x[0]=-2.0, y[0]=-3.0, toolType[0]=TOOL_TYPE_UNKNOWN, buttonState=0, metaState=0, flags=0x0, edgeFlags=0x0, pointerCount=1, historySize=3, eventTime=4958592, downTime=-1, deviceId=0, source=0x10004 }
04-10 03:26:57.714 D/Sensors (  278): Client connection accepted (206)
04-10 03:26:58.064 W/ContextImpl(  278): Calling a method in the system process without a qualified user: android.app.ContextImpl.sendBroadcast:1123 com.android.server.InputMethodManagerService.hideCurrentInputLocked:1880 com.android.server.InputMethodManagerService.windowGainedFocus:1968 com.android.internal.view.IInputMethodManager$Stub.onTransact:221 com.android.server.InputMethodManagerService.onTransact:818 
04-10 03:26:58.434 I/ActivityManager(  278): Config changes=480 {1.0 460mcc2mnc zh_CN ldltr sw480dp w853dp h454dp 240dpi lrg long land finger qwerty/v/v dpad/v s.19}
04-10 03:26:58.624 W/InputMethodManagerService(  278): Starting input on non-focused client com.android.internal.view.IInputMethodClient$Stub$Proxy@4a85f6a8 (uid=10012 pid=2231)
04-10 03:26:59.054 W/ContextImpl(  278): Calling a method in the system process without a qualified user: android.app.ContextImpl.sendBroadcast:1123 com.android.server.InputMethodManagerService.hideCurrentInputLocked:1880 com.android.server.InputMethodManagerService.windowGainedFocus:1968 com.android.internal.view.IInputMethodManager$Stub.onTransact:221 com.android.server.InputMethodManagerService.onTransact:818 
04-10 03:26:59.124 I/WindowManager(  278): Screen frozen for +922ms due to Window{4a8746c0 u0 StatusBar}
04-10 03:26:59.264 W/InputMethodManagerService(  278): Starting input on non-focused client com.android.internal.view.IInputMethodClient$Stub$Proxy@4a85c730 (uid=10002 pid=2174)
04-10 03:26:59.474 W/ContextImpl(  449): Calling a method in the system process without a qualified user: android.app.ContextImpl.startService:1492 android.content.ContextWrapper.startService:494 com.vphone.launcher.Launcher.g:677 com.vphone.launcher.Launcher.a:176 com.vphone.launcher.Launcher$11.run:633 
04-10 03:26:59.794 W/ViewRootImpl(  449): Dropping event due to no window focus: KeyEvent { action=ACTION_DOWN, keyCode=KEYCODE_BACK, scanCode=158, metaState=0, flags=0x8, repeatCount=0, eventTime=4959347, downTime=4959347, deviceId=-1, source=0x101 }
04-10 03:26:59.984 W/ContextImpl(  278): Calling a method in the system process without a qualified user: android.app.ContextImpl.sendBroadcast:1123 com.android.server.InputMethodManagerService.hideCurrentInputLocked:1880 com.android.server.InputMethodManagerService.windowGainedFocus:1968 com.android.internal.view.IInputMethodManager$Stub.onTransact:221 com.android.server.InputMethodManagerService.onTransact:818 
04-10 03:27:00.584 D/Sensors (  278): Client connection accepted (173)
04-10 03:27:02.484 I/ActivityManager(  278): START u0 {act=android.intent.action.MAIN cat=[android.intent.category.LAUNCHER] flg=0x10200000 cmp=com.cyanogenmod.filemanager/.activities.NavigationActivity bnds=[120,612][328,720] (has extras)} from pid 449
04-10 03:27:02.514 W/ContextImpl(  449): Calling a method in the system process without a qualified user: android.app.ContextImpl.sendBroadcast:1137 android.content.ContextWrapper.sendBroadcast:370 com.vphone.launcher.Stats.recordLaunch:129 com.vphone.launcher.Launcher.c:3179 com.vphone.launcher.Launcher.onClickAppShortcut:3117 
04-10 03:27:02.634 I/ActivityManager(  278): Start proc com.cyanogenmod.filemanager for activity com.cyanogenmod.filemanager/.activities.NavigationActivity: pid=2784 uid=10013 gids={50013, 1028, 1015, 1023}
04-10 03:27:04.154 W/ViewRootImpl( 2784): Dropping event due to no window focus: KeyEvent { action=ACTION_DOWN, keyCode=KEYCODE_DPAD_DOWN, scanCode=0, metaState=0, flags=0x8, repeatCount=0, eventTime=4963891, downTime=4963891, deviceId=-1, source=0x101 }
04-10 03:27:04.414 W/ViewRootImpl( 2784): Dropping event due to no window focus: KeyEvent { action=ACTION_DOWN, keyCode=KEYCODE_BACK, scanCode=158, metaState=0, flags=0x8, repeatCount=0, eventTime=4964784, downTime=4964784, deviceId=-1, source=0x101 }
04-10 03:27:04.904 W/ViewRootImpl( 2784): Dropping event due to no window focus: KeyEvent { action=ACTION_DOWN, keyCode=KEYCODE_BACK, scanCode=158, metaState=0, flags=0x8, repeatCount=0, eventTime=4964838, downTime=4964838, deviceId=-1, source=0x101 }
04-10 03:27:04.914 W/ViewRootImpl( 2784): Dropping event due to no window focus: KeyEvent { action=ACTION_DOWN, keyCode=KEYCODE_BACK, scanCode=158, metaState=0, flags=0x8, repeatCount=0, eventTime=4964840, downTime=4964840, deviceId=-1, source=0x101 }
04-10 03:27:05.294 W/InputMethodManagerService(  278): Focus gain on non-focused client com.android.internal.view.IInputMethodClient$Stub$Proxy@4ab2e7a4 (uid=10013 pid=2784)
04-10 03:27:05.374 W/InputMethodManagerService(  278): Window already focused, ignoring focus gain of: com.android.internal.view.IInputMethodClient$Stub$Proxy@4ac22210 attribute=android.view.inputmethod.EditorInfo@4ad27588, token = android.os.BinderProxy@4a89cb60
04-10 03:27:12.084 I/ActivityManager(  278): START u0 {act=android.intent.action.MAIN cat=[android.intent.category.HOME] flg=0x10200000 cmp=com.vphone.launcher/.Launcher} from pid 278
04-10 03:27:12.154 W/ContextImpl(  278): Calling a method in the system process without a qualified user: android.app.ContextImpl.sendBroadcast:1123 com.android.server.InputMethodManagerService.hideCurrentInputLocked:1880 com.android.server.InputMethodManagerService.hideSoftInput:1843 com.android.internal.view.IInputMethodManager$Stub.onTransact:194 com.android.server.InputMethodManagerService.onTransact:818 
04-10 03:27:12.534 I/ActivityManager(  278): START u0 {act=android.intent.action.MAIN cat=[android.intent.category.LAUNCHER] flg=0x10200000 cmp=com.bignox.app.store.hd/.StoreActivity bnds=[113,173][324,299] (has extras)} from pid 449
04-10 03:27:12.554 W/ContextImpl(  449): Calling a method in the system process without a qualified user: android.app.ContextImpl.sendBroadcast:1137 android.content.ContextWrapper.sendBroadcast:370 com.vphone.launcher.Stats.recordLaunch:129 com.vphone.launcher.Launcher.c:3179 com.vphone.launcher.Launcher.onClickAppShortcut:3117 
04-10 03:27:12.574 W/InputManager(  278): Input event injection from pid 2461 failed.
04-10 03:27:12.634 W/InputManager(  278): Input event injection from pid 2461 failed.
04-10 03:27:12.634 W/InputManager(  278): Input event injection from pid 2461 failed.
04-10 03:27:12.984 I/ActivityManager(  278): START u0 {cmp=com.vphone.launcher/.game.AdDetailActivity (has extras)} from pid 449
04-10 03:27:13.964 W/ViewRootImpl(  694): Dropping event due to no window focus: MotionEvent { action=ACTION_MOVE, id[0]=0, x[0]=1.0, y[0]=-5.0, toolType[0]=TOOL_TYPE_UNKNOWN, buttonState=0, metaState=0, flags=0x0, edgeFlags=0x0, pointerCount=1, historySize=9, eventTime=4974435, downTime=-1, deviceId=0, source=0x10004 }
04-10 03:27:13.964 W/ViewRootImpl(  694): Dropping event due to no window focus: KeyEvent { action=ACTION_DOWN, keyCode=KEYCODE_DPAD_DOWN, scanCode=0, metaState=0, flags=0x8, repeatCount=0, eventTime=4974435, downTime=4974435, deviceId=-1, source=0x101 }
04-10 03:27:14.024 I/WindowManager(  278): Screenshot max retries 4 of Token{4ab2eb90 ActivityRecord{4a8d41c8 u0 com.bignox.app.store.hd/.StoreActivity t6}} appWin=Window{4ab198d8 u0 com.bignox.app.store.hd/com.bignox.app.store.hd.StoreActivity} drawState=1
04-10 03:27:14.024 W/WindowManager(  278): Screenshot failure taking screenshot for (1280x720) to layer 21050
04-10 03:27:14.424 W/ContextImpl(  278): Calling a method in the system process without a qualified user: android.app.ContextImpl.sendBroadcast:1123 com.android.server.InputMethodManagerService.hideCurrentInputLocked:1880 com.android.server.InputMethodManagerService.windowGainedFocus:1968 com.android.internal.view.IInputMethodManager$Stub.onTransact:221 com.android.server.InputMethodManagerService.onTransact:818 
04-10 03:27:15.224 W/InputManager(  278): Input event injection from pid 2461 failed.
04-10 03:27:15.914 W/ViewRootImpl(  694): Dropping event due to no window focus: KeyEvent { action=ACTION_DOWN, keyCode=KEYCODE_DPAD_UP, scanCode=0, metaState=0, flags=0x400, repeatCount=0, eventTime=4977283, downTime=4977283, deviceId=-1, source=0x101 }
04-10 03:27:15.914 W/ViewRootImpl(  694): Dropping event due to no window focus: KeyEvent { action=ACTION_DOWN, keyCode=KEYCODE_DPAD_UP, scanCode=0, metaState=0, flags=0x400, repeatCount=0, eventTime=4977283, downTime=4977283, deviceId=-1, source=0x101 }
04-10 03:27:15.914 W/ViewRootImpl(  694): Dropping event due to no window focus: KeyEvent { action=ACTION_DOWN, keyCode=KEYCODE_DPAD_UP, scanCode=0, metaState=0, flags=0x400, repeatCount=0, eventTime=4977283, downTime=4977283, deviceId=-1, source=0x101 }
04-10 03:27:15.914 W/ViewRootImpl(  694): Dropping event due to no window focus: KeyEvent { action=ACTION_DOWN, keyCode=KEYCODE_DPAD_UP, scanCode=0, metaState=0, flags=0x400, repeatCount=0, eventTime=4977283, downTime=4977283, deviceId=-1, source=0x101 }
